Component: ARM Compiler 5.05 update 2 (build 169) Tool: armlink [4d0f33]

==============================================================================

Section Cross References

    main.o(.text) refers to initialization.o(.text) for Initialization
    led.o(.text) refers to stm32f4xx_rcc.o(.text) for RCC_AHB1PeriphClockCmd
    led.o(.text) refers to stm32f4xx_gpio.o(.text) for GPIO_Init
    timer.o(.text) refers to stm32f4xx_rcc.o(.text) for RCC_APB1PeriphClockCmd
    timer.o(.text) refers to stm32f4xx_tim.o(.text) for TIM_ARRPreloadConfig
    timer.o(.text) refers to stm32f4xx_gpio.o(.text) for GPIO_ToggleBits
    can1.o(.text) refers to stm32f4xx_rcc.o(.text) for RCC_AHB1PeriphClockCmd
    can1.o(.text) refers to stm32f4xx_gpio.o(.text) for GPIO_PinAFConfig
    can1.o(.text) refers to stm32f4xx_can.o(.text) for CAN_DeInit
    can2.o(.text) refers to stm32f4xx_rcc.o(.text) for RCC_AHB1PeriphClockCmd
    can2.o(.text) refers to stm32f4xx_gpio.o(.text) for GPIO_PinAFConfig
    can2.o(.text) refers to nvic.o(.text) for NVIC_Set
    can2.o(.text) refers to stm32f4xx_can.o(.text) for CAN_DeInit
    can2.o(.text) refers to can2.o(.data) for can2_tx_success_flag
    usart3.o(.text) refers to stm32f4xx_rcc.o(.text) for RCC_AHB1PeriphClockCmd
    usart3.o(.text) refers to stm32f4xx_gpio.o(.text) for GPIO_PinAFConfig
    usart3.o(.text) refers to stm32f4xx_usart.o(.text) for USART_Init
    usart3.o(.text) refers to nvic.o(.text) for NVIC_Set
    usart3.o(.text) refers to stm32f4xx_dma.o(.text) for DMA_DeInit
    usart3.o(.text) refers to usart3.o(.data) for USART_RX_BUF
    usart1.o(.text) refers to stm32f4xx_rcc.o(.text) for RCC_AHB1PeriphClockCmd
    usart1.o(.text) refers to stm32f4xx_gpio.o(.text) for GPIO_PinAFConfig
    usart1.o(.text) refers to stm32f4xx_usart.o(.text) for USART_DeInit
    usart1.o(.text) refers to nvic.o(.text) for NVIC_Set
    usart1.o(.text) refers to stm32f4xx_dma.o(.text) for DMA_DeInit
    usart1.o(.text) refers to dbus.o(.text) for DBUS_Dec
    usart1.o(.text) refers to usart1.o(.bss) for dbus_buf
    chassis_control.o(.text) refers to pid_algorithm.o(.text) for Velocity_Control_820R
    chassis_control.o(.text) refers to can2.o(.text) for Cmd_ESC_820R
    chassis_control.o(.text) refers to chassis_control.o(.data) for RM3510_1
    pid_algorithm.o(.text) refers to f2d.o(.text) for __aeabi_f2d
    pid_algorithm.o(.text) refers to cdrcmple.o(.text) for __aeabi_cdrcmple
    pid_algorithm.o(.text) refers to cdcmple.o(.text) for __aeabi_cdcmple
    pid_algorithm.o(.text) refers to pid_algorithm.o(.data) for error_l
    initialization.o(.text) refers to system_stm32f4xx.o(.text) for SystemInit
    initialization.o(.text) refers to misc.o(.text) for NVIC_PriorityGroupConfig
    initialization.o(.text) refers to led.o(.text) for Led_Configuration
    initialization.o(.text) refers to laser.o(.text) for Laser_Configuration
    initialization.o(.text) refers to usart1.o(.text) for USART1_Config
    initialization.o(.text) refers to usart3.o(.text) for USART3_Configuration
    initialization.o(.text) refers to timer.o(.text) for TIM2_Configuration
    initialization.o(.text) refers to can1.o(.text) for CAN1_Configuration
    initialization.o(.text) refers to can2.o(.text) for CAN2_Configuration
    initialization.o(.text) refers to delay.o(.text) for delay_ms
    initialization.o(.text) refers to stm32f4xx_gpio.o(.text) for GPIO_ToggleBits
    initialization.o(.text) refers to mpu6050_hmc5883l_driver.o(.text) for MPU6050_Initialization
    initialization.o(.text) refers to mpu6050_hmc5883l_interrupt.o(.text) for MPU6050_HMC5883L_Interrupt_Configuration
    nvic.o(.text) refers to misc.o(.text) for NVIC_Init
    laser.o(.text) refers to stm32f4xx_rcc.o(.text) for RCC_AHB1PeriphClockCmd
    laser.o(.text) refers to stm32f4xx_gpio.o(.text) for GPIO_Init
    stm32f4xx_tim.o(.text) refers to stm32f4xx_rcc.o(.text) for RCC_APB2PeriphResetCmd
    stm32f4xx_adc.o(.text) refers to stm32f4xx_rcc.o(.text) for RCC_APB2PeriphResetCmd
    stm32f4xx_rcc.o(.text) refers to stm32f4xx_rcc.o(.data) for APBAHBPrescTable
    stm32f4xx_can.o(.text) refers to stm32f4xx_rcc.o(.text) for RCC_APB1PeriphResetCmd
    stm32f4xx_gpio.o(.text) refers to stm32f4xx_rcc.o(.text) for RCC_AHB1PeriphResetCmd
    stm32f4xx_usart.o(.text) refers to stm32f4xx_rcc.o(.text) for RCC_APB2PeriphResetCmd
    stm32f4xx_syscfg.o(.text) refers to stm32f4xx_rcc.o(.text) for RCC_APB2PeriphResetCmd
    system_stm32f4xx.o(.text) refers to system_stm32f4xx.o(.data) for SystemCoreClock
    startup_stm32f4xx.o(RESET) refers to startup_stm32f4xx.o(STACK) for __initial_sp
    startup_stm32f4xx.o(RESET) refers to startup_stm32f4xx.o(.text) for Reset_Handler
    startup_stm32f4xx.o(RESET) refers to stm32f4xx_it.o(.text) for NMI_Handler
    startup_stm32f4xx.o(RESET) refers to mpu6050_hmc5883l_interrupt.o(.text) for EXTI3_IRQHandler
    startup_stm32f4xx.o(RESET) refers to usart3.o(.text) for DMA1_Stream1_IRQHandler
[...]
    ../clib/microlib/init/entry.s            0x00000000   Number         0  entry7b.o ABSOLUTE
    ../clib/microlib/init/entry.s            0x00000000   Number         0  entry9b.o ABSOLUTE
    ../clib/microlib/init/entry.s            0x00000000   Number         0  entry10a.o ABSOLUTE
    ../clib/microlib/init/entry.s            0x00000000   Number         0  entry2.o ABSOLUTE
    ../clib/microlib/init/entry.s            0x00000000   Number         0  entry5.o ABSOLUTE
    ../clib/microlib/init/entry.s            0x00000000   Number         0  entry10b.o ABSOLUTE
    ../clib/microlib/init/entry.s            0x00000000   Number         0  entry11a.o ABSOLUTE
    ../clib/microlib/init/entry.s            0x00000000   Number         0  entry9a.o ABSOLUTE
    ../clib/microlib/init/entry.s            0x00000000   Number         0  entry.o ABSOLUTE
    ../clib/microlib/init/entry.s            0x00000000   Number         0  entry11b.o ABSOLUTE
    ../clib/microlib/init/entry.s            0x00000000   Number         0  entry8b.o ABSOLUTE
    ../clib/microlib/init/entry.s            0x00000000   Number         0  entry8a.o ABSOLUTE
    ../clib/microlib/longlong.c              0x00000000   Number         0  llushr.o ABSOLUTE
    ../clib/microlib/longlong.c              0x00000000   Number         0  llshl.o ABSOLUTE
    ../clib/microlib/longlong.c              0x00000000   Number         0  llsshr.o ABSOLUTE
    ../clib/microlib/printf/printf.c         0x00000000   Number         0  printf3.o ABSOLUTE
    ../clib/microlib/printf/printf.c         0x00000000   Number         0  printf5.o ABSOLUTE
    ../clib/microlib/printf/printf.c         0x00000000   Number         0  printfb.o ABSOLUTE
    ../clib/microlib/printf/printf.c         0x00000000   Number         0  printf1.o ABSOLUTE
    ../clib/microlib/printf/printf.c         0x00000000   Number         0  printf7.o ABSOLUTE
    ../clib/microlib/printf/printf.c         0x00000000   Number         0  printf8.o ABSOLUTE
    ../clib/microlib/printf/printf.c         0x00000000   Number         0  printfa.o ABSOLUTE
    ../clib/microlib/printf/printf.c         0x00000000   Number         0  printf4.o ABSOLUTE
    ../clib/microlib/printf/printf.c         0x00000000   Number         0  printf6.o ABSOLUTE
    ../clib/microlib/printf/printf.c         0x00000000   Number         0  printf0.o ABSOLUTE
    ../clib/microlib/printf/printf.c         0x00000000   Number         0  printf2.o ABSOLUTE
    ../clib/microlib/stdio/streams.c         0x00000000   Number         0  stdout.o ABSOLUTE
    ../clib/microlib/string/memcpy.c         0x00000000   Number         0  memcpya.o ABSOLUTE
    ../clib/microlib/string/memcpy.c         0x00000000   Number         0  memcpyb.o ABSOLUTE
    ../clib/microlib/stubs.s                 0x00000000   Number         0  iusefp.o ABSOLUTE
    ../fplib/microlib/d2f.c                  0x00000000   Number         0  d2f.o ABSOLUTE
    ../fplib/microlib/f2d.c                  0x00000000   Number         0  f2d.o ABSOLUTE
    ../fplib/microlib/fpadd.c                0x00000000   Number         0  dadd.o ABSOLUTE
    ../fplib/microlib/fpdiv.c                0x00000000   Number         0  ddiv.o ABSOLUTE
    ../fplib/microlib/fpepilogue.c           0x00000000   Number         0  fepilogue.o ABSOLUTE
    ../fplib/microlib/fpepilogue.c           0x00000000   Number         0  depilogue.o ABSOLUTE
    ../fplib/microlib/fpfix.c                0x00000000   Number         0  dfixi.o ABSOLUTE
    ../fplib/microlib/fpfix.c                0x00000000   Number         0  dfixul.o ABSOLUTE
    ../fplib/microlib/fpflt.c                0x00000000   Number         0  dflti.o ABSOLUTE
    ../fplib/microlib/fpflt.c                0x00000000   Number         0  dfltui.o ABSOLUTE
    ../fplib/microlib/fpmul.c                0x00000000   Number         0  dmul.o ABSOLUTE
    ../fplib/microlib/fpneg.c                0x00000000   Number         0  dneg.o ABSOLUTE
    ../fplib/microlib/fpsqrt.c               0x00000000   Number         0  dsqrt.o ABSOLUTE
    ../mathlib/asin.c                        0x00000000   Number         0  asin_x.o ABSOLUTE
    ../mathlib/asin.c                        0x00000000   Number         0  asin.o ABSOLUTE
    ../mathlib/atan.c                        0x00000000   Number         0  atan.o ABSOLUTE
    ../mathlib/atan.c                        0x00000000   Number         0  atan_x.o ABSOLUTE
    ../mathlib/atan2.c                       0x00000000   Number         0  atan2.o ABSOLUTE
    ../mathlib/atan2.c                       0x00000000   Number         0  atan2_x.o ABSOLUTE
    ../mathlib/cos.c                         0x00000000   Number         0  cos_x.o ABSOLUTE
    ../mathlib/cos.c                         0x00000000   Number         0  cos.o ABSOLUTE
    ../mathlib/cos_i.c                       0x00000000   Number         0  cos_i.o ABSOLUTE
    ../mathlib/dunder.c                      0x00000000   Number         0  dunder.o ABSOLUTE
    ../mathlib/fabs.c                        0x00000000   Number         0  fabs.o ABSOLUTE
    ../mathlib/fpclassify.c                  0x00000000   Number         0  fpclassify.o ABSOLUTE
    ../mathlib/poly.c                        0x00000000   Number         0  poly.o ABSOLUTE
    ../mathlib/qnan.c                        0x00000000   Number         0  qnan.o ABSOLUTE
    ../mathlib/rred.c                        0x00000000   Number         0  rred.o ABSOLUTE
    ../mathlib/sin.c                         0x00000000   Number         0  sin_x.o ABSOLUTE
    ../mathlib/sin.c                         0x00000000   Number         0  sin.o ABSOLUTE
    ../mathlib/sin_i.c                       0x00000000   Number         0  sin_i.o ABSOLUTE
    ../mathlib/sin_i.c                       0x00000000   Number         0  sin_i_x.o ABSOLUTE
    ../mathlib/sqrt.c                        0x00000000   Number         0  sqrt.o ABSOLUTE
    ../mathlib/sqrt.c                        0x00000000   Number         0  sqrt_x.o ABSOLUTE
    ..\Libraries\misc.c                      0x00000000   Number         0  misc.o ABSOLUTE
    ..\Libraries\startup_stm32f4xx.s         0x00000000   Number         0  startup_stm32f4xx.o ABSOLUTE
    ..\Libraries\stm32f4xx_adc.c             0x00000000   Number         0  stm32f4xx_adc.o ABSOLUTE
    ..\Libraries\stm32f4xx_can.c             0x00000000   Number         0  stm32f4xx_can.o ABSOLUTE
    ..\Libraries\stm32f4xx_dma.c             0x00000000   Number         0  stm32f4xx_dma.o ABSOLUTE
    ..\Libraries\stm32f4xx_exti.c            0x00000000   Number         0  stm32f4xx_exti.o ABSOLUTE
    ..\Libraries\stm32f4xx_gpio.c            0x00000000   Number         0  stm32f4xx_gpio.o ABSOLUTE
    ..\Libraries\stm32f4xx_i2c.c             0x00000000   Number         0  stm32f4xx_i2c.o ABSOLUTE
    ..\Libraries\stm32f4xx_rcc.c             0x00000000   Number         0  stm32f4xx_rcc.o ABSOLUTE
    ..\Libraries\stm32f4xx_syscfg.c          0x00000000   Number         0  stm32f4xx_syscfg.o ABSOLUTE
    ..\Libraries\stm32f4xx_tim.c             0x00000000   Number         0  stm32f4xx_tim.o ABSOLUTE
    ..\Libraries\stm32f4xx_usart.c           0x00000000   Number         0  stm32f4xx_usart.o ABSOLUTE
    ..\Libraries\system_stm32f4xx.c          0x00000000   Number         0  system_stm32f4xx.o ABSOLUTE
    ..\MPU6050_HMC5883L\mpu6050_hmc5883l_driver.c 0x00000000   Number         0  mpu6050_hmc5883l_driver.o ABSOLUTE
    ..\MPU6050_HMC5883L\mpu6050_hmc5883l_i2c.c 0x00000000   Number         0  mpu6050_hmc5883l_i2c.o ABSOLUTE
    ..\MPU6050_HMC5883L\mpu6050_hmc5883l_interrupt.c 0x00000000   Number         0  mpu6050_hmc5883l_interrupt.o ABSOLUTE
    ..\MPU6050_HMC5883L\mpu6050_hmc5883l_process.c 0x00000000   Number         0  mpu6050_hmc5883l_process.o ABSOLUTE
    ..\Mylib\can1.c                          0x00000000   Number         0  can1.o ABSOLUTE
    ..\Mylib\can2.c                          0x00000000   Number         0  can2.o ABSOLUTE
    ..\Mylib\chassis_control.c               0x00000000   Number         0  chassis_control.o ABSOLUTE
    ..\Mylib\dbus.c                          0x00000000   Number         0  dbus.o ABSOLUTE
    ..\Mylib\delay.c                         0x00000000   Number         0  delay.o ABSOLUTE
    ..\Mylib\initialization.c                0x00000000   Number         0  initialization.o ABSOLUTE
    ..\Mylib\laser.c                         0x00000000   Number         0  laser.o ABSOLUTE
    ..\Mylib\led.c                           0x00000000   Number         0  led.o ABSOLUTE
    ..\Mylib\nvic.c                          0x00000000   Number         0  nvic.o ABSOLUTE
    ..\Mylib\pid_algorithm.c                 0x00000000   Number         0  pid_algorithm.o ABSOLUTE
    ..\Mylib\sdbus.c                         0x00000000   Number         0  sdbus.o ABSOLUTE
    ..\Mylib\timer.c                         0x00000000   Number         0  timer.o ABSOLUTE
    ..\Mylib\usart1.c                        0x00000000   Number         0  usart1.o ABSOLUTE
    ..\Mylib\usart3.c                        0x00000000   Number         0  usart3.o ABSOLUTE
    ..\User\main.c                           0x00000000   Number         0  main.o ABSOLUTE
    ..\User\stm32f4xx_it.c                   0x00000000   Number         0  stm32f4xx_it.o ABSOLUTE
    ..\\Libraries\\misc.c                    0x00000000   Number         0  misc.o ABSOLUTE
    ..\\Libraries\\stm32f4xx_adc.c           0x00000000   Number         0  stm32f4xx_adc.o ABSOLUTE
    ..\\Libraries\\stm32f4xx_can.c           0x00000000   Number         0  stm32f4xx_can.o ABSOLUTE
    ..\\Libraries\\stm32f4xx_dma.c           0x00000000   Number         0  stm32f4xx_dma.o ABSOLUTE
    ..\\Libraries\\stm32f4xx_exti.c          0x00000000   Number         0  stm32f4xx_exti.o ABSOLUTE
    ..\\Libraries\\stm32f4xx_gpio.c          0x00000000   Number         0  stm32f4xx_gpio.o ABSOLUTE
    ..\\Libraries\\stm32f4xx_i2c.c           0x00000000   Number         0  stm32f4xx_i2c.o ABSOLUTE
    ..\\Libraries\\stm32f4xx_rcc.c           0x00000000   Number         0  stm32f4xx_rcc.o ABSOLUTE
    ..\\Libraries\\stm32f4xx_syscfg.c        0x00000000   Number         0  stm32f4xx_syscfg.o ABSOLUTE
    ..\\Libraries\\stm32f4xx_tim.c           0x00000000   Number         0  stm32f4xx_tim.o ABSOLUTE
    ..\\Libraries\\stm32f4xx_usart.c         0x00000000   Number         0  stm32f4xx_usart.o ABSOLUTE
    ..\\Libraries\\system_stm32f4xx.c        0x00000000   Number         0  system_stm32f4xx.o ABSOLUTE
    ..\\MPU6050_HMC5883L\\mpu6050_hmc5883l_driver.c 0x00000000   Number         0  mpu6050_hmc5883l_driver.o ABSOLUTE
    ..\\MPU6050_HMC5883L\\mpu6050_hmc5883l_i2c.c 0x00000000   Number         0  mpu6050_hmc5883l_i2c.o ABSOLUTE
    ..\\MPU6050_HMC5883L\\mpu6050_hmc5883l_interrupt.c 0x00000000   Number         0  mpu6050_hmc5883l_interrupt.o ABSOLUTE
    ..\\MPU6050_HMC5883L\\mpu6050_hmc5883l_process.c 0x00000000   Number         0  mpu6050_hmc5883l_process.o ABSOLUTE
    ..\\Mylib\\can1.c                        0x00000000   Number         0  can1.o ABSOLUTE
    ..\\Mylib\\can2.c                        0x00000000   Number         0  can2.o ABSOLUTE
    ..\\Mylib\\chassis_control.c             0x00000000   Number         0  chassis_control.o ABSOLUTE
    ..\\Mylib\\dbus.c                        0x00000000   Number         0  dbus.o ABSOLUTE
    ..\\Mylib\\delay.c                       0x00000000   Number         0  delay.o ABSOLUTE
    ..\\Mylib\\initialization.c              0x00000000   Number         0  initialization.o ABSOLUTE
    ..\\Mylib\\laser.c                       0x00000000   Number         0  laser.o ABSOLUTE
    ..\\Mylib\\led.c                         0x00000000   Number         0  led.o ABSOLUTE
    ..\\Mylib\\nvic.c                        0x00000000   Number         0  nvic.o ABSOLUTE
    ..\\Mylib\\pid_algorithm.c               0x00000000   Number         0  pid_algorithm.o ABSOLUTE
    ..\\Mylib\\sdbus.c                       0x00000000   Number         0  sdbus.o ABSOLUTE
    ..\\Mylib\\timer.c                       0x00000000   Number         0  timer.o ABSOLUTE
    ..\\Mylib\\usart1.c                      0x00000000   Number         0  usart1.o ABSOLUTE
    ..\\Mylib\\usart3.c                      0x00000000   Number         0  usart3.o ABSOLUTE
    ..\\User\\main.c                         0x00000000   Number         0  main.o ABSOLUTE
    ..\\User\\stm32f4xx_it.c                 0x00000000   Number         0  stm32f4xx_it.o ABSOLUTE
    cdcmple.s                                0x00000000   Number         0  cdcmple.o ABSOLUTE
    cdrcmple.s                               0x00000000   Number         0  cdrcmple.o ABSOLUTE
    dc.s                                     0x00000000   Number         0  dc.o ABSOLUTE
    handlers.s                               0x00000000   Number         0  handlers.o ABSOLUTE
    init.s                                   0x00000000   Number         0  init.o ABSOLUTE
    RESET                                    0x08000000   Section      392  startup_stm32f4xx.o(RESET)
    .ARM.Collect$$$$00000000                 0x08000188   Section        0  entry.o(.ARM.Collect$$$$00000000)
    .ARM.Collect$$$$00000001                 0x08000188   Section        4  entry2.o(.ARM.Collect$$$$00000001)
    .ARM.Collect$$$$00000004                 0x0800018c   Section        4  entry5.o(.ARM.Collect$$$$00000004)
    .ARM.Collect$$$$00000008                 0x08000190   Section        0  entry7b.o(.ARM.Collect$$$$00000008)
    .ARM.Collect$$$$0000000A                 0x08000190   Section        0  entry8b.o(.ARM.Collect$$$$0000000A)
    .ARM.Collect$$$$0000000B                 0x08000190   Section        8  entry9a.o(.ARM.Collect$$$$0000000B)
    .ARM.Collect$$$$0000000D                 0x08000198   Section        0  entry10a.o(.ARM.Collect$$$$0000000D)
    .ARM.Collect$$$$0000000F                 0x08000198   Section        0  entry11a.o(.ARM.Collect$$$$0000000F)
    .ARM.Collect$$$$00002712                 0x08000198   Section        4  entry2.o(.ARM.Collect$$$$00002712)
    __lit__00000000                          0x08000198   Data           4  entry2.o(.ARM.Collect$$$$00002712)
    .text                                    0x0800019c   Section        0  main.o(.text)
    .text                                    0x080001a4   Section        0  stm32f4xx_it.o(.text)
    .text                                    0x080001bc   Section        0  led.o(.text)
    .text                                    0x080001fc   Section        0  delay.o(.text)
    .text                                    0x08000234   Section        0  timer.o(.text)
    .text                                    0x080002a4   Section        0  can1.o(.text)
    .text                                    0x08000368   Section        0  can2.o(.text)
    .text                                    0x08000508   Section        0  usart3.o(.text)
    .text                                    0x08000664   Section        0  dbus.o(.text)
    .text                                    0x0800078c   Section        0  usart1.o(.text)
    .text                                    0x080008c8   Section        0  chassis_control.o(.text)
    .text                                    0x08000e54   Section        0  pid_algorithm.o(.text)
    .text                                    0x08001034   Section        0  initialization.o(.text)
    .text                                    0x080010a8   Section        0  nvic.o(.text)
    .text                                    0x080010d4   Section        0  laser.o(.text)
    .text                                    0x08001110   Section        0  misc.o(.text)
    .text                                    0x080011f0   Section        0  stm32f4xx_tim.o(.text)
    TI4_Config                               0x0800198f   Thumb Code    80  stm32f4xx_tim.o(.text)
    TI3_Config                               0x080019f1   Thumb Code    72  stm32f4xx_tim.o(.text)
    TI2_Config                               0x08001a53   Thumb Code    90  stm32f4xx_tim.o(.text)
    TI1_Config                               0x08001abf   Thumb Code    58  stm32f4xx_tim.o(.text)
    .text                                    0x08001e94   Section        0  stm32f4xx_rcc.o(.text)
    .text                                    0x0800241c   Section        0  stm32f4xx_can.o(.text)
    CheckITStatus                            0x08002c1f   Thumb Code    18  stm32f4xx_can.o(.text)
    .text                                    0x08002e0c   Section        0  stm32f4xx_exti.o(.text)
    .text                                    0x08002f28   Section        0  stm32f4xx_gpio.o(.text)
    .text                                    0x08003184   Section        0  stm32f4xx_dma.o(.text)
    .text                                    0x0800352c   Section        0  stm32f4xx_usart.o(.text)
    .text                                    0x08003948   Section        0  stm32f4xx_syscfg.o(.text)
    .text                                    0x080039d4   Section        0  system_stm32f4xx.o(.text)
    SetSysClock                              0x080039d5   Thumb Code   220  system_stm32f4xx.o(.text)
    .text                                    0x08003be4   Section       36  startup_stm32f4xx.o(.text)
    $v0                                      0x08003be4   Number         0  startup_stm32f4xx.o(.text)
    .text                                    0x08003c08   Section        0  mpu6050_hmc5883l_driver.o(.text)
    .text                                    0x08004380   Section        0  mpu6050_hmc5883l_i2c.o(.text)
    .text                                    0x080047ec   Section        0  mpu6050_hmc5883l_interrupt.o(.text)
    .text                                    0x08004958   Section        0  mpu6050_hmc5883l_process.o(.text)
    .text                                    0x08006400   Section        0  memcpya.o(.text)
    .text                                    0x08006424   Section        0  dadd.o(.text)
    .text                                    0x08006572   Section        0  dmul.o(.text)
    .text                                    0x08006656   Section        0  ddiv.o(.text)
    .text                                    0x08006734   Section        0  f2d.o(.text)
    .text                                    0x0800675c   Section       48  cdcmple.o(.text)
    .text                                    0x0800678c   Section       48  cdrcmple.o(.text)
    .text                                    0x080067bc   Section        0  d2f.o(.text)
    .text                                    0x080067f4   Section        0  llshl.o(.text)
    .text                                    0x08006812   Section        0  llsshr.o(.text)
    .text                                    0x08006836   Section        0  fepilogue.o(.text)
    .text                                    0x08006836   Section        0  iusefp.o(.text)
    .text                                    0x080068a4   Section        0  depilogue.o(.text)
    .text                                    0x0800695e   Section        0  dsqrt.o(.text)
    .text                                    0x08006a00   Section       36  init.o(.text)
    .text                                    0x08006a24   Section        0  llushr.o(.text)
    .text                                    0x08006a44   Section        0  dflti.o(.text)
    .text                                    0x08006a66   Section        0  dfltui.o(.text)
    .text                                    0x08006a80   Section        0  dfixi.o(.text)
    .text                                    0x08006abe   Section        0  __dczerorl2.o(.text)
    i.__0printf$bare                         0x08006b14   Section        0  printfb.o(i.__0printf$bare)
    i.__ARM_fpclassify                       0x08006b24   Section        0  fpclassify.o(i.__ARM_fpclassify)
    i.__hardfp_asin                          0x08006b58   Section        0  asin.o(i.__hardfp_asin)
    i.__hardfp_atan                          0x08006eb8   Section        0  atan.o(i.__hardfp_atan)
    i.__hardfp_atan2                         0x08007190   Section        0  atan2.o(i.__hardfp_atan2)
    i.__hardfp_cos                           0x08007380   Section        0  cos.o(i.__hardfp_cos)
    i.__hardfp_sin                           0x08007448   Section        0  sin.o(i.__hardfp_sin)
    i.__hardfp_sqrt                          0x08007510   Section        0  sqrt.o(i.__hardfp_sqrt)
    i.__ieee754_rem_pio2                     0x08007590   Section        0  rred.o(i.__ieee754_rem_pio2)
    i.__kernel_cos                           0x080079c8   Section        0  cos_i.o(i.__kernel_cos)
    i.__kernel_poly                          0x08007b38   Section        0  poly.o(i.__kernel_poly)
    i.__kernel_sin                           0x08007c30   Section        0  sin_i.o(i.__kernel_sin)
    i.__mathlib_dbl_infnan                   0x08007d60   Section        0  dunder.o(i.__mathlib_dbl_infnan)
    i.__mathlib_dbl_infnan2                  0x08007d74   Section        0  dunder.o(i.__mathlib_dbl_infnan2)
    i.__mathlib_dbl_invalid                  0x08007d88   Section        0  dunder.o(i.__mathlib_dbl_invalid)
    i.__mathlib_dbl_underflow                0x08007da8   Section        0  dunder.o(i.__mathlib_dbl_underflow)
    i.__scatterload_copy                     0x08007dc8   Section       14  handlers.o(i.__scatterload_copy)
    i.__scatterload_null                     0x08007dd6   Section        2  handlers.o(i.__scatterload_null)
    i.__scatterload_zeroinit                 0x08007dd8   Section       14  handlers.o(i.__scatterload_zeroinit)
    i.__set_errno                            0x08007de8   Section        0  errno.o(i.__set_errno)
    i._printf_core                           0x08007df4   Section        0  printfb.o(i._printf_core)
    _printf_core                             0x08007df5   Thumb Code    34  printfb.o(i._printf_core)
    i.atan                                   0x08007e16   Section        0  atan.o(i.atan)
    i.fabs                                   0x08007e26   Section        0  fabs.o(i.fabs)
    i.sqrt                                   0x08007e3e   Section        0  sqrt.o(i.sqrt)
    .constdata                               0x08007eb0   Section       80  asin.o(.constdata)
    pS                                       0x08007eb0   Data          48  asin.o(.constdata)
    qS                                       0x08007ee0   Data          32  asin.o(.constdata)
    .constdata                               0x08007f00   Section      152  atan.o(.constdata)
    atanhi                                   0x08007f00   Data          32  atan.o(.constdata)
    atanlo                                   0x08007f20   Data          32  atan.o(.constdata)
    aTodd                                    0x08007f40   Data          40  atan.o(.constdata)
    aTeven                                   0x08007f68   Data          48  atan.o(.constdata)
    .constdata                               0x08007f98   Section       48  cos_i.o(.constdata)
    C                                        0x08007f98   Data          48  cos_i.o(.constdata)
    .constdata                               0x08007fc8   Section        8  qnan.o(.constdata)
    .constdata                               0x08007fd0   Section      200  rred.o(.constdata)
    pio2s                                    0x08007fd0   Data          48  rred.o(.constdata)
    twooverpi                                0x08008000   Data         152  rred.o(.constdata)
    .constdata                               0x08008098   Section       40  sin_i.o(.constdata)
    S                                        0x08008098   Data          40  sin_i.o(.constdata)
    .data                                    0x20000000   Section        1  can2.o(.data)
    .data                                    0x20000001   Section        6  usart3.o(.data)
    .data                                    0x20000008   Section       84  chassis_control.o(.data)
    .data                                    0x2000005c   Section       32  pid_algorithm.o(.data)
    error_l                                  0x2000005c   Data           8  pid_algorithm.o(.data)
    output                                   0x20000064   Data           4  pid_algorithm.o(.data)
    inte                                     0x20000068   Data           4  pid_algorithm.o(.data)
    error_l                                  0x2000006c   Data           8  pid_algorithm.o(.data)
    output                                   0x20000074   Data           4  pid_algorithm.o(.data)
    inte                                     0x20000078   Data           4  pid_algorithm.o(.data)
    .data                                    0x2000007c   Section       16  stm32f4xx_rcc.o(.data)
    APBAHBPrescTable                         0x2000007c   Data          16  stm32f4xx_rcc.o(.data)
    .data                                    0x2000008c   Section       20  system_stm32f4xx.o(.data)
    .data                                    0x200000a0   Section       20  mpu6050_hmc5883l_driver.o(.data)
    .data                                    0x200000b4   Section      116  mpu6050_hmc5883l_process.o(.data)
    first_flag                               0x200000fc   Data           4  mpu6050_hmc5883l_process.o(.data)
    filter_cnt                               0x20000100   Data           4  mpu6050_hmc5883l_process.o(.data)
    exInt                                    0x20000104   Data           4  mpu6050_hmc5883l_process.o(.data)
    eyInt                                    0x20000108   Data           4  mpu6050_hmc5883l_process.o(.data)
    ezInt                                    0x2000010c   Data           4  mpu6050_hmc5883l_process.o(.data)
    vel_xn                                   0x20000110   Data           4  mpu6050_hmc5883l_process.o(.data)
    vel_yn                                   0x20000114   Data           4  mpu6050_hmc5883l_process.o(.data)
    vel_zn                                   0x20000118   Data           4  mpu6050_hmc5883l_process.o(.data)
    pos_xn                                   0x2000011c   Data           4  mpu6050_hmc5883l_process.o(.data)
    pos_yn                                   0x20000120   Data           4  mpu6050_hmc5883l_process.o(.data)
    pos_zn                                   0x20000124   Data           4  mpu6050_hmc5883l_process.o(.data)
    .data                                    0x20000128   Section        4  stdout.o(.data)
    .data                                    0x2000012c   Section        4  errno.o(.data)
    _errno                                   0x2000012c   Data           4  errno.o(.data)
    .bss                                     0x20000130   Section       40  usart1.o(.bss)
    .bss                                     0x20000158   Section       60  mpu6050_hmc5883l_driver.o(.bss)
    .bss                                     0x20000194   Section       84  mpu6050_hmc5883l_process.o(.bss)
    accel_x_buffer                           0x200001ac   Data          20  mpu6050_hmc5883l_process.o(.bss)
    accel_y_buffer                           0x200001c0   Data          20  mpu6050_hmc5883l_process.o(.bss)
    accel_z_buffer                           0x200001d4   Data          20  mpu6050_hmc5883l_process.o(.bss)
    STACK                                    0x200001e8   Section     1024  startup_stm32f4xx.o(STACK)

    Global Symbols

    Symbol Name                              Value     Ov Type        Size  Object(Section)

    BuildAttributes$$THM_ISAv4$E$P$D$K$B$S$7EM$VFPi3$EXTD16$VFPS$VFMA$PE$A:L22UL41UL21$X:L11$S22US41US21$IEEE1$IW$USESV6$~STKCKD$USESV7$~SHL$OTIME$ROPI$IEEEX$EBA8$MICROLIB$REQ8$PRES8$EABIv2 0x00000000   Number         0  anon$$obj.o ABSOLUTE
    __ARM_use_no_argv                        0x00000000   Number         0  main.o ABSOLUTE
    __cpp_initialize__aeabi_                  - Undefined Weak Reference
    __cxa_finalize                            - Undefined Weak Reference
    _clock_init                               - Undefined Weak Reference
    _microlib_exit                            - Undefined Weak Reference
    __Vectors_Size                           0x00000188   Number         0  startup_stm32f4xx.o ABSOLUTE
    __Vectors                                0x08000000   Data           4  startup_stm32f4xx.o(RESET)
    __Vectors_End                            0x08000188   Data           0  startup_stm32f4xx.o(RESET)
    __main                                   0x08000189   Thumb Code     0  entry.o(.ARM.Collect$$$$00000000)
    _main_stk                                0x08000189   Thumb Code     0  entry2.o(.ARM.Collect$$$$00000001)
    _main_scatterload                        0x0800018d   Thumb Code     0  entry5.o(.ARM.Collect$$$$00000004)
    __main_after_scatterload                 0x08000191   Thumb Code     0  entry5.o(.ARM.Collect$$$$00000004)
    _main_clock                              0x08000191   Thumb Code     0  entry7b.o(.ARM.Collect$$$$00000008)
    _main_cpp_init                           0x08000191   Thumb Code     0  entry8b.o(.ARM.Collect$$$$0000000A)
    _main_init                               0x08000191   Thumb Code     0  entry9a.o(.ARM.Collect$$$$0000000B)
    __rt_final_cpp                           0x08000199   Thumb Code     0  entry10a.o(.ARM.Collect$$$$0000000D)
    __rt_final_exit                          0x08000199   Thumb Code     0  entry11a.o(.ARM.Collect$$$$0000000F)
    main                                     0x0800019d   Thumb Code     8  main.o(.text)
    NMI_Handler                              0x080001a5   Thumb Code     2  stm32f4xx_it.o(.text)
    HardFault_Handler                        0x080001a7   Thumb Code     4  stm32f4xx_it.o(.text)
    MemManage_Handler                        0x080001ab   Thumb Code     4  stm32f4xx_it.o(.text)
    BusFault_Handler                         0x080001af   Thumb Code     4  stm32f4xx_it.o(.text)
    UsageFault_Handler                       0x080001b3   Thumb Code     4  stm32f4xx_it.o(.text)
    SVC_Handler                              0x080001b7   Thumb Code     2  stm32f4xx_it.o(.text)
    DebugMon_Handler                         0x080001b9   Thumb Code     2  stm32f4xx_it.o(.text)
    PendSV_Handler                           0x080001bb   Thumb Code     2  stm32f4xx_it.o(.text)
    Led_Configuration                        0x080001bd   Thumb Code    58  led.o(.text)
    delay_ms                                 0x080001fd   Thumb Code    28  delay.o(.text)
    delay_us                                 0x08000219   Thumb Code    26  delay.o(.text)
    TIM2_Configuration                       0x08000235   Thumb Code    60  timer.o(.text)
    TIM2_IRQHandler                          0x08000271   Thumb Code    38  timer.o(.text)
    Get_Time_Micros                          0x08000297   Thumb Code     8  timer.o(.text)
    CAN1_Configuration                       0x080002a5   Thumb Code   188  can1.o(.text)
    CAN2_Configuration                       0x08000369   Thumb Code   242  can2.o(.text)
    CAN2_TX_IRQHandler                       0x0800045b   Thumb Code    28  can2.o(.text)
    CAN2_RX1_IRQHandler                      0x08000477   Thumb Code    38  can2.o(.text)
    Cmd_ESC_820R                             0x0800049d   Thumb Code    94  can2.o(.text)
    USART3_Configuration                     0x08000509   Thumb Code   258  usart3.o(.text)
    DMA1_Stream1_IRQHandler                  0x0800060b   Thumb Code    30  usart3.o(.text)
    fputc                                    0x08000629   Thumb Code    32  usart3.o(.text)
    DBUS_Enc                                 0x08000665   Thumb Code   122  dbus.o(.text)
    DBUS_Dec                                 0x080006df   Thumb Code   150  dbus.o(.text)
    DBUS_Det                                 0x08000775   Thumb Code    24  dbus.o(.text)
    USART1_Config                            0x0800078d   Thumb Code   242  usart1.o(.text)
    DMA2_Stream5_IRQHandler                  0x0800087f   Thumb Code    38  usart1.o(.text)
    ChassisMotor_Velocity_Control            0x080008c9   Thumb Code   376  chassis_control.o(.text)
    ChassisMotor_Position_Control            0x08000a41   Thumb Code   488  chassis_control.o(.text)
    TransMove                                0x08000c29   Thumb Code   318  chassis_control.o(.text)
    move_control                             0x08000d67   Thumb Code   232  chassis_control.o(.text)
    Velocity_Control_820R                    0x08000e55   Thumb Code   212  pid_algorithm.o(.text)
    Position_Control_820R                    0x08000f29   Thumb Code   212  pid_algorithm.o(.text)
    Initialization                           0x08001035   Thumb Code   112  initialization.o(.text)
    NVIC_Configuration                       0x080010a9   Thumb Code     2  nvic.o(.text)
    NVIC_Set                                 0x080010ab   Thumb Code    40  nvic.o(.text)
    Laser_Configuration                      0x080010d5   Thumb Code    54  laser.o(.text)
    NVIC_PriorityGroupConfig                 0x08001111   Thumb Code    10  misc.o(.text)
    NVIC_Init                                0x0800111b   Thumb Code   106  misc.o(.text)
    NVIC_SetVectorTable                      0x08001185   Thumb Code    14  misc.o(.text)
    NVIC_SystemLPConfig                      0x08001193   Thumb Code    34  misc.o(.text)
    SysTick_CLKSourceConfig                  0x080011b5   Thumb Code    40  misc.o(.text)
    TIM_DeInit                               0x080011f1   Thumb Code   346  stm32f4xx_tim.o(.text)
    TIM_TimeBaseInit                         0x0800134b   Thumb Code   104  stm32f4xx_tim.o(.text)
    TIM_TimeBaseStructInit                   0x080013b3   Thumb Code    18  stm32f4xx_tim.o(.text)
    TIM_PrescalerConfig                      0x080013c5   Thumb Code     6  stm32f4xx_tim.o(.text)
    TIM_CounterModeConfig                    0x080013cb   Thumb Code    18  stm32f4xx_tim.o(.text)
    TIM_SetCounter                           0x080013dd   Thumb Code     4  stm32f4xx_tim.o(.text)
    TIM_SetAutoreload                        0x080013e1   Thumb Code     4  stm32f4xx_tim.o(.text)
    TIM_GetCounter                           0x080013e5   Thumb Code     6  stm32f4xx_tim.o(.text)
    TIM_GetPrescaler                         0x080013eb   Thumb Code     6  stm32f4xx_tim.o(.text)
    TIM_UpdateDisableConfig                  0x080013f1   Thumb Code    24  stm32f4xx_tim.o(.text)
    TIM_UpdateRequestConfig                  0x08001409   Thumb Code    24  stm32f4xx_tim.o(.text)
    TIM_ARRPreloadConfig                     0x08001421   Thumb Code    24  stm32f4xx_tim.o(.text)
    TIM_SelectOnePulseMode                   0x08001439   Thumb Code    18  stm32f4xx_tim.o(.text)
    TIM_SetClockDivision                     0x0800144b   Thumb Code    18  stm32f4xx_tim.o(.text)
    TIM_Cmd                                  0x0800145d   Thumb Code    24  stm32f4xx_tim.o(.text)
    TIM_OC1Init                              0x08001475   Thumb Code   114  stm32f4xx_tim.o(.text)
    TIM_OC2Init                              0x080014e7   Thumb Code   154  stm32f4xx_tim.o(.text)
    TIM_OC3Init                              0x08001581   Thumb Code   204  stm32f4xx_tim.o(.text)
    TIM_OC4Init                              0x0800164d   Thumb Code   112  stm32f4xx_tim.o(.text)
    TIM_OCStructInit                         0x080016bd   Thumb Code    20  stm32f4xx_tim.o(.text)
    TIM_SelectOCxM                           0x080016d1   Thumb Code    86  stm32f4xx_tim.o(.text)
    TIM_SetCompare1                          0x08001727   Thumb Code     4  stm32f4xx_tim.o(.text)
    TIM_SetCompare2                          0x0800172b   Thumb Code     4  stm32f4xx_tim.o(.text)
    TIM_SetCompare3                          0x0800172f   Thumb Code     4  stm32f4xx_tim.o(.text)
    TIM_SetCompare4                          0x08001733   Thumb Code     4  stm32f4xx_tim.o(.text)
    TIM_ForcedOC1Config                      0x08001737   Thumb Code    18  stm32f4xx_tim.o(.text)
    TIM_ForcedOC2Config                      0x08001749   Thumb Code    26  stm32f4xx_tim.o(.text)
    TIM_ForcedOC3Config                      0x08001763   Thumb Code    18  stm32f4xx_tim.o(.text)
    TIM_ForcedOC4Config                      0x08001775   Thumb Code    26  stm32f4xx_tim.o(.text)
    TIM_OC1PreloadConfig                     0x0800178f   Thumb Code    18  stm32f4xx_tim.o(.text)
    TIM_OC2PreloadConfig                     0x080017a1   Thumb Code    26  stm32f4xx_tim.o(.text)
    TIM_OC3PreloadConfig                     0x080017bb   Thumb Code    18  stm32f4xx_tim.o(.text)
    TIM_OC4PreloadConfig                     0x080017cd   Thumb Code    26  stm32f4xx_tim.o(.text)
    TIM_OC1FastConfig                        0x080017e7   Thumb Code    18  stm32f4xx_tim.o(.text)
    TIM_OC2FastConfig                        0x080017f9   Thumb Code    26  stm32f4xx_tim.o(.text)
    TIM_OC3FastConfig                        0x08001813   Thumb Code    18  stm32f4xx_tim.o(.text)
    TIM_OC4FastConfig                        0x08001825   Thumb Code    26  stm32f4xx_tim.o(.text)
    TIM_ClearOC1Ref                          0x0800183f   Thumb Code    18  stm32f4xx_tim.o(.text)
    TIM_ClearOC2Ref                          0x08001851   Thumb Code    24  stm32f4xx_tim.o(.text)
    TIM_ClearOC3Ref                          0x08001869   Thumb Code    18  stm32f4xx_tim.o(.text)
    TIM_ClearOC4Ref                          0x0800187b   Thumb Code    24  stm32f4xx_tim.o(.text)
    TIM_OC1PolarityConfig                    0x08001893   Thumb Code    18  stm32f4xx_tim.o(.text)
    TIM_OC1NPolarityConfig                   0x080018a5   Thumb Code    18  stm32f4xx_tim.o(.text)
    TIM_OC2PolarityConfig                    0x080018b7   Thumb Code    26  stm32f4xx_tim.o(.text)
    TIM_OC2NPolarityConfig                   0x080018d1   Thumb Code    26  stm32f4xx_tim.o(.text)
    TIM_OC3PolarityConfig                    0x080018eb   Thumb Code    26  stm32f4xx_tim.o(.text)
    TIM_OC3NPolarityConfig                   0x08001905   Thumb Code    26  stm32f4xx_tim.o(.text)
    TIM_OC4PolarityConfig                    0x0800191f   Thumb Code    26  stm32f4xx_tim.o(.text)
    TIM_CCxCmd                               0x08001939   Thumb Code    30  stm32f4xx_tim.o(.text)
    TIM_CCxNCmd                              0x08001957   Thumb Code    30  stm32f4xx_tim.o(.text)
    TIM_SetIC4Prescaler                      0x08001975   Thumb Code    26  stm32f4xx_tim.o(.text)
    TIM_SetIC3Prescaler                      0x080019df   Thumb Code    18  stm32f4xx_tim.o(.text)
    TIM_SetIC2Prescaler                      0x08001a39   Thumb Code    26  stm32f4xx_tim.o(.text)
    TIM_SetIC1Prescaler                      0x08001aad   Thumb Code    18  stm32f4xx_tim.o(.text)
    TIM_ICInit                               0x08001af9   Thumb Code   110  stm32f4xx_tim.o(.text)
    TIM_ICStructInit                         0x08001b67   Thumb Code    18  stm32f4xx_tim.o(.text)
    TIM_PWMIConfig                           0x08001b79   Thumb Code   124  stm32f4xx_tim.o(.text)
    TIM_GetCapture1                          0x08001bf5   Thumb Code     6  stm32f4xx_tim.o(.text)
    TIM_GetCapture2                          0x08001bfb   Thumb Code     6  stm32f4xx_tim.o(.text)
    TIM_GetCapture3                          0x08001c01   Thumb Code     6  stm32f4xx_tim.o(.text)
    TIM_GetCapture4                          0x08001c07   Thumb Code     6  stm32f4xx_tim.o(.text)
    TIM_BDTRConfig                           0x08001c0d   Thumb Code    32  stm32f4xx_tim.o(.text)
    TIM_BDTRStructInit                       0x08001c2d   Thumb Code    18  stm32f4xx_tim.o(.text)
    TIM_CtrlPWMOutputs                       0x08001c3f   Thumb Code    30  stm32f4xx_tim.o(.text)
    TIM_SelectCOM                            0x08001c5d   Thumb Code    24  stm32f4xx_tim.o(.text)
    TIM_CCPreloadControl                     0x08001c75   Thumb Code    24  stm32f4xx_tim.o(.text)
    TIM_ITConfig                             0x08001c8d   Thumb Code    18  stm32f4xx_tim.o(.text)
    TIM_GenerateEvent                        0x08001c9f   Thumb Code     4  stm32f4xx_tim.o(.text)
    TIM_GetFlagStatus                        0x08001ca3   Thumb Code    18  stm32f4xx_tim.o(.text)
    TIM_ClearFlag                            0x08001cb5   Thumb Code     6  stm32f4xx_tim.o(.text)
    TIM_GetITStatus                          0x08001cbb   Thumb Code    34  stm32f4xx_tim.o(.text)
    TIM_ClearITPendingBit                    0x08001cdd   Thumb Code     6  stm32f4xx_tim.o(.text)
    TIM_DMAConfig                            0x08001ce3   Thumb Code    10  stm32f4xx_tim.o(.text)
    TIM_DMACmd                               0x08001ced   Thumb Code    18  stm32f4xx_tim.o(.text)
    TIM_SelectCCDMA                          0x08001cff   Thumb Code    24  stm32f4xx_tim.o(.text)
    TIM_InternalClockConfig                  0x08001d17   Thumb Code    12  stm32f4xx_tim.o(.text)
    TIM_SelectInputTrigger                   0x08001d23   Thumb Code    18  stm32f4xx_tim.o(.text)
    TIM_ITRxExternalClockConfig              0x08001d35   Thumb Code    24  stm32f4xx_tim.o(.text)
    TIM_TIxExternalClockConfig               0x08001d4d   Thumb Code    62  stm32f4xx_tim.o(.text)
    TIM_ETRConfig                            0x08001d8b   Thumb Code    28  stm32f4xx_tim.o(.text)
    TIM_ETRClockMode1Config                  0x08001da7   Thumb Code    54  stm32f4xx_tim.o(.text)
    TIM_ETRClockMode2Config                  0x08001ddd   Thumb Code    32  stm32f4xx_tim.o(.text)
    TIM_SelectOutputTrigger                  0x08001dfd   Thumb Code    18  stm32f4xx_tim.o(.text)
    TIM_SelectSlaveMode                      0x08001e0f   Thumb Code    18  stm32f4xx_tim.o(.text)
    TIM_SelectMasterSlaveMode                0x08001e21   Thumb Code    18  stm32f4xx_tim.o(.text)
    TIM_EncoderInterfaceConfig               0x08001e33   Thumb Code    66  stm32f4xx_tim.o(.text)
    TIM_SelectHallSensor                     0x08001e75   Thumb Code    24  stm32f4xx_tim.o(.text)
    TIM_RemapConfig                          0x08001e8d   Thumb Code     6  stm32f4xx_tim.o(.text)
    RCC_DeInit                               0x08001e95   Thumb Code    60  stm32f4xx_rcc.o(.text)
    RCC_HSEConfig                            0x08001ed1   Thumb Code    14  stm32f4xx_rcc.o(.text)
    RCC_GetFlagStatus                        0x08001edf   Thumb Code    60  stm32f4xx_rcc.o(.text)
    RCC_WaitForHSEStartUp                    0x08001f1b   Thumb Code    56  stm32f4xx_rcc.o(.text)
    RCC_AdjustHSICalibrationValue            0x08001f53   Thumb Code    20  stm32f4xx_rcc.o(.text)
    RCC_HSICmd                               0x08001f67   Thumb Code     6  stm32f4xx_rcc.o(.text)
    RCC_LSEConfig                            0x08001f6d   Thumb Code    46  stm32f4xx_rcc.o(.text)
    RCC_LSICmd                               0x08001f9b   Thumb Code     6  stm32f4xx_rcc.o(.text)
    RCC_PLLConfig                            0x08001fa1   Thumb Code    32  stm32f4xx_rcc.o(.text)
    RCC_PLLCmd                               0x08001fc1   Thumb Code     6  stm32f4xx_rcc.o(.text)
    RCC_PLLI2SConfig                         0x08001fc7   Thumb Code    14  stm32f4xx_rcc.o(.text)
    RCC_PLLI2SCmd                            0x08001fd5   Thumb Code     6  stm32f4xx_rcc.o(.text)
    RCC_ClockSecuritySystemCmd               0x08001fdb   Thumb Code     6  stm32f4xx_rcc.o(.text)
    RCC_MCO1Config                           0x08001fe1   Thumb Code    28  stm32f4xx_rcc.o(.text)
    RCC_MCO2Config                           0x08001ffd   Thumb Code    28  stm32f4xx_rcc.o(.text)
    RCC_SYSCLKConfig                         0x08002019   Thumb Code    20  stm32f4xx_rcc.o(.text)
    RCC_GetSYSCLKSource                      0x0800202d   Thumb Code    12  stm32f4xx_rcc.o(.text)
    RCC_HCLKConfig                           0x08002039   Thumb Code    20  stm32f4xx_rcc.o(.text)
    RCC_PCLK1Config                          0x0800204d   Thumb Code    20  stm32f4xx_rcc.o(.text)
    RCC_PCLK2Config                          0x08002061   Thumb Code    22  stm32f4xx_rcc.o(.text)
    RCC_GetClocksFreq                        0x08002077   Thumb Code   222  stm32f4xx_rcc.o(.text)
    RCC_RTCCLKConfig                         0x08002155   Thumb Code    54  stm32f4xx_rcc.o(.text)
    RCC_RTCCLKCmd                            0x0800218b   Thumb Code     8  stm32f4xx_rcc.o(.text)
    RCC_BackupResetCmd                       0x08002193   Thumb Code     8  stm32f4xx_rcc.o(.text)
    RCC_I2SCLKConfig                         0x0800219b   Thumb Code     6  stm32f4xx_rcc.o(.text)
    RCC_AHB1PeriphClockCmd                   0x080021a1   Thumb Code    34  stm32f4xx_rcc.o(.text)
    RCC_AHB2PeriphClockCmd                   0x080021c3   Thumb Code    34  stm32f4xx_rcc.o(.text)
    RCC_AHB3PeriphClockCmd                   0x080021e5   Thumb Code    34  stm32f4xx_rcc.o(.text)
    RCC_APB1PeriphClockCmd                   0x08002207   Thumb Code    34  stm32f4xx_rcc.o(.text)
    RCC_APB2PeriphClockCmd                   0x08002229   Thumb Code    34  stm32f4xx_rcc.o(.text)
    RCC_AHB1PeriphResetCmd                   0x0800224b   Thumb Code    34  stm32f4xx_rcc.o(.text)
    RCC_AHB2PeriphResetCmd                   0x0800226d   Thumb Code    72  stm32f4xx_rcc.o(.text)
    RCC_AHB3PeriphResetCmd                   0x080022b5   Thumb Code    34  stm32f4xx_rcc.o(.text)
    RCC_APB1PeriphResetCmd                   0x080022d7   Thumb Code    34  stm32f4xx_rcc.o(.text)
    RCC_APB2PeriphResetCmd                   0x080022f9   Thumb Code    34  stm32f4xx_rcc.o(.text)
    RCC_AHB1PeriphClockLPModeCmd             0x0800231b   Thumb Code    34  stm32f4xx_rcc.o(.text)
    RCC_AHB2PeriphClockLPModeCmd             0x0800233d   Thumb Code    34  stm32f4xx_rcc.o(.text)
    RCC_AHB3PeriphClockLPModeCmd             0x0800235f   Thumb Code    34  stm32f4xx_rcc.o(.text)
    RCC_APB1PeriphClockLPModeCmd             0x08002381   Thumb Code    34  stm32f4xx_rcc.o(.text)
    RCC_APB2PeriphClockLPModeCmd             0x080023a3   Thumb Code    34  stm32f4xx_rcc.o(.text)
    RCC_ITConfig                             0x080023c5   Thumb Code    34  stm32f4xx_rcc.o(.text)
    RCC_ClearFlag                            0x080023e7   Thumb Code    18  stm32f4xx_rcc.o(.text)
    RCC_GetITStatus                          0x080023f9   Thumb Code    22  stm32f4xx_rcc.o(.text)
    RCC_ClearITPendingBit                    0x0800240f   Thumb Code     8  stm32f4xx_rcc.o(.text)
    CAN_DeInit                               0x0800241d   Thumb Code    50  stm32f4xx_can.o(.text)
    CAN_Init                                 0x0800244f   Thumb Code   276  stm32f4xx_can.o(.text)
    CAN_FilterInit                           0x08002563   Thumb Code   258  stm32f4xx_can.o(.text)
    CAN_StructInit                           0x08002665   Thumb Code    32  stm32f4xx_can.o(.text)
    CAN_SlaveStartBank                       0x08002685   Thumb Code    48  stm32f4xx_can.o(.text)
    CAN_DBGFreeze                            0x080026b5   Thumb Code    22  stm32f4xx_can.o(.text)
    CAN_TTComModeCmd                         0x080026cb   Thumb Code   118  stm32f4xx_can.o(.text)
    CAN_Transmit                             0x08002741   Thumb Code   304  stm32f4xx_can.o(.text)
    CAN_TransmitStatus                       0x08002871   Thumb Code   138  stm32f4xx_can.o(.text)
    CAN_CancelTransmit                       0x080028fb   Thumb Code    48  stm32f4xx_can.o(.text)
    CAN_Receive                              0x0800292b   Thumb Code   240  stm32f4xx_can.o(.text)
    CAN_FIFORelease                          0x08002a1b   Thumb Code    22  stm32f4xx_can.o(.text)
    CAN_MessagePending                       0x08002a31   Thumb Code    30  stm32f4xx_can.o(.text)
    CAN_OperatingModeRequest                 0x08002a4f   Thumb Code   162  stm32f4xx_can.o(.text)
    CAN_Sleep                                0x08002af1   Thumb Code    30  stm32f4xx_can.o(.text)
    CAN_WakeUp                               0x08002b0f   Thumb Code    48  stm32f4xx_can.o(.text)
    CAN_GetLastErrorCode                     0x08002b3f   Thumb Code    12  stm32f4xx_can.o(.text)
    CAN_GetReceiveErrorCounter               0x08002b4b   Thumb Code    10  stm32f4xx_can.o(.text)
    CAN_GetLSBTransmitErrorCounter           0x08002b55   Thumb Code    12  stm32f4xx_can.o(.text)
    CAN_ITConfig                             0x08002b61   Thumb Code    18  stm32f4xx_can.o(.text)
    CAN_GetFlagStatus                        0x08002b73   Thumb Code   120  stm32f4xx_can.o(.text)
    CAN_ClearFlag                            0x08002beb   Thumb Code    52  stm32f4xx_can.o(.text)
    CAN_GetITStatus                          0x08002c31   Thumb Code   310  stm32f4xx_can.o(.text)
    CAN_ClearITPendingBit                    0x08002d67   Thumb Code   162  stm32f4xx_can.o(.text)
    EXTI_DeInit                              0x08002e0d   Thumb Code    28  stm32f4xx_exti.o(.text)
    EXTI_Init                                0x08002e29   Thumb Code   142  stm32f4xx_exti.o(.text)
    EXTI_StructInit                          0x08002eb7   Thumb Code    16  stm32f4xx_exti.o(.text)
    EXTI_GenerateSWInterrupt                 0x08002ec7   Thumb Code    16  stm32f4xx_exti.o(.text)
    EXTI_GetFlagStatus                       0x08002ed7   Thumb Code    22  stm32f4xx_exti.o(.text)
    EXTI_ClearFlag                           0x08002eed   Thumb Code     8  stm32f4xx_exti.o(.text)
    EXTI_GetITStatus                         0x08002ef5   Thumb Code    34  stm32f4xx_exti.o(.text)
    EXTI_ClearITPendingBit                   0x08002f17   Thumb Code     8  stm32f4xx_exti.o(.text)
    GPIO_DeInit                              0x08002f29   Thumb Code   220  stm32f4xx_gpio.o(.text)
    GPIO_Init                                0x08003005   Thumb Code   144  stm32f4xx_gpio.o(.text)
    GPIO_StructInit                          0x08003095   Thumb Code    18  stm32f4xx_gpio.o(.text)
    GPIO_PinLockConfig                       0x080030a7   Thumb Code    34  stm32f4xx_gpio.o(.text)
    GPIO_ReadInputDataBit                    0x080030c9   Thumb Code    18  stm32f4xx_gpio.o(.text)
    GPIO_ReadInputData                       0x080030db   Thumb Code     8  stm32f4xx_gpio.o(.text)
    GPIO_ReadOutputDataBit                   0x080030e3   Thumb Code    18  stm32f4xx_gpio.o(.text)
    GPIO_ReadOutputData                      0x080030f5   Thumb Code     8  stm32f4xx_gpio.o(.text)
    GPIO_SetBits                             0x080030fd   Thumb Code     4  stm32f4xx_gpio.o(.text)
    GPIO_ResetBits                           0x08003101   Thumb Code     4  stm32f4xx_gpio.o(.text)
    GPIO_WriteBit                            0x08003105   Thumb Code    10  stm32f4xx_gpio.o(.text)
    GPIO_Write                               0x0800310f   Thumb Code     4  stm32f4xx_gpio.o(.text)
    GPIO_ToggleBits                          0x08003113   Thumb Code     8  stm32f4xx_gpio.o(.text)
    GPIO_PinAFConfig                         0x0800311b   Thumb Code    70  stm32f4xx_gpio.o(.text)
    DMA_DeInit                               0x08003185   Thumb Code   324  stm32f4xx_dma.o(.text)
    DMA_Init                                 0x080032c9   Thumb Code    82  stm32f4xx_dma.o(.text)
    DMA_StructInit                           0x0800331b   Thumb Code    34  stm32f4xx_dma.o(.text)
    DMA_Cmd                                  0x0800333d   Thumb Code    22  stm32f4xx_dma.o(.text)
    DMA_PeriphIncOffsetSizeConfig            0x08003353   Thumb Code    22  stm32f4xx_dma.o(.text)
    DMA_FlowControllerConfig                 0x08003369   Thumb Code    22  stm32f4xx_dma.o(.text)
    DMA_SetCurrDataCounter                   0x0800337f   Thumb Code     4  stm32f4xx_dma.o(.text)
    DMA_GetCurrDataCounter                   0x08003383   Thumb Code     8  stm32f4xx_dma.o(.text)
    DMA_DoubleBufferModeConfig               0x0800338b   Thumb Code    24  stm32f4xx_dma.o(.text)
    DMA_DoubleBufferModeCmd                  0x080033a3   Thumb Code    22  stm32f4xx_dma.o(.text)
    DMA_MemoryTargetConfig                   0x080033b9   Thumb Code    10  stm32f4xx_dma.o(.text)
    DMA_GetCurrentMemoryTarget               0x080033c3   Thumb Code    20  stm32f4xx_dma.o(.text)
    DMA_GetCmdStatus                         0x080033d7   Thumb Code    20  stm32f4xx_dma.o(.text)
    DMA_GetFIFOStatus                        0x080033eb   Thumb Code    12  stm32f4xx_dma.o(.text)
    DMA_GetFlagStatus                        0x080033f7   Thumb Code    56  stm32f4xx_dma.o(.text)
    DMA_ClearFlag                            0x0800342f   Thumb Code    40  stm32f4xx_dma.o(.text)
    DMA_ITConfig                             0x08003457   Thumb Code    58  stm32f4xx_dma.o(.text)
    DMA_GetITStatus                          0x08003491   Thumb Code    84  stm32f4xx_dma.o(.text)
    DMA_ClearITPendingBit                    0x080034e5   Thumb Code    40  stm32f4xx_dma.o(.text)
    USART_DeInit                             0x0800352d   Thumb Code   156  stm32f4xx_usart.o(.text)
    USART_Init                               0x080035c9   Thumb Code   204  stm32f4xx_usart.o(.text)
    USART_StructInit                         0x08003695   Thumb Code    24  stm32f4xx_usart.o(.text)
    USART_ClockInit                          0x080036ad   Thumb Code    32  stm32f4xx_usart.o(.text)
    USART_ClockStructInit                    0x080036cd   Thumb Code    12  stm32f4xx_usart.o(.text)
    USART_Cmd                                0x080036d9   Thumb Code    24  stm32f4xx_usart.o(.text)
    USART_SetPrescaler                       0x080036f1   Thumb Code    16  stm32f4xx_usart.o(.text)
    USART_OverSampling8Cmd                   0x08003701   Thumb Code    22  stm32f4xx_usart.o(.text)
    USART_OneBitMethodCmd                    0x08003717   Thumb Code    24  stm32f4xx_usart.o(.text)
    USART_SendData                           0x0800372f   Thumb Code     8  stm32f4xx_usart.o(.text)
    USART_ReceiveData                        0x08003737   Thumb Code    10  stm32f4xx_usart.o(.text)
    USART_SetAddress                         0x08003741   Thumb Code    18  stm32f4xx_usart.o(.text)
    USART_ReceiverWakeUpCmd                  0x08003753   Thumb Code    24  stm32f4xx_usart.o(.text)
    USART_WakeUpConfig                       0x0800376b   Thumb Code    18  stm32f4xx_usart.o(.text)
    USART_LINBreakDetectLengthConfig         0x0800377d   Thumb Code    18  stm32f4xx_usart.o(.text)
    USART_LINCmd                             0x0800378f   Thumb Code    24  stm32f4xx_usart.o(.text)
    USART_SendBreak                          0x080037a7   Thumb Code    10  stm32f4xx_usart.o(.text)
    USART_HalfDuplexCmd                      0x080037b1   Thumb Code    24  stm32f4xx_usart.o(.text)
    USART_SetGuardTime                       0x080037c9   Thumb Code    16  stm32f4xx_usart.o(.text)
    USART_SmartCardCmd                       0x080037d9   Thumb Code    24  stm32f4xx_usart.o(.text)
    USART_SmartCardNACKCmd                   0x080037f1   Thumb Code    24  stm32f4xx_usart.o(.text)
    USART_IrDAConfig                         0x08003809   Thumb Code    18  stm32f4xx_usart.o(.text)
    USART_IrDACmd                            0x0800381b   Thumb Code    24  stm32f4xx_usart.o(.text)
    USART_DMACmd                             0x08003833   Thumb Code    18  stm32f4xx_usart.o(.text)
    USART_ITConfig                           0x08003845   Thumb Code    74  stm32f4xx_usart.o(.text)
    USART_GetFlagStatus                      0x0800388f   Thumb Code    26  stm32f4xx_usart.o(.text)
    USART_ClearFlag                          0x080038a9   Thumb Code    18  stm32f4xx_usart.o(.text)
    USART_GetITStatus                        0x080038bb   Thumb Code   110  stm32f4xx_usart.o(.text)
    USART_ClearITPendingBit                  0x08003929   Thumb Code    30  stm32f4xx_usart.o(.text)
    SYSCFG_DeInit                            0x08003949   Thumb Code    22  stm32f4xx_syscfg.o(.text)
    SYSCFG_MemoryRemapConfig                 0x0800395f   Thumb Code     6  stm32f4xx_syscfg.o(.text)
    SYSCFG_EXTILineConfig                    0x08003965   Thumb Code    66  stm32f4xx_syscfg.o(.text)
    SYSCFG_ETH_MediaInterfaceConfig          0x080039a7   Thumb Code     6  stm32f4xx_syscfg.o(.text)
    SYSCFG_CompensationCellCmd               0x080039ad   Thumb Code     6  stm32f4xx_syscfg.o(.text)
    SYSCFG_GetCompensationCellStatus         0x080039b3   Thumb Code    22  stm32f4xx_syscfg.o(.text)
    SystemInit                               0x08003ab1   Thumb Code    88  system_stm32f4xx.o(.text)
    SystemCoreClockUpdate                    0x08003b09   Thumb Code   174  system_stm32f4xx.o(.text)
    Reset_Handler                            0x08003be5   Thumb Code     8  startup_stm32f4xx.o(.text)
    SysTick_Handler                          0x08003bfd   Thumb Code     2  startup_stm32f4xx.o(.text)
    ADC_IRQHandler                           0x08003bff   Thumb Code     0  startup_stm32f4xx.o(.text)
    CAN1_RX0_IRQHandler                      0x08003bff   Thumb Code     0  startup_stm32f4xx.o(.text)
    CAN1_RX1_IRQHandler                      0x08003bff   Thumb Code     0  startup_stm32f4xx.o(.text)
    CAN1_SCE_IRQHandler                      0x08003bff   Thumb Code     0  startup_stm32f4xx.o(.text)
    CAN1_TX_IRQHandler                       0x08003bff   Thumb Code     0  startup_stm32f4xx.o(.text)
    CAN2_RX0_IRQHandler                      0x08003bff   Thumb Code     0  startup_stm32f4xx.o(.text)
    CAN2_SCE_IRQHandler                      0x08003bff   Thumb Code     0  startup_stm32f4xx.o(.text)
    CRYP_IRQHandler                          0x08003bff   Thumb Code     0  startup_stm32f4xx.o(.text)
    DCMI_IRQHandler                          0x08003bff   Thumb Code     0  startup_stm32f4xx.o(.text)
    DMA1_Stream0_IRQHandler                  0x08003bff   Thumb Code     0  startup_stm32f4xx.o(.text)
    DMA1_Stream2_IRQHandler                  0x08003bff   Thumb Code     0  startup_stm32f4xx.o(.text)
    DMA1_Stream3_IRQHandler                  0x08003bff   Thumb Code     0  startup_stm32f4xx.o(.text)
    DMA1_Stream4_IRQHandler                  0x08003bff   Thumb Code     0  startup_stm32f4xx.o(.text)
    DMA1_Stream5_IRQHandler                  0x08003bff   Thumb Code     0  startup_stm32f4xx.o(.text)
    DMA1_Stream6_IRQHandler                  0x08003bff   Thumb Code     0  startup_stm32f4xx.o(.text)
    DMA1_Stream7_IRQHandler                  0x08003bff   Thumb Code     0  startup_stm32f4xx.o(.text)
    DMA2_Stream0_IRQHandler                  0x08003bff   Thumb Code     0  startup_stm32f4xx.o(.text)
    DMA2_Stream1_IRQHandler                  0x08003bff   Thumb Code     0  startup_stm32f4xx.o(.text)
    DMA2_Stream2_IRQHandler                  0x08003bff   Thumb Code     0  startup_stm32f4xx.o(.text)
    DMA2_Stream3_IRQHandler                  0x08003bff   Thumb Code     0  startup_stm32f4xx.o(.text)
    DMA2_Stream4_IRQHandler                  0x08003bff   Thumb Code     0  startup_stm32f4xx.o(.text)
    DMA2_Stream6_IRQHandler                  0x08003bff   Thumb Code     0  startup_stm32f4xx.o(.text)
    DMA2_Stream7_IRQHandler                  0x08003bff   Thumb Code     0  startup_stm32f4xx.o(.text)
    ETH_IRQHandler                           0x08003bff   Thumb Code     0  startup_stm32f4xx.o(.text)
    ETH_WKUP_IRQHandler                      0x08003bff   Thumb Code     0  startup_stm32f4xx.o(.text)
    EXTI0_IRQHandler                         0x08003bff   Thumb Code     0  startup_stm32f4xx.o(.text)
    EXTI15_10_IRQHandler                     0x08003bff   Thumb Code     0  startup_stm32f4xx.o(.text)
    EXTI1_IRQHandler                         0x08003bff   Thumb Code     0  startup_stm32f4xx.o(.text)
    EXTI2_IRQHandler                         0x08003bff   Thumb Code     0  startup_stm32f4xx.o(.text)
    EXTI9_5_IRQHandler                       0x08003bff   Thumb Code     0  startup_stm32f4xx.o(.text)
    FLASH_IRQHandler                         0x08003bff   Thumb Code     0  startup_stm32f4xx.o(.text)
    FPU_IRQHandler                           0x08003bff   Thumb Code     0  startup_stm32f4xx.o(.text)
    FSMC_IRQHandler                          0x08003bff   Thumb Code     0  startup_stm32f4xx.o(.text)
    HASH_RNG_IRQHandler                      0x08003bff   Thumb Code     0  startup_stm32f4xx.o(.text)
    I2C1_ER_IRQHandler                       0x08003bff   Thumb Code     0  startup_stm32f4xx.o(.text)
    I2C1_EV_IRQHandler                       0x08003bff   Thumb Code     0  startup_stm32f4xx.o(.text)
    I2C2_ER_IRQHandler                       0x08003bff   Thumb Code     0  startup_stm32f4xx.o(.text)
    I2C2_EV_IRQHandler                       0x08003bff   Thumb Code     0  startup_stm32f4xx.o(.text)
    I2C3_ER_IRQHandler                       0x08003bff   Thumb Code     0  startup_stm32f4xx.o(.text)
    I2C3_EV_IRQHandler                       0x08003bff   Thumb Code     0  startup_stm32f4xx.o(.text)
    OTG_FS_IRQHandler                        0x08003bff   Thumb Code     0  startup_stm32f4xx.o(.text)
    OTG_FS_WKUP_IRQHandler                   0x08003bff   Thumb Code     0  startup_stm32f4xx.o(.text)
    OTG_HS_EP1_IN_IRQHandler                 0x08003bff   Thumb Code     0  startup_stm32f4xx.o(.text)
    OTG_HS_EP1_OUT_IRQHandler                0x08003bff   Thumb Code     0  startup_stm32f4xx.o(.text)
    OTG_HS_IRQHandler                        0x08003bff   Thumb Code     0  startup_stm32f4xx.o(.text)
    OTG_HS_WKUP_IRQHandler                   0x08003bff   Thumb Code     0  startup_stm32f4xx.o(.text)
    PVD_IRQHandler                           0x08003bff   Thumb Code     0  startup_stm32f4xx.o(.text)
    RCC_IRQHandler                           0x08003bff   Thumb Code     0  startup_stm32f4xx.o(.text)
    RTC_Alarm_IRQHandler                     0x08003bff   Thumb Code     0  startup_stm32f4xx.o(.text)
    RTC_WKUP_IRQHandler                      0x08003bff   Thumb Code     0  startup_stm32f4xx.o(.text)
    SDIO_IRQHandler                          0x08003bff   Thumb Code     0  startup_stm32f4xx.o(.text)
    SPI1_IRQHandler                          0x08003bff   Thumb Code     0  startup_stm32f4xx.o(.text)
    SPI2_IRQHandler                          0x08003bff   Thumb Code     0  startup_stm32f4xx.o(.text)
    SPI3_IRQHandler                          0x08003bff   Thumb Code     0  startup_stm32f4xx.o(.text)
    TAMP_STAMP_IRQHandler                    0x08003bff   Thumb Code     0  startup_stm32f4xx.o(.text)
    TIM1_BRK_TIM9_IRQHandler                 0x08003bff   Thumb Code     0  startup_stm32f4xx.o(.text)
    TIM1_CC_IRQHandler                       0x08003bff   Thumb Code     0  startup_stm32f4xx.o(.text)
    TIM1_TRG_COM_TIM11_IRQHandler            0x08003bff   Thumb Code     0  startup_stm32f4xx.o(.text)
    TIM1_UP_TIM10_IRQHandler                 0x08003bff   Thumb Code     0  startup_stm32f4xx.o(.text)
    TIM3_IRQHandler                          0x08003bff   Thumb Code     0  startup_stm32f4xx.o(.text)
    TIM4_IRQHandler                          0x08003bff   Thumb Code     0  startup_stm32f4xx.o(.text)
    TIM5_IRQHandler                          0x08003bff   Thumb Code     0  startup_stm32f4xx.o(.text)
    TIM6_DAC_IRQHandler                      0x08003bff   Thumb Code     0  startup_stm32f4xx.o(.text)
    TIM7_IRQHandler                          0x08003bff   Thumb Code     0  startup_stm32f4xx.o(.text)
    TIM8_BRK_TIM12_IRQHandler                0x08003bff   Thumb Code     0  startup_stm32f4xx.o(.text)
    TIM8_CC_IRQHandler                       0x08003bff   Thumb Code     0  startup_stm32f4xx.o(.text)
    TIM8_TRG_COM_TIM14_IRQHandler            0x08003bff   Thumb Code     0  startup_stm32f4xx.o(.text)
    TIM8_UP_TIM13_IRQHandler                 0x08003bff   Thumb Code     0  startup_stm32f4xx.o(.text)
    UART4_IRQHandler                         0x08003bff   Thumb Code     0  startup_stm32f4xx.o(.text)
    UART5_IRQHandler                         0x08003bff   Thumb Code     0  startup_stm32f4xx.o(.text)
    USART1_IRQHandler                        0x08003bff   Thumb Code     0  startup_stm32f4xx.o(.text)
    USART2_IRQHandler                        0x08003bff   Thumb Code     0  startup_stm32f4xx.o(.text)
    USART3_IRQHandler                        0x08003bff   Thumb Code     0  startup_stm32f4xx.o(.text)
    USART6_IRQHandler                        0x08003bff   Thumb Code     0  startup_stm32f4xx.o(.text)
    WWDG_IRQHandler                          0x08003bff   Thumb Code     0  startup_stm32f4xx.o(.text)
    MPU6050_Initialization                   0x08003c09   Thumb Code   224  mpu6050_hmc5883l_driver.o(.text)
    HMC5883L_Initialization                  0x08003ce9   Thumb Code    98  mpu6050_hmc5883l_driver.o(.text)
    HMC5883L_ReadData                        0x08003d4b   Thumb Code   304  mpu6050_hmc5883l_driver.o(.text)
    MPU6050_ReadData                         0x08003e7b   Thumb Code   970  mpu6050_hmc5883l_driver.o(.text)
    MPU6050_Gyro_calibration                 0x08004245   Thumb Code   280  mpu6050_hmc5883l_driver.o(.text)
    IIC_Delay                                0x08004381   Thumb Code    26  mpu6050_hmc5883l_i2c.o(.text)
    HEAT_Configuration                       0x0800439b   Thumb Code    50  mpu6050_hmc5883l_i2c.o(.text)
    IIC_GPIO_Init                            0x080043cd   Thumb Code    42  mpu6050_hmc5883l_i2c.o(.text)
    IIC_SDA_Out                              0x080043f7   Thumb Code    34  mpu6050_hmc5883l_i2c.o(.text)
    IIC_SDA_In                               0x08004419   Thumb Code    38  mpu6050_hmc5883l_i2c.o(.text)
    IIC_Start                                0x0800443f   Thumb Code    60  mpu6050_hmc5883l_i2c.o(.text)
    IIC_Stop                                 0x0800447b   Thumb Code    60  mpu6050_hmc5883l_i2c.o(.text)
    IIC_Ack                                  0x080044b7   Thumb Code    66  mpu6050_hmc5883l_i2c.o(.text)
    IIC_WaitAck                              0x080044f9   Thumb Code    94  mpu6050_hmc5883l_i2c.o(.text)
    IIC_WriteBit                             0x08004557   Thumb Code    96  mpu6050_hmc5883l_i2c.o(.text)
    IIC_ReadBit                              0x080045b7   Thumb Code    86  mpu6050_hmc5883l_i2c.o(.text)
    IIC_WriteData                            0x0800460d   Thumb Code    92  mpu6050_hmc5883l_i2c.o(.text)
    IIC_ReadData                             0x08004669   Thumb Code   146  mpu6050_hmc5883l_i2c.o(.text)
    MPU6050_HMC5883L_Interrupt_Configuration 0x080047ed   Thumb Code   132  mpu6050_hmc5883l_interrupt.o(.text)
    EXTI4_IRQHandler                         0x08004871   Thumb Code    98  mpu6050_hmc5883l_interrupt.o(.text)
    EXTI3_IRQHandler                         0x080048d3   Thumb Code   112  mpu6050_hmc5883l_interrupt.o(.text)
    MPU6050_Data_Filter                      0x08004959   Thumb Code   506  mpu6050_hmc5883l_process.o(.text)
    invSqrt                                  0x08004b53   Thumb Code    56  mpu6050_hmc5883l_process.o(.text)
    q_initialization                         0x08004b8b   Thumb Code  3074  mpu6050_hmc5883l_process.o(.text)
    AHRS_Calculate                           0x0800578d   Thumb Code  3138  mpu6050_hmc5883l_process.o(.text)
    __aeabi_memcpy                           0x08006401   Thumb Code    36  memcpya.o(.text)
    __aeabi_memcpy4                          0x08006401   Thumb Code     0  memcpya.o(.text)
    __aeabi_memcpy8                          0x08006401   Thumb Code     0  memcpya.o(.text)
    __aeabi_dadd                             0x08006425   Thumb Code   322  dadd.o(.text)
    __aeabi_dsub                             0x08006567   Thumb Code     6  dadd.o(.text)
    __aeabi_drsub                            0x0800656d   Thumb Code     6  dadd.o(.text)
    __aeabi_dmul                             0x08006573   Thumb Code   228  dmul.o(.text)
    __aeabi_ddiv                             0x08006657   Thumb Code   222  ddiv.o(.text)
    __aeabi_f2d                              0x08006735   Thumb Code    38  f2d.o(.text)
    __aeabi_cdcmpeq                          0x0800675d   Thumb Code     0  cdcmple.o(.text)
    __aeabi_cdcmple                          0x0800675d   Thumb Code    48  cdcmple.o(.text)
    __aeabi_cdrcmple                         0x0800678d   Thumb Code    48  cdrcmple.o(.text)
    __aeabi_d2f                              0x080067bd   Thumb Code    56  d2f.o(.text)
    __aeabi_llsl                             0x080067f5   Thumb Code    30  llshl.o(.text)
    _ll_shift_l                              0x080067f5   Thumb Code     0  llshl.o(.text)
    __aeabi_lasr                             0x08006813   Thumb Code    36  llsshr.o(.text)
    _ll_sshift_r                             0x08006813   Thumb Code     0  llsshr.o(.text)
    __I$use$fp                               0x08006837   Thumb Code     0  iusefp.o(.text)
    _float_round                             0x08006837   Thumb Code    18  fepilogue.o(.text)
    _float_epilogue                          0x08006849   Thumb Code    92  fepilogue.o(.text)
    _double_round                            0x080068a5   Thumb Code    30  depilogue.o(.text)
    _double_epilogue                         0x080068c3   Thumb Code   156  depilogue.o(.text)
    _dsqrt                                   0x0800695f   Thumb Code   162  dsqrt.o(.text)
    __scatterload                            0x08006a01   Thumb Code    28  init.o(.text)
    __scatterload_rt2                        0x08006a01   Thumb Code     0  init.o(.text)
    __aeabi_llsr                             0x08006a25   Thumb Code    32  llushr.o(.text)
    _ll_ushift_r                             0x08006a25   Thumb Code     0  llushr.o(.text)
    __aeabi_i2d                              0x08006a45   Thumb Code    34  dflti.o(.text)
    __aeabi_ui2d                             0x08006a67   Thumb Code    26  dfltui.o(.text)
    __aeabi_d2iz                             0x08006a81   Thumb Code    62  dfixi.o(.text)
    __decompress                             0x08006abf   Thumb Code     0  __dczerorl2.o(.text)
    __decompress1                            0x08006abf   Thumb Code    86  __dczerorl2.o(.text)
    __0printf$bare                           0x08006b15   Thumb Code     8  printfb.o(i.__0printf$bare)
    __1printf$bare                           0x08006b15   Thumb Code     0  printfb.o(i.__0printf$bare)
    __2printf                                0x08006b15   Thumb Code     0  printfb.o(i.__0printf$bare)
    __ARM_fpclassify                         0x08006b25   Thumb Code    48  fpclassify.o(i.__ARM_fpclassify)
    __hardfp_asin                            0x08006b59   Thumb Code   770  asin.o(i.__hardfp_asin)
    __hardfp_atan                            0x08006eb9   Thumb Code   622  atan.o(i.__hardfp_atan)
    __hardfp_atan2                           0x08007191   Thumb Code   432  atan2.o(i.__hardfp_atan2)
    __hardfp_cos                             0x08007381   Thumb Code   180  cos.o(i.__hardfp_cos)
    __hardfp_sin                             0x08007449   Thumb Code   180  sin.o(i.__hardfp_sin)
    __hardfp_sqrt                            0x08007511   Thumb Code   122  sqrt.o(i.__hardfp_sqrt)
    __ieee754_rem_pio2                       0x08007591   Thumb Code   938  rred.o(i.__ieee754_rem_pio2)
    __kernel_cos                             0x080079c9   Thumb Code   322  cos_i.o(i.__kernel_cos)
    __kernel_poly                            0x08007b39   Thumb Code   248  poly.o(i.__kernel_poly)
    __kernel_sin                             0x08007c31   Thumb Code   280  sin_i.o(i.__kernel_sin)
    __mathlib_dbl_infnan                     0x08007d61   Thumb Code    20  dunder.o(i.__mathlib_dbl_infnan)
    __mathlib_dbl_infnan2                    0x08007d75   Thumb Code    20  dunder.o(i.__mathlib_dbl_infnan2)
    __mathlib_dbl_invalid                    0x08007d89   Thumb Code    24  dunder.o(i.__mathlib_dbl_invalid)
    __mathlib_dbl_underflow                  0x08007da9   Thumb Code    24  dunder.o(i.__mathlib_dbl_underflow)
    __scatterload_copy                       0x08007dc9   Thumb Code    14  handlers.o(i.__scatterload_copy)
    __scatterload_null                       0x08007dd7   Thumb Code     2  handlers.o(i.__scatterload_null)
    __scatterload_zeroinit                   0x08007dd9   Thumb Code    14  handlers.o(i.__scatterload_zeroinit)
    __set_errno                              0x08007de9   Thumb Code     6  errno.o(i.__set_errno)
    atan                                     0x08007e17   Thumb Code    16  atan.o(i.atan)
    fabs                                     0x08007e27   Thumb Code    24  fabs.o(i.fabs)
    sqrt                                     0x08007e3f   Thumb Code   110  sqrt.o(i.sqrt)
    __mathlib_zero                           0x08007fc8   Data           8  qnan.o(.constdata)
    Region$$Table$$Base                      0x080080c0   Number         0  anon$$obj.o(Region$$Table)
    Region$$Table$$Limit                     0x080080e0   Number         0  anon$$obj.o(Region$$Table)
    can2_tx_success_flag                     0x20000000   Data           1  can2.o(.data)
    USART_RX_BUF                             0x20000001   Data           6  usart3.o(.data)
    moveSpeed                                0x20000008   Data           4  chassis_control.o(.data)
    RM3510_1                                 0x2000000c   Data          20  chassis_control.o(.data)
    RM3510_2                                 0x20000020   Data          20  chassis_control.o(.data)
    RM3510_3                                 0x20000034   Data          20  chassis_control.o(.data)
    RM3510_4                                 0x20000048   Data          20  chassis_control.o(.data)
    SystemCoreClock                          0x2000008c   Data           4  system_stm32f4xx.o(.data)
    AHBPrescTable                            0x20000090   Data          16  system_stm32f4xx.o(.data)
    HMC5883L_Raw_Data                        0x200000a0   Data           6  mpu6050_hmc5883l_driver.o(.data)
    gyroADC_X_offset                         0x200000a8   Data           4  mpu6050_hmc5883l_driver.o(.data)
    gyroADC_Y_offset                         0x200000ac   Data           4  mpu6050_hmc5883l_driver.o(.data)
    gyroADC_Z_offset                         0x200000b0   Data           4  mpu6050_hmc5883l_driver.o(.data)
    AHRS_Data                                0x200000b4   Data          64  mpu6050_hmc5883l_process.o(.data)
    lastUpdate                               0x200000f4   Data           4  mpu6050_hmc5883l_process.o(.data)
    now                                      0x200000f8   Data           4  mpu6050_hmc5883l_process.o(.data)
    __stdout                                 0x20000128   Data           4  stdout.o(.data)
    dbus_buf                                 0x20000130   Data          18  usart1.o(.bss)
    dbus                                     0x20000142   Data          22  usart1.o(.bss)
    MPU6050_Raw_Data                         0x20000158   Data          14  mpu6050_hmc5883l_driver.o(.bss)
    MPU6050_Real_Data                        0x20000168   Data          28  mpu6050_hmc5883l_driver.o(.bss)
    HMC5883L_Real_Data                       0x20000184   Data          16  mpu6050_hmc5883l_driver.o(.bss)
    Accel_Raw_Average_Data                   0x20000194   Data          12  mpu6050_hmc5883l_process.o(.bss)
    Gyro_Radian_Data                         0x200001a0   Data          12  mpu6050_hmc5883l_process.o(.bss)
    __initial_sp                             0x200005e8   Data           0  startup_stm32f4xx.o(STACK)



==============================================================================

Memory Map of the image

  Image Entry point : 0x08000189

  Load Region LR_IROM1 (Base: 0x08000000, Size: 0x00008210, Max: 0x00100000, ABSOLUTE, COMPRESSED[0x00008108])

    Execution Region ER_IROM1 (Base: 0x08000000, Size: 0x000080e0, Max: 0x00100000, ABSOLUTE)

    Base Addr    Size         Type   Attr      Idx    E Section Name        Object

    0x08000000   0x00000188   Data   RO          840    RESET               startup_stm32f4xx.o
    0x08000188   0x00000000   Code   RO         1058  * .ARM.Collect$$$$00000000  mc_w.l(entry.o)
    0x08000188   0x00000004   Code   RO         1380    .ARM.Collect$$$$00000001  mc_w.l(entry2.o)
    0x0800018c   0x00000004   Code   RO         1383    .ARM.Collect$$$$00000004  mc_w.l(entry5.o)
    0x08000190   0x00000000   Code   RO         1385    .ARM.Collect$$$$00000008  mc_w.l(entry7b.o)
    0x08000190   0x00000000   Code   RO         1387    .ARM.Collect$$$$0000000A  mc_w.l(entry8b.o)
    0x08000190   0x00000008   Code   RO         1388    .ARM.Collect$$$$0000000B  mc_w.l(entry9a.o)
    0x08000198   0x00000000   Code   RO         1390    .ARM.Collect$$$$0000000D  mc_w.l(entry10a.o)
    0x08000198   0x00000000   Code   RO         1392    .ARM.Collect$$$$0000000F  mc_w.l(entry11a.o)
    0x08000198   0x00000004   Code   RO         1381    .ARM.Collect$$$$00002712  mc_w.l(entry2.o)
    0x0800019c   0x00000008   Code   RO            4    .text               main.o
    0x080001a4   0x00000018   Code   RO          173    .text               stm32f4xx_it.o
    0x080001bc   0x00000040   Code   RO          200    .text               led.o
    0x080001fc   0x00000036   Code   RO          228    .text               delay.o
    0x08000232   0x00000002   PAD
    0x08000234   0x00000070   Code   RO          252    .text               timer.o
    0x080002a4   0x000000c4   Code   RO          276    .text               can1.o
    0x08000368   0x000001a0   Code   RO          300    .text               can2.o
    0x08000508   0x0000015c   Code   RO          327    .text               usart3.o
    0x08000664   0x00000128   Code   RO          357    .text               dbus.o
    0x0800078c   0x0000013c   Code   RO          381    .text               usart1.o
    0x080008c8   0x0000058c   Code   RO          411    .text               chassis_control.o
    0x08000e54   0x000001e0   Code   RO          442    .text               pid_algorithm.o
    0x08001034   0x00000074   Code   RO          467    .text               initialization.o
    0x080010a8   0x0000002a   Code   RO          491    .text               nvic.o
    0x080010d2   0x00000002   PAD
    0x080010d4   0x0000003c   Code   RO          515    .text               laser.o
    0x08001110   0x000000e0   Code   RO          569    .text               misc.o
    0x080011f0   0x00000ca2   Code   RO          593    .text               stm32f4xx_tim.o
    0x08001e92   0x00000002   PAD
    0x08001e94   0x00000588   Code   RO          641    .text               stm32f4xx_rcc.o
    0x0800241c   0x000009f0   Code   RO          667    .text               stm32f4xx_can.o
    0x08002e0c   0x0000011c   Code   RO          691    .text               stm32f4xx_exti.o
    0x08002f28   0x0000025c   Code   RO          715    .text               stm32f4xx_gpio.o
    0x08003184   0x000003a8   Code   RO          739    .text               stm32f4xx_dma.o
    0x0800352c   0x0000041a   Code   RO          763    .text               stm32f4xx_usart.o
    0x08003946   0x00000002   PAD
    0x08003948   0x0000008c   Code   RO          787    .text               stm32f4xx_syscfg.o
    0x080039d4   0x00000210   Code   RO          811    .text               system_stm32f4xx.o
    0x08003be4   0x00000024   Code   RO          841    .text               startup_stm32f4xx.o
    0x08003c08   0x00000778   Code   RO          872    .text               mpu6050_hmc5883l_driver.o
    0x08004380   0x0000046c   Code   RO          903    .text               mpu6050_hmc5883l_i2c.o
    0x080047ec   0x0000016c   Code   RO          927    .text               mpu6050_hmc5883l_interrupt.o
    0x08004958   0x00001aa8   Code   RO          954    .text               mpu6050_hmc5883l_process.o
    0x08006400   0x00000024   Code   RO         1061    .text               mc_w.l(memcpya.o)
    0x08006424   0x0000014e   Code   RO         1325    .text               mf_w.l(dadd.o)
    0x08006572   0x000000e4   Code   RO         1327    .text               mf_w.l(dmul.o)
    0x08006656   0x000000de   Code   RO         1329    .text               mf_w.l(ddiv.o)
    0x08006734   0x00000026   Code   RO         1333    .text               mf_w.l(f2d.o)
    0x0800675a   0x00000002   PAD
    0x0800675c   0x00000030   Code   RO         1335    .text               mf_w.l(cdcmple.o)
    0x0800678c   0x00000030   Code   RO         1337    .text               mf_w.l(cdrcmple.o)
    0x080067bc   0x00000038   Code   RO         1339    .text               mf_w.l(d2f.o)
    0x080067f4   0x0000001e   Code   RO         1399    .text               mc_w.l(llshl.o)
    0x08006812   0x00000024   Code   RO         1401    .text               mc_w.l(llsshr.o)
    0x08006836   0x00000000   Code   RO         1410    .text               mc_w.l(iusefp.o)
    0x08006836   0x0000006e   Code   RO         1411    .text               mf_w.l(fepilogue.o)
    0x080068a4   0x000000ba   Code   RO         1413    .text               mf_w.l(depilogue.o)
    0x0800695e   0x000000a2   Code   RO         1415    .text               mf_w.l(dsqrt.o)
    0x08006a00   0x00000024   Code   RO         1419    .text               mc_w.l(init.o)
    0x08006a24   0x00000020   Code   RO         1421    .text               mc_w.l(llushr.o)
    0x08006a44   0x00000022   Code   RO         1423    .text               mf_w.l(dflti.o)
    0x08006a66   0x0000001a   Code   RO         1425    .text               mf_w.l(dfltui.o)
    0x08006a80   0x0000003e   Code   RO         1427    .text               mf_w.l(dfixi.o)
    0x08006abe   0x00000056   Code   RO         1437    .text               mc_w.l(__dczerorl2.o)
    0x08006b14   0x00000010   Code   RO         1066    i.__0printf$bare    mc_w.l(printfb.o)
    0x08006b24   0x00000030   Code   RO         1364    i.__ARM_fpclassify  m_wm.l(fpclassify.o)
    0x08006b54   0x00000004   PAD
    0x08006b58   0x00000360   Code   RO          982    i.__hardfp_asin     m_wm.l(asin.o)
    0x08006eb8   0x000002d8   Code   RO          996    i.__hardfp_atan     m_wm.l(atan.o)
    0x08007190   0x000001f0   Code   RO         1010    i.__hardfp_atan2    m_wm.l(atan2.o)
    0x08007380   0x000000c8   Code   RO         1022    i.__hardfp_cos      m_wm.l(cos.o)
    0x08007448   0x000000c8   Code   RO         1034    i.__hardfp_sin      m_wm.l(sin.o)
    0x08007510   0x0000007a   Code   RO         1046    i.__hardfp_sqrt     m_wm.l(sqrt.o)
    0x0800758a   0x00000006   PAD
    0x08007590   0x00000438   Code   RO         1369    i.__ieee754_rem_pio2  m_wm.l(rred.o)
    0x080079c8   0x00000170   Code   RO         1341    i.__kernel_cos      m_wm.l(cos_i.o)
    0x08007b38   0x000000f8   Code   RO         1366    i.__kernel_poly     m_wm.l(poly.o)
    0x08007c30   0x00000130   Code   RO         1374    i.__kernel_sin      m_wm.l(sin_i.o)
    0x08007d60   0x00000014   Code   RO         1345    i.__mathlib_dbl_infnan  m_wm.l(dunder.o)
    0x08007d74   0x00000014   Code   RO         1346    i.__mathlib_dbl_infnan2  m_wm.l(dunder.o)
    0x08007d88   0x00000020   Code   RO         1347    i.__mathlib_dbl_invalid  m_wm.l(dunder.o)
    0x08007da8   0x00000020   Code   RO         1350    i.__mathlib_dbl_underflow  m_wm.l(dunder.o)
    0x08007dc8   0x0000000e   Code   RO         1431    i.__scatterload_copy  mc_w.l(handlers.o)
    0x08007dd6   0x00000002   Code   RO         1432    i.__scatterload_null  mc_w.l(handlers.o)
    0x08007dd8   0x0000000e   Code   RO         1433    i.__scatterload_zeroinit  mc_w.l(handlers.o)
    0x08007de6   0x00000002   PAD
    0x08007de8   0x0000000c   Code   RO         1405    i.__set_errno       mc_w.l(errno.o)
    0x08007df4   0x00000022   Code   RO         1073    i._printf_core      mc_w.l(printfb.o)
    0x08007e16   0x00000010   Code   RO          998    i.atan              m_wm.l(atan.o)
    0x08007e26   0x00000018   Code   RO         1360    i.fabs              m_wm.l(fabs.o)
    0x08007e3e   0x0000006e   Code   RO         1048    i.sqrt              m_wm.l(sqrt.o)
    0x08007eac   0x00000004   PAD
    0x08007eb0   0x00000050   Data   RO          985    .constdata          m_wm.l(asin.o)
    0x08007f00   0x00000098   Data   RO          999    .constdata          m_wm.l(atan.o)
    0x08007f98   0x00000030   Data   RO         1342    .constdata          m_wm.l(cos_i.o)
    0x08007fc8   0x00000008   Data   RO         1368    .constdata          m_wm.l(qnan.o)
    0x08007fd0   0x000000c8   Data   RO         1371    .constdata          m_wm.l(rred.o)
    0x08008098   0x00000028   Data   RO         1375    .constdata          m_wm.l(sin_i.o)
    0x080080c0   0x00000020   Data   RO         1429    Region$$Table       anon$$obj.o


    Execution Region RW_IRAM1 (Base: 0x20000000, Size: 0x000005e8, Max: 0x00020000, ABSOLUTE, COMPRESSED[0x00000028])

    Base Addr    Size         Type   Attr      Idx    E Section Name        Object

    0x20000000   0x00000001   Data   RW          301    .data               can2.o
    0x20000001   0x00000006   Data   RW          328    .data               usart3.o
    0x20000007   0x00000001   PAD
    0x20000008   0x00000054   Data   RW          413    .data               chassis_control.o
    0x2000005c   0x00000020   Data   RW          443    .data               pid_algorithm.o
    0x2000007c   0x00000010   Data   RW          642    .data               stm32f4xx_rcc.o
    0x2000008c   0x00000014   Data   RW          812    .data               system_stm32f4xx.o
    0x200000a0   0x00000014   Data   RW          874    .data               mpu6050_hmc5883l_driver.o
    0x200000b4   0x00000074   Data   RW          956    .data               mpu6050_hmc5883l_process.o
    0x20000128   0x00000004   Data   RW         1394    .data               mc_w.l(stdout.o)
    0x2000012c   0x00000004   Data   RW         1406    .data               mc_w.l(errno.o)
    0x20000130   0x00000028   Zero   RW          382    .bss                usart1.o
    0x20000158   0x0000003c   Zero   RW          873    .bss                mpu6050_hmc5883l_driver.o
    0x20000194   0x00000054   Zero   RW          955    .bss                mpu6050_hmc5883l_process.o
    0x200001e8   0x00000400   Zero   RW          838    STACK               startup_stm32f4xx.o


==============================================================================

Image component sizes


      Code (inc. data)   RO Data    RW Data    ZI Data      Debug   Object Name

       196          8          0          0          0        685   can1.o
       416         14          0          1          0       1688   can2.o
      1420         28          0         84          0       3481   chassis_control.o
       296          0          0          0          0       1325   dbus.o
        54          0          0          0          0        800   delay.o
       116          4          0          0          0        641   initialization.o
        60          6          0          0          0        538   laser.o
        64          6          0          0          0        524   led.o
         8          0          0          0          0     285290   main.o
       224         20          0          0          0       1829   misc.o
      1912        584          0         20         60       4510   mpu6050_hmc5883l_driver.o
      1132        242          0          0          0       3927   mpu6050_hmc5883l_i2c.o
       364         22          0          0          0       1057   mpu6050_hmc5883l_interrupt.o
      6824        276          0        116         84       5577   mpu6050_hmc5883l_process.o
        42          0          0          0          0        866   nvic.o
       480         56          0         32          0       1374   pid_algorithm.o
        36          8        392          0       1024        836   startup_stm32f4xx.o
      2544         38          0          0          0       7980   stm32f4xx_can.o
       936         32          0          0          0       6305   stm32f4xx_dma.o
       284         10          0          0          0       2307   stm32f4xx_exti.o
       604         36          0          0          0       4077   stm32f4xx_gpio.o
        24          0          0          0          0       1150   stm32f4xx_it.o
      1416         48          0         16          0      10967   stm32f4xx_rcc.o
       140         12          0          0          0       1687   stm32f4xx_syscfg.o
      3234         60          0          0          0      22312   stm32f4xx_tim.o
      1050         26          0          0          0       7784   stm32f4xx_usart.o
       528         46          0         20          0       1867   system_stm32f4xx.o
       112          6          0          0          0        893   timer.o
       316         36          0          0         40       2960   usart1.o
       348         28          0          6          0       1588   usart3.o

    ----------------------------------------------------------------------
     25188       1652        424        296       1208     386825   Object Totals
         0          0         32          0          0          0   (incl. Generated)
         8          0          0          1          0          0   (incl. Padding)

    ----------------------------------------------------------------------

      Code (inc. data)   RO Data    RW Data    ZI Data      Debug   Library Member Name

       864         94         80          0          0        280   asin.o
       744        106        152          0          0        352   atan.o
       496         64          0          0          0        192   atan2.o
       200         20          0          0          0        164   cos.o
       368         46         48          0          0        200   cos_i.o
       104         16          0          0          0        496   dunder.o
        24          0          0          0          0        124   fabs.o
        48          0          0          0          0        124   fpclassify.o
       248          0          0          0          0        152   poly.o
         0          0          8          0          0          0   qnan.o
      1080        142        200          0          0        188   rred.o
       200         20          0          0          0        164   sin.o
       304         24         40          0          0        208   sin_i.o
       232          0          0          0          0        296   sqrt.o
        86          0          0          0          0          0   __dczerorl2.o
         0          0          0          0          0          0   entry.o
         0          0          0          0          0          0   entry10a.o
         0          0          0          0          0          0   entry11a.o
         8          4          0          0          0          0   entry2.o
         4          0          0          0          0          0   entry5.o
         0          0          0          0          0          0   entry7b.o
         0          0          0          0          0          0   entry8b.o
         8          4          0          0          0          0   entry9a.o
        12          6          0          4          0         68   errno.o
        30          0          0          0          0          0   handlers.o
        36          8          0          0          0         68   init.o
         0          0          0          0          0          0   iusefp.o
        30          0          0          0          0         68   llshl.o
        36          0          0          0          0         68   llsshr.o
        32          0          0          0          0         68   llushr.o
        36          0          0          0          0         68   memcpya.o
        50          8          0          0          0        152   printfb.o
         0          0          0          4          0          0   stdout.o
        48          0          0          0          0         68   cdcmple.o
        48          0          0          0          0         68   cdrcmple.o
        56          0          0          0          0         88   d2f.o
       334          0          0          0          0        148   dadd.o
       222          0          0          0          0        100   ddiv.o
       186          0          0          0          0        176   depilogue.o
        62          0          0          0          0         80   dfixi.o
        34          0          0          0          0         76   dflti.o
        26          0          0          0          0         76   dfltui.o
       228          0          0          0          0         96   dmul.o
       162          0          0          0          0        100   dsqrt.o
        38          0          0          0          0         68   f2d.o
       110          0          0          0          0        168   fepilogue.o

    ----------------------------------------------------------------------
      6852        562        528          8          0       4812   Library Totals
        18          0          0          0          0          0   (incl. Padding)

    ----------------------------------------------------------------------

      Code (inc. data)   RO Data    RW Data    ZI Data      Debug   Library Name

      4912        532        528          0          0       2940   m_wm.l
       368         30          0          8          0        560   mc_w.l
      1554          0          0          0          0       1312   mf_w.l

    ----------------------------------------------------------------------
      6852        562        528          8          0       4812   Library Totals

    ----------------------------------------------------------------------

==============================================================================


      Code (inc. data)   RO Data    RW Data    ZI Data      Debug   

     32040       2214        952        304       1208     384285   Grand Totals
     32040       2214        952         40       1208     384285   ELF Image Totals (compressed)
     32040       2214        952         40          0          0   ROM Totals

==============================================================================

    Total RO  Size (Code + RO Data)                32992 (  32.22kB)
    Total RW  Size (RW Data + ZI Data)              1512 (   1.48kB)
    Total ROM Size (Code + RO Data + RW Data)      33032 (  32.26kB)

==============================================================================

