<html>
<body>
<pre>
<h1>礦ision Build Log</h1>
<h2>Project:</h2>
C:\Users\Charm Young\OneDrive\Work\Robomasters\Code_STM32\基本版本\Project\STM32F4.uvproj
Project File Date:  05/27/2016

<h2>Output:</h2>
Build target 'STM32F4'
compiling mpu6050_hmc5883l_interrupt.c...
linking...
Program Size: Code=39968 RO-data=952 RW-data=440 ZI-data=25296  
FromELF: creating hex file...
".\Objects\STM32F4.axf" - 0 Errors, 0 Warning(s).
Build target 'STM32F4'
compiling main.c...
compiling gimbal_control.c...
..\Mylib\gimbal_control.c(50): warning:  #1035-D: single-precision operand implicitly converted to double-precision
..\Mylib\gimbal_control.c(51): warning:  #1035-D: single-precision operand implicitly converted to double-precision
linking...
Program Size: Code=39968 RO-data=952 RW-data=440 ZI-data=25296  
FromELF: creating hex file...
".\Objects\STM32F4.axf" - 0 Errors, 2 Warning(s).
Build target 'STM32F4'
compiling main.c...
compiling ad.c...
compiling led.c...
compiling buzzer.c...
compiling delay.c...
compiling pwm.c...
compiling timer.c...
compiling can1.c...
compiling can2.c...
compiling usart2.c...
compiling usart3.c...
compiling dbus.c...
compiling usart1.c...
compiling chassis_control.c...
compiling pid_algorithm.c...
..\Mylib\pid_algorithm.c(16): warning:  #1035-D: single-precision operand implicitly converted to double-precision
..\Mylib\pid_algorithm.c(27): warning:  #1035-D: single-precision operand implicitly converted to double-precision
..\Mylib\pid_algorithm.c(64): warning:  #1035-D: single-precision operand implicitly converted to double-precision
..\Mylib\pid_algorithm.c(88): warning:  #1035-D: single-precision operand implicitly converted to double-precision
..\Mylib\pid_algorithm.c(99): warning:  #1035-D: single-precision operand implicitly converted to double-precision
..\Mylib\pid_algorithm.c(133): warning:  #1035-D: single-precision operand implicitly converted to double-precision
..\Mylib\pid_algorithm.c(167): warning:  #1035-D: single-precision operand implicitly converted to double-precision
..\Mylib\pid_algorithm.c(201): warning:  #1035-D: single-precision operand implicitly converted to double-precision
compiling initialization.c...
compiling gimbal_control.c...
..\Mylib\gimbal_control.c(50): warning:  #1035-D: single-precision operand implicitly converted to double-precision
..\Mylib\gimbal_control.c(51): warning:  #1035-D: single-precision operand implicitly converted to double-precision
compiling shoot_control.c...
compiling mpu6050_hmc5883l_driver.c...
..\MPU6050_HMC5883L\mpu6050_hmc5883l_driver.c(156): warning:  #1035-D: single-precision operand implicitly converted to double-precision
..\MPU6050_HMC5883L\mpu6050_hmc5883l_driver.c(157): warning:  #1035-D: single-precision operand implicitly converted to double-precision
..\MPU6050_HMC5883L\mpu6050_hmc5883l_driver.c(158): warning:  #1035-D: single-precision operand implicitly converted to double-precision
..\MPU6050_HMC5883L\mpu6050_hmc5883l_driver.c(159): warning:  #1035-D: single-precision operand implicitly converted to double-precision
..\MPU6050_HMC5883L\mpu6050_hmc5883l_driver.c(160): warning:  #1035-D: single-precision operand implicitly converted to double-precision
..\MPU6050_HMC5883L\mpu6050_hmc5883l_driver.c(161): warning:  #1035-D: single-precision operand implicitly converted to double-precision
..\MPU6050_HMC5883L\mpu6050_hmc5883l_driver.c(162): warning:  #1035-D: single-precision operand implicitly converted to double-precision
..\MPU6050_HMC5883L\mpu6050_hmc5883l_driver.c(183): warning:  #1035-D: single-precision operand implicitly converted to double-precision
..\MPU6050_HMC5883L\mpu6050_hmc5883l_driver.c(184): warning:  #1035-D: single-precision operand implicitly converted to double-precision
..\MPU6050_HMC5883L\mpu6050_hmc5883l_driver.c(185): warning:  #1035-D: single-precision operand implicitly converted to double-precision
compiling mpu6050_hmc5883l_i2c.c...
compiling mpu6050_hmc5883l_interrupt.c...
..\MPU6050_HMC5883L\mpu6050_hmc5883l_interrupt.c(59): error:  #7: unrecognized token
..\MPU6050_HMC5883L\mpu6050_hmc5883l_interrupt.c(59): error:  #29: expected an expression
compiling mpu6050_hmc5883l_process.c...
..\MPU6050_HMC5883L\mpu6050_hmc5883l_process.c(53): warning:  #1035-D: single-precision operand implicitly converted to double-precision
..\MPU6050_HMC5883L\mpu6050_hmc5883l_process.c(54): warning:  #1035-D: single-precision operand implicitly converted to double-precision
..\MPU6050_HMC5883L\mpu6050_hmc5883l_process.c(55): warning:  #1035-D: single-precision operand implicitly converted to double-precision
..\MPU6050_HMC5883L\mpu6050_hmc5883l_process.c(169): warning:  #1035-D: single-precision operand implicitly converted to double-precision
..\MPU6050_HMC5883L\mpu6050_hmc5883l_process.c(169): warning:  #1035-D: single-precision operand implicitly converted to double-precision
..\MPU6050_HMC5883L\mpu6050_hmc5883l_process.c(172): warning:  #1035-D: single-precision operand implicitly converted to double-precision
..\MPU6050_HMC5883L\mpu6050_hmc5883l_process.c(172): warning:  #1035-D: single-precision operand implicitly converted to double-precision
..\MPU6050_HMC5883L\mpu6050_hmc5883l_process.c(175): warning:  #1035-D: single-precision operand implicitly converted to double-precision
..\MPU6050_HMC5883L\mpu6050_hmc5883l_process.c(175): warning:  #1035-D: single-precision operand implicitly converted to double-precision
..\MPU6050_HMC5883L\mpu6050_hmc5883l_process.c(327): warning:  #1035-D: single-precision operand implicitly converted to double-precision
".\Objects\STM32F4.axf" - 2 Errors, 30 Warning(s).
Target not created
Build target 'STM32F4'
compiling mpu6050_hmc5883l_interrupt.c...
linking...
Program Size: Code=39696 RO-data=952 RW-data=440 ZI-data=25248  
FromELF: creating hex file...
".\Objects\STM32F4.axf" - 0 Errors, 0 Warning(s).
Load "C:\\Users\\Charm Young\\OneDrive\\Work\\Robomasters\\Code_STM32\\基本版本\\Project\\Objects\\STM32F4.axf" 
Load "C:\\Users\\Charm Young\\OneDrive\\Work\\Robomasters\\Code_STM32\\基本版本\\Project\\Objects\\STM32F4.axf" 
Load "C:\\Users\\Charm Young\\OneDrive\\Work\\Robomasters\\Code_STM32\\基本版本\\Project\\Objects\\STM32F4.axf" 
Erase Done.
Programming Failed!
Internal command error
Internal command error
Load "C:\\Users\\Charm Young\\OneDrive\\Work\\Robomasters\\Code_STM32\\基本版本\\Project\\Objects\\STM32F4.axf" 
Erase Done.
Programming Done.
Verify OK.
Application running ...
Build target 'STM32F4'
compiling main.c...
compiling usart1.c...
linking...
Program Size: Code=39696 RO-data=952 RW-data=440 ZI-data=25248  
FromELF: creating hex file...
".\Objects\STM32F4.axf" - 0 Errors, 0 Warning(s).
Load "C:\\Users\\Charm Young\\OneDrive\\Work\\Robomasters\\Code_STM32\\基本版本\\Project\\Objects\\STM32F4.axf" 
Erase Done.
Programming Done.
Verify OK.
Application running ...
Build target 'STM32F4'
compiling main.c...
compiling ad.c...
compiling led.c...
compiling buzzer.c...
compiling delay.c...
compiling pwm.c...
compiling timer.c...
compiling can1.c...
compiling can2.c...
compiling usart2.c...
compiling usart3.c...
compiling dbus.c...
compiling usart1.c...
compiling chassis_control.c...
compiling pid_algorithm.c...
..\Mylib\pid_algorithm.c(16): warning:  #1035-D: single-precision operand implicitly converted to double-precision
..\Mylib\pid_algorithm.c(27): warning:  #1035-D: single-precision operand implicitly converted to double-precision
..\Mylib\pid_algorithm.c(64): warning:  #1035-D: single-precision operand implicitly converted to double-precision
..\Mylib\pid_algorithm.c(88): warning:  #1035-D: single-precision operand implicitly converted to double-precision
..\Mylib\pid_algorithm.c(99): warning:  #1035-D: single-precision operand implicitly converted to double-precision
..\Mylib\pid_algorithm.c(133): warning:  #1035-D: single-precision operand implicitly converted to double-precision
..\Mylib\pid_algorithm.c(167): warning:  #1035-D: single-precision operand implicitly converted to double-precision
..\Mylib\pid_algorithm.c(201): warning:  #1035-D: single-precision operand implicitly converted to double-precision
compiling initialization.c...
compiling gimbal_control.c...
..\Mylib\gimbal_control.c(50): warning:  #1035-D: single-precision operand implicitly converted to double-precision
..\Mylib\gimbal_control.c(51): warning:  #1035-D: single-precision operand implicitly converted to double-precision
compiling shoot_control.c...
compiling mpu6050_hmc5883l_driver.c...
..\MPU6050_HMC5883L\mpu6050_hmc5883l_driver.c(156): warning:  #1035-D: single-precision operand implicitly converted to double-precision
..\MPU6050_HMC5883L\mpu6050_hmc5883l_driver.c(157): warning:  #1035-D: single-precision operand implicitly converted to double-precision
..\MPU6050_HMC5883L\mpu6050_hmc5883l_driver.c(158): warning:  #1035-D: single-precision operand implicitly converted to double-precision
..\MPU6050_HMC5883L\mpu6050_hmc5883l_driver.c(159): warning:  #1035-D: single-precision operand implicitly converted to double-precision
..\MPU6050_HMC5883L\mpu6050_hmc5883l_driver.c(160): warning:  #1035-D: single-precision operand implicitly converted to double-precision
..\MPU6050_HMC5883L\mpu6050_hmc5883l_driver.c(161): warning:  #1035-D: single-precision operand implicitly converted to double-precision
..\MPU6050_HMC5883L\mpu6050_hmc5883l_driver.c(162): warning:  #1035-D: single-precision operand implicitly converted to double-precision
..\MPU6050_HMC5883L\mpu6050_hmc5883l_driver.c(183): warning:  #1035-D: single-precision operand implicitly converted to double-precision
..\MPU6050_HMC5883L\mpu6050_hmc5883l_driver.c(184): warning:  #1035-D: single-precision operand implicitly converted to double-precision
..\MPU6050_HMC5883L\mpu6050_hmc5883l_driver.c(185): warning:  #1035-D: single-precision operand implicitly converted to double-precision
compiling mpu6050_hmc5883l_i2c.c...
compiling mpu6050_hmc5883l_interrupt.c...
compiling mpu6050_hmc5883l_process.c...
..\MPU6050_HMC5883L\mpu6050_hmc5883l_process.c(53): warning:  #1035-D: single-precision operand implicitly converted to double-precision
..\MPU6050_HMC5883L\mpu6050_hmc5883l_process.c(54): warning:  #1035-D: single-precision operand implicitly converted to double-precision
..\MPU6050_HMC5883L\mpu6050_hmc5883l_process.c(55): warning:  #1035-D: single-precision operand implicitly converted to double-precision
..\MPU6050_HMC5883L\mpu6050_hmc5883l_process.c(169): warning:  #1035-D: single-precision operand implicitly converted to double-precision
..\MPU6050_HMC5883L\mpu6050_hmc5883l_process.c(169): warning:  #1035-D: single-precision operand implicitly converted to double-precision
..\MPU6050_HMC5883L\mpu6050_hmc5883l_process.c(172): warning:  #1035-D: single-precision operand implicitly converted to double-precision
..\MPU6050_HMC5883L\mpu6050_hmc5883l_process.c(172): warning:  #1035-D: single-precision operand implicitly converted to double-precision
..\MPU6050_HMC5883L\mpu6050_hmc5883l_process.c(175): warning:  #1035-D: single-precision operand implicitly converted to double-precision
..\MPU6050_HMC5883L\mpu6050_hmc5883l_process.c(175): warning:  #1035-D: single-precision operand implicitly converted to double-precision
..\MPU6050_HMC5883L\mpu6050_hmc5883l_process.c(327): warning:  #1035-D: single-precision operand implicitly converted to double-precision
linking...
Program Size: Code=39696 RO-data=952 RW-data=440 ZI-data=25248  
FromELF: creating hex file...
".\Objects\STM32F4.axf" - 0 Errors, 30 Warning(s).
Build target 'STM32F4'
linking...
Program Size: Code=39696 RO-data=952 RW-data=440 ZI-data=25248  
FromELF: creating hex file...
".\Objects\STM32F4.axf" - 0 Errors, 0 Warning(s).
Load "C:\\Users\\Charm Young\\OneDrive\\Work\\Robomasters\\Code_STM32\\基本版本\\Project\\Objects\\STM32F4.axf" 
Erase Done.
Programming Done.
Verify OK.
Application running ...
Build target 'STM32F4'
compiling chassis_control.c...
compiling shoot_control.c...
linking...
Program Size: Code=39720 RO-data=952 RW-data=440 ZI-data=25248  
FromELF: creating hex file...
".\Objects\STM32F4.axf" - 0 Errors, 0 Warning(s).
Load "C:\\Users\\Charm Young\\OneDrive\\Work\\Robomasters\\Code_STM32\\基本版本\\Project\\Objects\\STM32F4.axf" 
Erase Done.
Programming Done.
Verify OK.
Application running ...
Build target 'STM32F4'
compiling main.c...
compiling ad.c...
compiling led.c...
compiling buzzer.c...
compiling delay.c...
compiling pwm.c...
compiling timer.c...
compiling can1.c...
compiling can2.c...
compiling usart2.c...
compiling usart3.c...
compiling dbus.c...
compiling usart1.c...
compiling chassis_control.c...
compiling pid_algorithm.c...
..\Mylib\pid_algorithm.c(16): warning:  #1035-D: single-precision operand implicitly converted to double-precision
..\Mylib\pid_algorithm.c(27): warning:  #1035-D: single-precision operand implicitly converted to double-precision
..\Mylib\pid_algorithm.c(64): warning:  #1035-D: single-precision operand implicitly converted to double-precision
..\Mylib\pid_algorithm.c(88): warning:  #1035-D: single-precision operand implicitly converted to double-precision
..\Mylib\pid_algorithm.c(99): warning:  #1035-D: single-precision operand implicitly converted to double-precision
..\Mylib\pid_algorithm.c(133): warning:  #1035-D: single-precision operand implicitly converted to double-precision
..\Mylib\pid_algorithm.c(167): warning:  #1035-D: single-precision operand implicitly converted to double-precision
..\Mylib\pid_algorithm.c(201): warning:  #1035-D: single-precision operand implicitly converted to double-precision
compiling initialization.c...
compiling gimbal_control.c...
..\Mylib\gimbal_control.c(50): warning:  #1035-D: single-precision operand implicitly converted to double-precision
..\Mylib\gimbal_control.c(51): warning:  #1035-D: single-precision operand implicitly converted to double-precision
compiling shoot_control.c...
compiling mpu6050_hmc5883l_driver.c...
..\MPU6050_HMC5883L\mpu6050_hmc5883l_driver.c(156): warning:  #1035-D: single-precision operand implicitly converted to double-precision
..\MPU6050_HMC5883L\mpu6050_hmc5883l_driver.c(157): warning:  #1035-D: single-precision operand implicitly converted to double-precision
..\MPU6050_HMC5883L\mpu6050_hmc5883l_driver.c(158): warning:  #1035-D: single-precision operand implicitly converted to double-precision
..\MPU6050_HMC5883L\mpu6050_hmc5883l_driver.c(159): warning:  #1035-D: single-precision operand implicitly converted to double-precision
..\MPU6050_HMC5883L\mpu6050_hmc5883l_driver.c(160): warning:  #1035-D: single-precision operand implicitly converted to double-precision
..\MPU6050_HMC5883L\mpu6050_hmc5883l_driver.c(161): warning:  #1035-D: single-precision operand implicitly converted to double-precision
..\MPU6050_HMC5883L\mpu6050_hmc5883l_driver.c(162): warning:  #1035-D: single-precision operand implicitly converted to double-precision
..\MPU6050_HMC5883L\mpu6050_hmc5883l_driver.c(183): warning:  #1035-D: single-precision operand implicitly converted to double-precision
..\MPU6050_HMC5883L\mpu6050_hmc5883l_driver.c(184): warning:  #1035-D: single-precision operand implicitly converted to double-precision
..\MPU6050_HMC5883L\mpu6050_hmc5883l_driver.c(185): warning:  #1035-D: single-precision operand implicitly converted to double-precision
compiling mpu6050_hmc5883l_i2c.c...
compiling mpu6050_hmc5883l_interrupt.c...
compiling mpu6050_hmc5883l_process.c...
..\MPU6050_HMC5883L\mpu6050_hmc5883l_process.c(53): warning:  #1035-D: single-precision operand implicitly converted to double-precision
..\MPU6050_HMC5883L\mpu6050_hmc5883l_process.c(54): warning:  #1035-D: single-precision operand implicitly converted to double-precision
..\MPU6050_HMC5883L\mpu6050_hmc5883l_process.c(55): warning:  #1035-D: single-precision operand implicitly converted to double-precision
..\MPU6050_HMC5883L\mpu6050_hmc5883l_process.c(169): warning:  #1035-D: single-precision operand implicitly converted to double-precision
..\MPU6050_HMC5883L\mpu6050_hmc5883l_process.c(169): warning:  #1035-D: single-precision operand implicitly converted to double-precision
..\MPU6050_HMC5883L\mpu6050_hmc5883l_process.c(172): warning:  #1035-D: single-precision operand implicitly converted to double-precision
..\MPU6050_HMC5883L\mpu6050_hmc5883l_process.c(172): warning:  #1035-D: single-precision operand implicitly converted to double-precision
..\MPU6050_HMC5883L\mpu6050_hmc5883l_process.c(175): warning:  #1035-D: single-precision operand implicitly converted to double-precision
..\MPU6050_HMC5883L\mpu6050_hmc5883l_process.c(175): warning:  #1035-D: single-precision operand implicitly converted to double-precision
..\MPU6050_HMC5883L\mpu6050_hmc5883l_process.c(327): warning:  #1035-D: single-precision operand implicitly converted to double-precision
linking...
Program Size: Code=39712 RO-data=952 RW-data=444 ZI-data=25252  
FromELF: creating hex file...
".\Objects\STM32F4.axf" - 0 Errors, 30 Warning(s).
Build target 'STM32F4'
linking...
Program Size: Code=39712 RO-data=952 RW-data=444 ZI-data=25252  
FromELF: creating hex file...
".\Objects\STM32F4.axf" - 0 Errors, 0 Warning(s).
Build target 'STM32F4'
linking...
Program Size: Code=39712 RO-data=952 RW-data=444 ZI-data=25252  
FromELF: creating hex file...
".\Objects\STM32F4.axf" - 0 Errors, 0 Warning(s).
Load "C:\\Users\\Charm Young\\OneDrive\\Work\\Robomasters\\Code_STM32\\基本版本\\Project\\Objects\\STM32F4.axf" 
Erase Done.
Programming Done.
Verify OK.
Application running ...
Build target 'STM32F4'
compiling main.c...
compiling ad.c...
compiling led.c...
compiling buzzer.c...
compiling delay.c...
compiling pwm.c...
compiling timer.c...
compiling can1.c...
compiling can2.c...
compiling usart2.c...
compiling usart3.c...
compiling dbus.c...
compiling usart1.c...
compiling chassis_control.c...
compiling pid_algorithm.c...
..\Mylib\pid_algorithm.c(16): warning:  #1035-D: single-precision operand implicitly converted to double-precision
..\Mylib\pid_algorithm.c(27): warning:  #1035-D: single-precision operand implicitly converted to double-precision
..\Mylib\pid_algorithm.c(64): warning:  #1035-D: single-precision operand implicitly converted to double-precision
..\Mylib\pid_algorithm.c(88): warning:  #1035-D: single-precision operand implicitly converted to double-precision
..\Mylib\pid_algorithm.c(99): warning:  #1035-D: single-precision operand implicitly converted to double-precision
..\Mylib\pid_algorithm.c(133): warning:  #1035-D: single-precision operand implicitly converted to double-precision
..\Mylib\pid_algorithm.c(167): warning:  #1035-D: single-precision operand implicitly converted to double-precision
..\Mylib\pid_algorithm.c(201): warning:  #1035-D: single-precision operand implicitly converted to double-precision
compiling initialization.c...
compiling gimbal_control.c...
..\Mylib\gimbal_control.c(50): warning:  #1035-D: single-precision operand implicitly converted to double-precision
..\Mylib\gimbal_control.c(51): warning:  #1035-D: single-precision operand implicitly converted to double-precision
compiling shoot_control.c...
compiling mpu6050_hmc5883l_driver.c...
..\MPU6050_HMC5883L\mpu6050_hmc5883l_driver.c(156): warning:  #1035-D: single-precision operand implicitly converted to double-precision
..\MPU6050_HMC5883L\mpu6050_hmc5883l_driver.c(157): warning:  #1035-D: single-precision operand implicitly converted to double-precision
..\MPU6050_HMC5883L\mpu6050_hmc5883l_driver.c(158): warning:  #1035-D: single-precision operand implicitly converted to double-precision
..\MPU6050_HMC5883L\mpu6050_hmc5883l_driver.c(159): warning:  #1035-D: single-precision operand implicitly converted to double-precision
..\MPU6050_HMC5883L\mpu6050_hmc5883l_driver.c(160): warning:  #1035-D: single-precision operand implicitly converted to double-precision
..\MPU6050_HMC5883L\mpu6050_hmc5883l_driver.c(161): warning:  #1035-D: single-precision operand implicitly converted to double-precision
..\MPU6050_HMC5883L\mpu6050_hmc5883l_driver.c(162): warning:  #1035-D: single-precision operand implicitly converted to double-precision
..\MPU6050_HMC5883L\mpu6050_hmc5883l_driver.c(183): warning:  #1035-D: single-precision operand implicitly converted to double-precision
..\MPU6050_HMC5883L\mpu6050_hmc5883l_driver.c(184): warning:  #1035-D: single-precision operand implicitly converted to double-precision
..\MPU6050_HMC5883L\mpu6050_hmc5883l_driver.c(185): warning:  #1035-D: single-precision operand implicitly converted to double-precision
compiling mpu6050_hmc5883l_i2c.c...
compiling mpu6050_hmc5883l_interrupt.c...
compiling mpu6050_hmc5883l_process.c...
..\MPU6050_HMC5883L\mpu6050_hmc5883l_process.c(53): warning:  #1035-D: single-precision operand implicitly converted to double-precision
..\MPU6050_HMC5883L\mpu6050_hmc5883l_process.c(54): warning:  #1035-D: single-precision operand implicitly converted to double-precision
..\MPU6050_HMC5883L\mpu6050_hmc5883l_process.c(55): warning:  #1035-D: single-precision operand implicitly converted to double-precision
..\MPU6050_HMC5883L\mpu6050_hmc5883l_process.c(169): warning:  #1035-D: single-precision operand implicitly converted to double-precision
..\MPU6050_HMC5883L\mpu6050_hmc5883l_process.c(169): warning:  #1035-D: single-precision operand implicitly converted to double-precision
..\MPU6050_HMC5883L\mpu6050_hmc5883l_process.c(172): warning:  #1035-D: single-precision operand implicitly converted to double-precision
..\MPU6050_HMC5883L\mpu6050_hmc5883l_process.c(172): warning:  #1035-D: single-precision operand implicitly converted to double-precision
..\MPU6050_HMC5883L\mpu6050_hmc5883l_process.c(175): warning:  #1035-D: single-precision operand implicitly converted to double-precision
..\MPU6050_HMC5883L\mpu6050_hmc5883l_process.c(175): warning:  #1035-D: single-precision operand implicitly converted to double-precision
..\MPU6050_HMC5883L\mpu6050_hmc5883l_process.c(327): warning:  #1035-D: single-precision operand implicitly converted to double-precision
linking...
Program Size: Code=39712 RO-data=952 RW-data=444 ZI-data=25252  
FromELF: creating hex file...
".\Objects\STM32F4.axf" - 0 Errors, 30 Warning(s).
Load "C:\\Users\\Charm Young\\OneDrive\\Work\\Robomasters\\Code_STM32\\基本版本\\Project\\Objects\\STM32F4.axf" 
Load "C:\\Users\\Charm Young\\OneDrive\\Work\\Robomasters\\Code_STM32\\基本版本\\Project\\Objects\\STM32F4.axf" 
Erase Done.
Programming Done.
Verify OK.
Application running ...
Build target 'STM32F4'
compiling chassis_control.c...
compiling shoot_control.c...
linking...
Program Size: Code=39752 RO-data=952 RW-data=444 ZI-data=25252  
FromELF: creating hex file...
".\Objects\STM32F4.axf" - 0 Errors, 0 Warning(s).
Load "C:\\Users\\Charm Young\\OneDrive\\Work\\Robomasters\\Code_STM32\\基本版本\\Project\\Objects\\STM32F4.axf" 
Erase Done.
Programming Done.
Verify OK.
Application running ...
Build target 'STM32F4'
compiling shoot_control.c...
linking...
Program Size: Code=39752 RO-data=952 RW-data=444 ZI-data=25252  
FromELF: creating hex file...
".\Objects\STM32F4.axf" - 0 Errors, 0 Warning(s).
Load "C:\\Users\\Charm Young\\OneDrive\\Work\\Robomasters\\Code_STM32\\基本版本\\Project\\Objects\\STM32F4.axf" 
Erase Done.
Programming Done.
Verify OK.
Application running ...
Build target 'STM32F4'
compiling shoot_control.c...
linking...
Program Size: Code=39752 RO-data=952 RW-data=444 ZI-data=25252  
FromELF: creating hex file...
".\Objects\STM32F4.axf" - 0 Errors, 0 Warning(s).
Load "C:\\Users\\Charm Young\\OneDrive\\Work\\Robomasters\\Code_STM32\\基本版本\\Project\\Objects\\STM32F4.axf" 
Erase Done.
Programming Done.
Verify OK.
Application running ...
Build target 'STM32F4'
compiling gimbal_control.c...
..\Mylib\gimbal_control.c(50): warning:  #1035-D: single-precision operand implicitly converted to double-precision
..\Mylib\gimbal_control.c(51): warning:  #1035-D: single-precision operand implicitly converted to double-precision
linking...
Program Size: Code=39760 RO-data=952 RW-data=444 ZI-data=25252  
FromELF: creating hex file...
".\Objects\STM32F4.axf" - 0 Errors, 2 Warning(s).
Load "C:\\Users\\Charm Young\\OneDrive\\Work\\Robomasters\\Code_STM32\\基本版本\\Project\\Objects\\STM32F4.axf" 
Erase Failed!
Internal command error
Load "C:\\Users\\Charm Young\\OneDrive\\Work\\Robomasters\\Code_STM32\\基本版本\\Project\\Objects\\STM32F4.axf" 
Erase Done.
Programming Done.
Verify OK.
Application running ...
Build target 'STM32F4'
compiling gimbal_control.c...
..\Mylib\gimbal_control.c(50): warning:  #1035-D: single-precision operand implicitly converted to double-precision
..\Mylib\gimbal_control.c(51): warning:  #1035-D: single-precision operand implicitly converted to double-precision
linking...
Program Size: Code=39760 RO-data=952 RW-data=444 ZI-data=25252  
FromELF: creating hex file...
".\Objects\STM32F4.axf" - 0 Errors, 2 Warning(s).
Load "C:\\Users\\Charm Young\\OneDrive\\Work\\Robomasters\\Code_STM32\\基本版本\\Project\\Objects\\STM32F4.axf" 
Erase Failed!
Internal command error
Load "C:\\Users\\Charm Young\\OneDrive\\Work\\Robomasters\\Code_STM32\\基本版本\\Project\\Objects\\STM32F4.axf" 
Erase Done.
Programming Done.
Verify OK.
Application running ...
Build target 'STM32F4'
compiling gimbal_control.c...
..\Mylib\gimbal_control.c(50): warning:  #1035-D: single-precision operand implicitly converted to double-precision
..\Mylib\gimbal_control.c(51): warning:  #1035-D: single-precision operand implicitly converted to double-precision
linking...
Program Size: Code=39760 RO-data=952 RW-data=444 ZI-data=25252  
FromELF: creating hex file...
".\Objects\STM32F4.axf" - 0 Errors, 2 Warning(s).
Load "C:\\Users\\Charm Young\\OneDrive\\Work\\Robomasters\\Code_STM32\\基本版本\\Project\\Objects\\STM32F4.axf" 
Erase Done.
Programming Failed!
Internal command error
Load "C:\\Users\\Charm Young\\OneDrive\\Work\\Robomasters\\Code_STM32\\基本版本\\Project\\Objects\\STM32F4.axf" 
Erase Done.
Programming Done.
Verify OK.
Application running ...
Build target 'STM32F4'
compiling gimbal_control.c...
..\Mylib\gimbal_control.c(50): warning:  #1035-D: single-precision operand implicitly converted to double-precision
..\Mylib\gimbal_control.c(51): warning:  #1035-D: single-precision operand implicitly converted to double-precision
linking...
Program Size: Code=39760 RO-data=952 RW-data=444 ZI-data=25252  
FromELF: creating hex file...
".\Objects\STM32F4.axf" - 0 Errors, 2 Warning(s).
Load "C:\\Users\\Charm Young\\OneDrive\\Work\\Robomasters\\Code_STM32\\基本版本\\Project\\Objects\\STM32F4.axf" 
Erase Done.
Programming Done.
Verify OK.
Application running ...
Build target 'STM32F4'
compiling gimbal_control.c...
..\Mylib\gimbal_control.c(50): warning:  #1035-D: single-precision operand implicitly converted to double-precision
..\Mylib\gimbal_control.c(51): warning:  #1035-D: single-precision operand implicitly converted to double-precision
linking...
Program Size: Code=39760 RO-data=952 RW-data=444 ZI-data=25252  
FromELF: creating hex file...
".\Objects\STM32F4.axf" - 0 Errors, 2 Warning(s).
Load "C:\\Users\\Charm Young\\OneDrive\\Work\\Robomasters\\Code_STM32\\基本版本\\Project\\Objects\\STM32F4.axf" 
Erase Done.
Programming Done.
Verify OK.
Application running ...
Load "C:\\Users\\Charm Young\\OneDrive\\Work\\Robomasters\\Code_STM32\\基本版本\\Project\\Objects\\STM32F4.axf" 
Build target 'STM32F4'
compiling main.c...
..\User\main.c(20): error:  #140: too many arguments in function call
compiling ad.c...
compiling led.c...
compiling buzzer.c...
compiling delay.c...
compiling pwm.c...
compiling timer.c...
compiling can1.c...
compiling can2.c...
compiling usart2.c...
compiling usart3.c...
compiling dbus.c...
compiling usart1.c...
compiling chassis_control.c...
compiling pid_algorithm.c...
..\Mylib\pid_algorithm.c(16): warning:  #1035-D: single-precision operand implicitly converted to double-precision
..\Mylib\pid_algorithm.c(27): warning:  #1035-D: single-precision operand implicitly converted to double-precision
..\Mylib\pid_algorithm.c(64): warning:  #1035-D: single-precision operand implicitly converted to double-precision
..\Mylib\pid_algorithm.c(88): warning:  #1035-D: single-precision operand implicitly converted to double-precision
..\Mylib\pid_algorithm.c(99): warning:  #1035-D: single-precision operand implicitly converted to double-precision
..\Mylib\pid_algorithm.c(133): warning:  #1035-D: single-precision operand implicitly converted to double-precision
..\Mylib\pid_algorithm.c(167): warning:  #1035-D: single-precision operand implicitly converted to double-precision
..\Mylib\pid_algorithm.c(201): warning:  #1035-D: single-precision operand implicitly converted to double-precision
compiling initialization.c...
compiling gimbal_control.c...
..\Mylib\gimbal_control.c(50): warning:  #1035-D: single-precision operand implicitly converted to double-precision
..\Mylib\gimbal_control.c(51): warning:  #1035-D: single-precision operand implicitly converted to double-precision
compiling shoot_control.c...
compiling mpu6050_hmc5883l_driver.c...
..\MPU6050_HMC5883L\mpu6050_hmc5883l_driver.c(156): warning:  #1035-D: single-precision operand implicitly converted to double-precision
..\MPU6050_HMC5883L\mpu6050_hmc5883l_driver.c(157): warning:  #1035-D: single-precision operand implicitly converted to double-precision
..\MPU6050_HMC5883L\mpu6050_hmc5883l_driver.c(158): warning:  #1035-D: single-precision operand implicitly converted to double-precision
..\MPU6050_HMC5883L\mpu6050_hmc5883l_driver.c(159): warning:  #1035-D: single-precision operand implicitly converted to double-precision
..\MPU6050_HMC5883L\mpu6050_hmc5883l_driver.c(160): warning:  #1035-D: single-precision operand implicitly converted to double-precision
..\MPU6050_HMC5883L\mpu6050_hmc5883l_driver.c(161): warning:  #1035-D: single-precision operand implicitly converted to double-precision
..\MPU6050_HMC5883L\mpu6050_hmc5883l_driver.c(162): warning:  #1035-D: single-precision operand implicitly converted to double-precision
..\MPU6050_HMC5883L\mpu6050_hmc5883l_driver.c(183): warning:  #1035-D: single-precision operand implicitly converted to double-precision
..\MPU6050_HMC5883L\mpu6050_hmc5883l_driver.c(184): warning:  #1035-D: single-precision operand implicitly converted to double-precision
..\MPU6050_HMC5883L\mpu6050_hmc5883l_driver.c(185): warning:  #1035-D: single-precision operand implicitly converted to double-precision
compiling mpu6050_hmc5883l_i2c.c...
compiling mpu6050_hmc5883l_interrupt.c...
compiling mpu6050_hmc5883l_process.c...
..\MPU6050_HMC5883L\mpu6050_hmc5883l_process.c(53): warning:  #1035-D: single-precision operand implicitly converted to double-precision
..\MPU6050_HMC5883L\mpu6050_hmc5883l_process.c(54): warning:  #1035-D: single-precision operand implicitly converted to double-precision
..\MPU6050_HMC5883L\mpu6050_hmc5883l_process.c(55): warning:  #1035-D: single-precision operand implicitly converted to double-precision
..\MPU6050_HMC5883L\mpu6050_hmc5883l_process.c(169): warning:  #1035-D: single-precision operand implicitly converted to double-precision
..\MPU6050_HMC5883L\mpu6050_hmc5883l_process.c(169): warning:  #1035-D: single-precision operand implicitly converted to double-precision
..\MPU6050_HMC5883L\mpu6050_hmc5883l_process.c(172): warning:  #1035-D: single-precision operand implicitly converted to double-precision
..\MPU6050_HMC5883L\mpu6050_hmc5883l_process.c(172): warning:  #1035-D: single-precision operand implicitly converted to double-precision
..\MPU6050_HMC5883L\mpu6050_hmc5883l_process.c(175): warning:  #1035-D: single-precision operand implicitly converted to double-precision
..\MPU6050_HMC5883L\mpu6050_hmc5883l_process.c(175): warning:  #1035-D: single-precision operand implicitly converted to double-precision
..\MPU6050_HMC5883L\mpu6050_hmc5883l_process.c(327): warning:  #1035-D: single-precision operand implicitly converted to double-precision
".\Objects\STM32F4.axf" - 1 Errors, 30 Warning(s).
Target not created
Build target 'STM32F4'
compiling main.c...
linking...
Program Size: Code=39696 RO-data=952 RW-data=444 ZI-data=25252  
FromELF: creating hex file...
".\Objects\STM32F4.axf" - 0 Errors, 0 Warning(s).
Load "C:\\Users\\Charm Young\\OneDrive\\Work\\Robomasters\\Code_STM32\\基本版本\\Project\\Objects\\STM32F4.axf" 
Load "C:\\Users\\Charm Young\\OneDrive\\Work\\Robomasters\\Code_STM32\\基本版本\\Project\\Objects\\STM32F4.axf" 
Erase Done.
Programming Done.
Verify OK.
Application running ...
Build target 'STM32F4'
compiling gimbal_control.c...
..\Mylib\gimbal_control.c(51): warning:  #1035-D: single-precision operand implicitly converted to double-precision
..\Mylib\gimbal_control.c(52): warning:  #1035-D: single-precision operand implicitly converted to double-precision
linking...
Program Size: Code=39696 RO-data=952 RW-data=444 ZI-data=25252  
FromELF: creating hex file...
".\Objects\STM32F4.axf" - 0 Errors, 2 Warning(s).
Load "C:\\Users\\Charm Young\\OneDrive\\Work\\Robomasters\\Code_STM32\\基本版本\\Project\\Objects\\STM32F4.axf" 
Erase Failed!
Internal command error
Load "C:\\Users\\Charm Young\\OneDrive\\Work\\Robomasters\\Code_STM32\\基本版本\\Project\\Objects\\STM32F4.axf" 
Erase Done.
Programming Done.
Verify OK.
Application running ...
Build target 'STM32F4'
compiling main.c...
compiling ad.c...
compiling led.c...
compiling buzzer.c...
compiling delay.c...
compiling pwm.c...
compiling timer.c...
compiling can1.c...
compiling can2.c...
compiling usart2.c...
compiling usart3.c...
compiling dbus.c...
compiling usart1.c...
compiling chassis_control.c...
compiling pid_algorithm.c...
..\Mylib\pid_algorithm.c(16): warning:  #1035-D: single-precision operand implicitly converted to double-precision
..\Mylib\pid_algorithm.c(27): warning:  #1035-D: single-precision operand implicitly converted to double-precision
..\Mylib\pid_algorithm.c(64): warning:  #1035-D: single-precision operand implicitly converted to double-precision
..\Mylib\pid_algorithm.c(88): warning:  #1035-D: single-precision operand implicitly converted to double-precision
..\Mylib\pid_algorithm.c(99): warning:  #1035-D: single-precision operand implicitly converted to double-precision
..\Mylib\pid_algorithm.c(133): warning:  #1035-D: single-precision operand implicitly converted to double-precision
..\Mylib\pid_algorithm.c(167): warning:  #1035-D: single-precision operand implicitly converted to double-precision
..\Mylib\pid_algorithm.c(201): warning:  #1035-D: single-precision operand implicitly converted to double-precision
compiling initialization.c...
compiling gimbal_control.c...
..\Mylib\gimbal_control.c(51): warning:  #1035-D: single-precision operand implicitly converted to double-precision
..\Mylib\gimbal_control.c(52): warning:  #1035-D: single-precision operand implicitly converted to double-precision
compiling shoot_control.c...
compiling mpu6050_hmc5883l_driver.c...
..\MPU6050_HMC5883L\mpu6050_hmc5883l_driver.c(156): warning:  #1035-D: single-precision operand implicitly converted to double-precision
..\MPU6050_HMC5883L\mpu6050_hmc5883l_driver.c(157): warning:  #1035-D: single-precision operand implicitly converted to double-precision
..\MPU6050_HMC5883L\mpu6050_hmc5883l_driver.c(158): warning:  #1035-D: single-precision operand implicitly converted to double-precision
..\MPU6050_HMC5883L\mpu6050_hmc5883l_driver.c(159): warning:  #1035-D: single-precision operand implicitly converted to double-precision
..\MPU6050_HMC5883L\mpu6050_hmc5883l_driver.c(160): warning:  #1035-D: single-precision operand implicitly converted to double-precision
..\MPU6050_HMC5883L\mpu6050_hmc5883l_driver.c(161): warning:  #1035-D: single-precision operand implicitly converted to double-precision
..\MPU6050_HMC5883L\mpu6050_hmc5883l_driver.c(162): warning:  #1035-D: single-precision operand implicitly converted to double-precision
..\MPU6050_HMC5883L\mpu6050_hmc5883l_driver.c(183): warning:  #1035-D: single-precision operand implicitly converted to double-precision
..\MPU6050_HMC5883L\mpu6050_hmc5883l_driver.c(184): warning:  #1035-D: single-precision operand implicitly converted to double-precision
..\MPU6050_HMC5883L\mpu6050_hmc5883l_driver.c(185): warning:  #1035-D: single-precision operand implicitly converted to double-precision
compiling mpu6050_hmc5883l_i2c.c...
compiling mpu6050_hmc5883l_interrupt.c...
compiling mpu6050_hmc5883l_process.c...
..\MPU6050_HMC5883L\mpu6050_hmc5883l_process.c(53): warning:  #1035-D: single-precision operand implicitly converted to double-precision
..\MPU6050_HMC5883L\mpu6050_hmc5883l_process.c(54): warning:  #1035-D: single-precision operand implicitly converted to double-precision
..\MPU6050_HMC5883L\mpu6050_hmc5883l_process.c(55): warning:  #1035-D: single-precision operand implicitly converted to double-precision
..\MPU6050_HMC5883L\mpu6050_hmc5883l_process.c(169): warning:  #1035-D: single-precision operand implicitly converted to double-precision
..\MPU6050_HMC5883L\mpu6050_hmc5883l_process.c(169): warning:  #1035-D: single-precision operand implicitly converted to double-precision
..\MPU6050_HMC5883L\mpu6050_hmc5883l_process.c(172): warning:  #1035-D: single-precision operand implicitly converted to double-precision
..\MPU6050_HMC5883L\mpu6050_hmc5883l_process.c(172): warning:  #1035-D: single-precision operand implicitly converted to double-precision
..\MPU6050_HMC5883L\mpu6050_hmc5883l_process.c(175): warning:  #1035-D: single-precision operand implicitly converted to double-precision
..\MPU6050_HMC5883L\mpu6050_hmc5883l_process.c(175): warning:  #1035-D: single-precision operand implicitly converted to double-precision
..\MPU6050_HMC5883L\mpu6050_hmc5883l_process.c(327): warning:  #1035-D: single-precision operand implicitly converted to double-precision
linking...
Program Size: Code=39696 RO-data=952 RW-data=444 ZI-data=25252  
FromELF: creating hex file...
".\Objects\STM32F4.axf" - 0 Errors, 30 Warning(s).
Load "C:\\Users\\Charm Young\\OneDrive\\Work\\Robomasters\\Code_STM32\\基本版本\\Project\\Objects\\STM32F4.axf" 
Erase Done.
Programming Done.
Verify OK.
Application running ...
Build target 'STM32F4'
compiling main.c...
compiling ad.c...
compiling led.c...
compiling buzzer.c...
compiling delay.c...
compiling pwm.c...
compiling timer.c...
compiling can1.c...
compiling can2.c...
compiling usart2.c...
compiling usart3.c...
compiling dbus.c...
compiling usart1.c...
compiling chassis_control.c...
compiling pid_algorithm.c...
..\Mylib\pid_algorithm.c(16): warning:  #1035-D: single-precision operand implicitly converted to double-precision
..\Mylib\pid_algorithm.c(27): warning:  #1035-D: single-precision operand implicitly converted to double-precision
..\Mylib\pid_algorithm.c(64): warning:  #1035-D: single-precision operand implicitly converted to double-precision
..\Mylib\pid_algorithm.c(88): warning:  #1035-D: single-precision operand implicitly converted to double-precision
..\Mylib\pid_algorithm.c(99): warning:  #1035-D: single-precision operand implicitly converted to double-precision
..\Mylib\pid_algorithm.c(133): warning:  #1035-D: single-precision operand implicitly converted to double-precision
..\Mylib\pid_algorithm.c(167): warning:  #1035-D: single-precision operand implicitly converted to double-precision
..\Mylib\pid_algorithm.c(201): warning:  #1035-D: single-precision operand implicitly converted to double-precision
compiling initialization.c...
compiling gimbal_control.c...
..\Mylib\gimbal_control.c(51): warning:  #1035-D: single-precision operand implicitly converted to double-precision
..\Mylib\gimbal_control.c(52): warning:  #1035-D: single-precision operand implicitly converted to double-precision
compiling shoot_control.c...
compiling mpu6050_hmc5883l_driver.c...
..\MPU6050_HMC5883L\mpu6050_hmc5883l_driver.c(156): warning:  #1035-D: single-precision operand implicitly converted to double-precision
..\MPU6050_HMC5883L\mpu6050_hmc5883l_driver.c(157): warning:  #1035-D: single-precision operand implicitly converted to double-precision
..\MPU6050_HMC5883L\mpu6050_hmc5883l_driver.c(158): warning:  #1035-D: single-precision operand implicitly converted to double-precision
..\MPU6050_HMC5883L\mpu6050_hmc5883l_driver.c(159): warning:  #1035-D: single-precision operand implicitly converted to double-precision
..\MPU6050_HMC5883L\mpu6050_hmc5883l_driver.c(160): warning:  #1035-D: single-precision operand implicitly converted to double-precision
..\MPU6050_HMC5883L\mpu6050_hmc5883l_driver.c(161): warning:  #1035-D: single-precision operand implicitly converted to double-precision
..\MPU6050_HMC5883L\mpu6050_hmc5883l_driver.c(162): warning:  #1035-D: single-precision operand implicitly converted to double-precision
..\MPU6050_HMC5883L\mpu6050_hmc5883l_driver.c(183): warning:  #1035-D: single-precision operand implicitly converted to double-precision
..\MPU6050_HMC5883L\mpu6050_hmc5883l_driver.c(184): warning:  #1035-D: single-precision operand implicitly converted to double-precision
..\MPU6050_HMC5883L\mpu6050_hmc5883l_driver.c(185): warning:  #1035-D: single-precision operand implicitly converted to double-precision
compiling mpu6050_hmc5883l_i2c.c...
compiling mpu6050_hmc5883l_interrupt.c...
compiling mpu6050_hmc5883l_process.c...
..\MPU6050_HMC5883L\mpu6050_hmc5883l_process.c(53): warning:  #1035-D: single-precision operand implicitly converted to double-precision
..\MPU6050_HMC5883L\mpu6050_hmc5883l_process.c(54): warning:  #1035-D: single-precision operand implicitly converted to double-precision
..\MPU6050_HMC5883L\mpu6050_hmc5883l_process.c(55): warning:  #1035-D: single-precision operand implicitly converted to double-precision
..\MPU6050_HMC5883L\mpu6050_hmc5883l_process.c(169): warning:  #1035-D: single-precision operand implicitly converted to double-precision
..\MPU6050_HMC5883L\mpu6050_hmc5883l_process.c(169): warning:  #1035-D: single-precision operand implicitly converted to double-precision
..\MPU6050_HMC5883L\mpu6050_hmc5883l_process.c(172): warning:  #1035-D: single-precision operand implicitly converted to double-precision
..\MPU6050_HMC5883L\mpu6050_hmc5883l_process.c(172): warning:  #1035-D: single-precision operand implicitly converted to double-precision
..\MPU6050_HMC5883L\mpu6050_hmc5883l_process.c(175): warning:  #1035-D: single-precision operand implicitly converted to double-precision
..\MPU6050_HMC5883L\mpu6050_hmc5883l_process.c(175): warning:  #1035-D: single-precision operand implicitly converted to double-precision
..\MPU6050_HMC5883L\mpu6050_hmc5883l_process.c(327): warning:  #1035-D: single-precision operand implicitly converted to double-precision
linking...
Program Size: Code=39696 RO-data=952 RW-data=444 ZI-data=25252  
FromELF: creating hex file...
".\Objects\STM32F4.axf" - 0 Errors, 30 Warning(s).
Load "C:\\Users\\Charm Young\\OneDrive\\Work\\Robomasters\\Code_STM32\\基本版本\\Project\\Objects\\STM32F4.axf" 
Erase Done.
Programming Done.
Verify OK.
Application running ...
Build target 'STM32F4'
compiling main.c...
compiling ad.c...
compiling led.c...
compiling buzzer.c...
compiling delay.c...
compiling pwm.c...
compiling timer.c...
compiling can1.c...
compiling can2.c...
compiling usart2.c...
compiling usart3.c...
compiling dbus.c...
compiling usart1.c...
compiling chassis_control.c...
compiling pid_algorithm.c...
..\Mylib\pid_algorithm.c(16): warning:  #1035-D: single-precision operand implicitly converted to double-precision
..\Mylib\pid_algorithm.c(27): warning:  #1035-D: single-precision operand implicitly converted to double-precision
..\Mylib\pid_algorithm.c(64): warning:  #1035-D: single-precision operand implicitly converted to double-precision
..\Mylib\pid_algorithm.c(88): warning:  #1035-D: single-precision operand implicitly converted to double-precision
..\Mylib\pid_algorithm.c(99): warning:  #1035-D: single-precision operand implicitly converted to double-precision
..\Mylib\pid_algorithm.c(133): warning:  #1035-D: single-precision operand implicitly converted to double-precision
..\Mylib\pid_algorithm.c(167): warning:  #1035-D: single-precision operand implicitly converted to double-precision
..\Mylib\pid_algorithm.c(201): warning:  #1035-D: single-precision operand implicitly converted to double-precision
compiling initialization.c...
compiling gimbal_control.c...
..\Mylib\gimbal_control.c(51): warning:  #1035-D: single-precision operand implicitly converted to double-precision
..\Mylib\gimbal_control.c(52): warning:  #1035-D: single-precision operand implicitly converted to double-precision
compiling shoot_control.c...
compiling mpu6050_hmc5883l_driver.c...
..\MPU6050_HMC5883L\mpu6050_hmc5883l_driver.c(156): warning:  #1035-D: single-precision operand implicitly converted to double-precision
..\MPU6050_HMC5883L\mpu6050_hmc5883l_driver.c(157): warning:  #1035-D: single-precision operand implicitly converted to double-precision
..\MPU6050_HMC5883L\mpu6050_hmc5883l_driver.c(158): warning:  #1035-D: single-precision operand implicitly converted to double-precision
..\MPU6050_HMC5883L\mpu6050_hmc5883l_driver.c(159): warning:  #1035-D: single-precision operand implicitly converted to double-precision
..\MPU6050_HMC5883L\mpu6050_hmc5883l_driver.c(160): warning:  #1035-D: single-precision operand implicitly converted to double-precision
..\MPU6050_HMC5883L\mpu6050_hmc5883l_driver.c(161): warning:  #1035-D: single-precision operand implicitly converted to double-precision
..\MPU6050_HMC5883L\mpu6050_hmc5883l_driver.c(162): warning:  #1035-D: single-precision operand implicitly converted to double-precision
..\MPU6050_HMC5883L\mpu6050_hmc5883l_driver.c(183): warning:  #1035-D: single-precision operand implicitly converted to double-precision
..\MPU6050_HMC5883L\mpu6050_hmc5883l_driver.c(184): warning:  #1035-D: single-precision operand implicitly converted to double-precision
..\MPU6050_HMC5883L\mpu6050_hmc5883l_driver.c(185): warning:  #1035-D: single-precision operand implicitly converted to double-precision
compiling mpu6050_hmc5883l_i2c.c...
compiling mpu6050_hmc5883l_interrupt.c...
compiling mpu6050_hmc5883l_process.c...
..\MPU6050_HMC5883L\mpu6050_hmc5883l_process.c(53): warning:  #1035-D: single-precision operand implicitly converted to double-precision
..\MPU6050_HMC5883L\mpu6050_hmc5883l_process.c(54): warning:  #1035-D: single-precision operand implicitly converted to double-precision
..\MPU6050_HMC5883L\mpu6050_hmc5883l_process.c(55): warning:  #1035-D: single-precision operand implicitly converted to double-precision
..\MPU6050_HMC5883L\mpu6050_hmc5883l_process.c(169): warning:  #1035-D: single-precision operand implicitly converted to double-precision
..\MPU6050_HMC5883L\mpu6050_hmc5883l_process.c(169): warning:  #1035-D: single-precision operand implicitly converted to double-precision
..\MPU6050_HMC5883L\mpu6050_hmc5883l_process.c(172): warning:  #1035-D: single-precision operand implicitly converted to double-precision
..\MPU6050_HMC5883L\mpu6050_hmc5883l_process.c(172): warning:  #1035-D: single-precision operand implicitly converted to double-precision
..\MPU6050_HMC5883L\mpu6050_hmc5883l_process.c(175): warning:  #1035-D: single-precision operand implicitly converted to double-precision
..\MPU6050_HMC5883L\mpu6050_hmc5883l_process.c(175): warning:  #1035-D: single-precision operand implicitly converted to double-precision
..\MPU6050_HMC5883L\mpu6050_hmc5883l_process.c(327): warning:  #1035-D: single-precision operand implicitly converted to double-precision
linking...
Program Size: Code=39696 RO-data=952 RW-data=444 ZI-data=25252  
FromELF: creating hex file...
".\Objects\STM32F4.axf" - 0 Errors, 30 Warning(s).
Load "C:\\Users\\Charm Young\\OneDrive\\Work\\Robomasters\\Code_STM32\\基本版本\\Project\\Objects\\STM32F4.axf" 
Erase Done.
Programming Done.
Verify OK.
Application running ...
Build target 'STM32F4'
compiling main.c...
compiling ad.c...
compiling led.c...
compiling buzzer.c...
compiling delay.c...
compiling pwm.c...
compiling timer.c...
compiling can1.c...
compiling can2.c...
compiling usart2.c...
compiling usart3.c...
compiling dbus.c...
compiling usart1.c...
compiling chassis_control.c...
compiling pid_algorithm.c...
..\Mylib\pid_algorithm.c(16): warning:  #1035-D: single-precision operand implicitly converted to double-precision
..\Mylib\pid_algorithm.c(27): warning:  #1035-D: single-precision operand implicitly converted to double-precision
..\Mylib\pid_algorithm.c(64): warning:  #1035-D: single-precision operand implicitly converted to double-precision
..\Mylib\pid_algorithm.c(88): warning:  #1035-D: single-precision operand implicitly converted to double-precision
..\Mylib\pid_algorithm.c(99): warning:  #1035-D: single-precision operand implicitly converted to double-precision
..\Mylib\pid_algorithm.c(133): warning:  #1035-D: single-precision operand implicitly converted to double-precision
..\Mylib\pid_algorithm.c(167): warning:  #1035-D: single-precision operand implicitly converted to double-precision
..\Mylib\pid_algorithm.c(201): warning:  #1035-D: single-precision operand implicitly converted to double-precision
".\Objects\STM32F4.axf" - 0 Errors, 8 Warning(s).
Rebuild target 'STM32F4'
compiling main.c...
Project build/rebuild aborted.
main.c: error: C3904U: Could not open via file '.\objects\main.__i'.
".\Objects\STM32F4.axf" - 1 Errors, 0 Warning(s).
Project build/rebuild aborted.
Build target 'STM32F4'
compiling main.c...
linking...
Program Size: Code=39696 RO-data=952 RW-data=444 ZI-data=25252  
FromELF: creating hex file...
".\Objects\STM32F4.axf" - 0 Errors, 0 Warning(s).
Build target 'STM32F4'
linking...
Program Size: Code=39696 RO-data=952 RW-data=444 ZI-data=25252  
FromELF: creating hex file...
".\Objects\STM32F4.axf" - 0 Errors, 0 Warning(s).
Load "C:\\Users\\Charm Young\\OneDrive\\Work\\Robomasters\\Code_STM32\\基本版本\\Project\\Objects\\STM32F4.axf" 
Erase Done.
Programming Done.
Verify OK.
Application running ...
Rebuild target 'STM32F4'
compiling main.c...
compiling stm32f4xx_it.c...
compiling ad.c...
compiling led.c...
compiling buzzer.c...
compiling delay.c...
compiling pwm.c...
compiling timer.c...
compiling can1.c...
compiling can2.c...
compiling usart2.c...
compiling usart3.c...
compiling dbus.c...
compiling usart1.c...
compiling chassis_control.c...
compiling pid_algorithm.c...
..\Mylib\pid_algorithm.c(16): warning:  #1035-D: single-precision operand implicitly converted to double-precision
..\Mylib\pid_algorithm.c(27): warning:  #1035-D: single-precision operand implicitly converted to double-precision
..\Mylib\pid_algorithm.c(64): warning:  #1035-D: single-precision operand implicitly converted to double-precision
..\Mylib\pid_algorithm.c(88): warning:  #1035-D: single-precision operand implicitly converted to double-precision
..\Mylib\pid_algorithm.c(99): warning:  #1035-D: single-precision operand implicitly converted to double-precision
..\Mylib\pid_algorithm.c(133): warning:  #1035-D: single-precision operand implicitly converted to double-precision
..\Mylib\pid_algorithm.c(167): warning:  #1035-D: single-precision operand implicitly converted to double-precision
..\Mylib\pid_algorithm.c(201): warning:  #1035-D: single-precision operand implicitly converted to double-precision
compiling initialization.c...
compiling gimbal_control.c...
..\Mylib\gimbal_control.c(51): warning:  #1035-D: single-precision operand implicitly converted to double-precision
..\Mylib\gimbal_control.c(52): warning:  #1035-D: single-precision operand implicitly converted to double-precision
compiling shoot_control.c...
compiling misc.c...
compiling stm32f4xx_tim.c...
compiling stm32f4xx_adc.c...
compiling stm32f4xx_rcc.c...
compiling stm32f4xx_can.c...
compiling stm32f4xx_exti.c...
compiling stm32f4xx_gpio.c...
compiling stm32f4xx_dma.c...
compiling stm32f4xx_usart.c...
compiling stm32f4xx_syscfg.c...
compiling system_stm32f4xx.c...
assembling startup_stm32f4xx.s...
compiling stm32f4xx_i2c.c...
compiling mpu6050_hmc5883l_driver.c...
..\MPU6050_HMC5883L\mpu6050_hmc5883l_driver.c(156): warning:  #1035-D: single-precision operand implicitly converted to double-precision
..\MPU6050_HMC5883L\mpu6050_hmc5883l_driver.c(157): warning:  #1035-D: single-precision operand implicitly converted to double-precision
..\MPU6050_HMC5883L\mpu6050_hmc5883l_driver.c(158): warning:  #1035-D: single-precision operand implicitly converted to double-precision
..\MPU6050_HMC5883L\mpu6050_hmc5883l_driver.c(159): warning:  #1035-D: single-precision operand implicitly converted to double-precision
..\MPU6050_HMC5883L\mpu6050_hmc5883l_driver.c(160): warning:  #1035-D: single-precision operand implicitly converted to double-precision
..\MPU6050_HMC5883L\mpu6050_hmc5883l_driver.c(161): warning:  #1035-D: single-precision operand implicitly converted to double-precision
..\MPU6050_HMC5883L\mpu6050_hmc5883l_driver.c(162): warning:  #1035-D: single-precision operand implicitly converted to double-precision
..\MPU6050_HMC5883L\mpu6050_hmc5883l_driver.c(183): warning:  #1035-D: single-precision operand implicitly converted to double-precision
..\MPU6050_HMC5883L\mpu6050_hmc5883l_driver.c(184): warning:  #1035-D: single-precision operand implicitly converted to double-precision
..\MPU6050_HMC5883L\mpu6050_hmc5883l_driver.c(185): warning:  #1035-D: single-precision operand implicitly converted to double-precision
compiling mpu6050_hmc5883l_i2c.c...
compiling mpu6050_hmc5883l_interrupt.c...
compiling mpu6050_hmc5883l_process.c...
..\MPU6050_HMC5883L\mpu6050_hmc5883l_process.c(53): warning:  #1035-D: single-precision operand implicitly converted to double-precision
..\MPU6050_HMC5883L\mpu6050_hmc5883l_process.c(54): warning:  #1035-D: single-precision operand implicitly converted to double-precision
..\MPU6050_HMC5883L\mpu6050_hmc5883l_process.c(55): warning:  #1035-D: single-precision operand implicitly converted to double-precision
..\MPU6050_HMC5883L\mpu6050_hmc5883l_process.c(169): warning:  #1035-D: single-precision operand implicitly converted to double-precision
..\MPU6050_HMC5883L\mpu6050_hmc5883l_process.c(169): warning:  #1035-D: single-precision operand implicitly converted to double-precision
..\MPU6050_HMC5883L\mpu6050_hmc5883l_process.c(172): warning:  #1035-D: single-precision operand implicitly converted to double-precision
..\MPU6050_HMC5883L\mpu6050_hmc5883l_process.c(172): warning:  #1035-D: single-precision operand implicitly converted to double-precision
..\MPU6050_HMC5883L\mpu6050_hmc5883l_process.c(175): warning:  #1035-D: single-precision operand implicitly converted to double-precision
..\MPU6050_HMC5883L\mpu6050_hmc5883l_process.c(175): warning:  #1035-D: single-precision operand implicitly converted to double-precision
..\MPU6050_HMC5883L\mpu6050_hmc5883l_process.c(327): warning:  #1035-D: single-precision operand implicitly converted to double-precision
linking...
Program Size: Code=39688 RO-data=952 RW-data=444 ZI-data=25252  
FromELF: creating hex file...
".\Objects\STM32F4.axf" - 0 Errors, 30 Warning(s).
Load "C:\\Users\\Charm Young\\OneDrive\\Work\\Robomasters\\Code_STM32\\基本版本\\Project\\Objects\\STM32F4.axf" 
Load "C:\\Users\\Charm Young\\OneDrive\\Work\\Robomasters\\Code_STM32\\基本版本\\Project\\Objects\\STM32F4.axf" 
Internal command error
Internal command error
Load "C:\\Users\\Charm Young\\OneDrive\\Work\\Robomasters\\Code_STM32\\基本版本\\Project\\Objects\\STM32F4.axf" 
Erase Done.
Programming Done.
Verify OK.
Application running ...
Build target 'STM32F4'
compiling gimbal_control.c...
..\Mylib\gimbal_control.c(51): warning:  #1035-D: single-precision operand implicitly converted to double-precision
..\Mylib\gimbal_control.c(52): warning:  #1035-D: single-precision operand implicitly converted to double-precision
linking...
Program Size: Code=39688 RO-data=952 RW-data=444 ZI-data=25252  
FromELF: creating hex file...
".\Objects\STM32F4.axf" - 0 Errors, 2 Warning(s).
Load "C:\\Users\\Charm Young\\OneDrive\\Work\\Robomasters\\Code_STM32\\基本版本\\Project\\Objects\\STM32F4.axf" 
Erase Done.
Programming Done.
Verify OK.
Application running ...
Build target 'STM32F4'
compiling gimbal_control.c...
..\Mylib\gimbal_control.c(51): warning:  #1035-D: single-precision operand implicitly converted to double-precision
..\Mylib\gimbal_control.c(52): warning:  #1035-D: single-precision operand implicitly converted to double-precision
linking...
Program Size: Code=39688 RO-data=952 RW-data=444 ZI-data=25252  
FromELF: creating hex file...
".\Objects\STM32F4.axf" - 0 Errors, 2 Warning(s).
Load "C:\\Users\\Charm Young\\OneDrive\\Work\\Robomasters\\Code_STM32\\基本版本\\Project\\Objects\\STM32F4.axf" 
Erase Done.
Programming Done.
Verify OK.
Application running ...
