Component: ARM Compiler 5.05 update 1 (build 106) Tool: armlink [4d0efa]

==============================================================================

Section Cross References

    main.o(.text) refers to initialization.o(.text) for Initialization
    main.o(.text) refers to memcpya.o(.text) for __aeabi_memcpy
    main.o(.text) refers to dbus.o(.text) for DBUS_Det
    main.o(.text) refers to shoot_control.o(.text) for BLDC_control
    main.o(.text) refers to usart1.o(.bss) for dbus
    led.o(.text) refers to stm32f4xx_rcc.o(.text) for RCC_AHB1PeriphClockCmd
    led.o(.text) refers to stm32f4xx_gpio.o(.text) for GPIO_Init
    buzzer.o(.text) refers to stm32f4xx_rcc.o(.text) for RCC_AHB1PeriphClockCmd
    buzzer.o(.text) refers to stm32f4xx_gpio.o(.text) for GPIO_Init
    pwm.o(.text) refers to stm32f4xx_rcc.o(.text) for RCC_AHB1PeriphClockCmd
    pwm.o(.text) refers to stm32f4xx_gpio.o(.text) for GPIO_Init
    pwm.o(.text) refers to stm32f4xx_tim.o(.text) for TIM_TimeBaseInit
    pwm.o(.text) refers to pwm.o(.data) for PWMPeriod
    timer.o(.text) refers to stm32f4xx_rcc.o(.text) for RCC_APB1PeriphClockCmd
    timer.o(.text) refers to nvic.o(.text) for NVIC_Set
    timer.o(.text) refers to stm32f4xx_tim.o(.text) for TIM_TimeBaseInit
    timer.o(.text) refers to gimbal_control.o(.text) for Gimbal_Control
    timer.o(.text) refers to stm32f4xx_gpio.o(.text) for GPIO_ToggleBits
    can1.o(.text) refers to stm32f4xx_rcc.o(.text) for RCC_AHB1PeriphClockCmd
    can1.o(.text) refers to stm32f4xx_gpio.o(.text) for GPIO_PinAFConfig
    can1.o(.text) refers to nvic.o(.text) for NVIC_Set
    can1.o(.text) refers to stm32f4xx_can.o(.text) for CAN_DeInit
    can1.o(.text) refers to can1.o(.data) for can_tx_success_flag
    can1.o(.text) refers to gimbal_control.o(.data) for Yaw
    can2.o(.text) refers to stm32f4xx_rcc.o(.text) for RCC_AHB1PeriphClockCmd
    can2.o(.text) refers to stm32f4xx_gpio.o(.text) for GPIO_PinAFConfig
    can2.o(.text) refers to nvic.o(.text) for NVIC_Set
    can2.o(.text) refers to stm32f4xx_can.o(.text) for CAN_DeInit
    can2.o(.text) refers to can2.o(.data) for can2_tx_success_flag
    can2.o(.text) refers to chassis_control.o(.data) for RM3510_1
    usart2.o(.text) refers to stm32f4xx_rcc.o(.text) for RCC_AHB1PeriphClockCmd
    usart2.o(.text) refers to stm32f4xx_gpio.o(.text) for GPIO_PinAFConfig
    usart2.o(.text) refers to stm32f4xx_usart.o(.text) for USART_DeInit
    usart2.o(.text) refers to nvic.o(.text) for NVIC_Set
    usart2.o(.text) refers to stm32f4xx_dma.o(.text) for DMA_DeInit
    usart2.o(.text) refers to usart2.o(.bss) for sbus_rx_buffer
    usart3.o(.text) refers to stm32f4xx_rcc.o(.text) for RCC_AHB1PeriphClockCmd
    usart3.o(.text) refers to stm32f4xx_gpio.o(.text) for GPIO_PinAFConfig
    usart3.o(.text) refers to stm32f4xx_usart.o(.text) for USART_Init
    usart3.o(.text) refers to nvic.o(.text) for NVIC_Set
    usart3.o(.text) refers to stm32f4xx_dma.o(.text) for DMA_DeInit
    usart3.o(.text) refers to sdbus.o(.text) for SDBUS_Dec
    usart3.o(.text) refers to printfb.o(i.__0printf$bare) for __2printf
    usart3.o(.text) refers to usart3.o(.data) for USART_RX_BUF
    usart3.o(.text) refers to sdbus.o(.data) for sdbus
    usart1.o(.text) refers to stm32f4xx_rcc.o(.text) for RCC_AHB1PeriphClockCmd
    usart1.o(.text) refers to stm32f4xx_gpio.o(.text) for GPIO_PinAFConfig
    usart1.o(.text) refers to stm32f4xx_usart.o(.text) for USART_DeInit
    usart1.o(.text) refers to nvic.o(.text) for NVIC_Set
    usart1.o(.text) refers to stm32f4xx_dma.o(.text) for DMA_DeInit
    usart1.o(.text) refers to dbus.o(.text) for DBUS_Dec
    usart1.o(.text) refers to sdbus.o(.text) for SDState_Set
    usart1.o(.text) refers to gimbal_control.o(.text) for Trigger_Control
    usart1.o(.text) refers to usart1.o(.bss) for dbus_buf
    usart1.o(.text) refers to sdbus.o(.data) for SDFlag
    usart1.o(.text) refers to gimbal_control.o(.data) for Pitch
    chassis_control.o(.text) refers to pid_algorithm.o(.text) for Velocity_Control_820R
    chassis_control.o(.text) refers to can2.o(.text) for Cmd_ESC_820R
    chassis_control.o(.text) refers to chassis_control.o(.data) for RM3510_1
    pid_algorithm.o(.text) refers to f2d.o(.text) for __aeabi_f2d
    pid_algorithm.o(.text) refers to cdcmple.o(.text) for __aeabi_cdcmple
    pid_algorithm.o(.text) refers to cdrcmple.o(.text) for __aeabi_cdrcmple
    pid_algorithm.o(.text) refers to pid_algorithm.o(.data) for error_v
    pid_algorithm.o(.text) refers to pid_algorithm.o(.bss) for error_l
    initialization.o(.text) refers to system_stm32f4xx.o(.text) for SystemInit
    initialization.o(.text) refers to misc.o(.text) for NVIC_PriorityGroupConfig
    initialization.o(.text) refers to led.o(.text) for Led_Configuration
    initialization.o(.text) refers to laser.o(.text) for Laser_Configuration
    initialization.o(.text) refers to usart1.o(.text) for USART1_Config
    initialization.o(.text) refers to usart3.o(.text) for USART3_Configuration
[...]
    ..\\Libraries\\stm32f4xx_rcc.c           0x00000000   Number         0  stm32f4xx_rcc.o ABSOLUTE
    ..\\Libraries\\stm32f4xx_syscfg.c        0x00000000   Number         0  stm32f4xx_syscfg.o ABSOLUTE
    ..\\Libraries\\stm32f4xx_tim.c           0x00000000   Number         0  stm32f4xx_tim.o ABSOLUTE
    ..\\Libraries\\stm32f4xx_usart.c         0x00000000   Number         0  stm32f4xx_usart.o ABSOLUTE
    ..\\Libraries\\system_stm32f4xx.c        0x00000000   Number         0  system_stm32f4xx.o ABSOLUTE
    ..\\MPU6050_HMC5883L\\mpu6050_hmc5883l_driver.c 0x00000000   Number         0  mpu6050_hmc5883l_driver.o ABSOLUTE
    ..\\MPU6050_HMC5883L\\mpu6050_hmc5883l_i2c.c 0x00000000   Number         0  mpu6050_hmc5883l_i2c.o ABSOLUTE
    ..\\MPU6050_HMC5883L\\mpu6050_hmc5883l_interrupt.c 0x00000000   Number         0  mpu6050_hmc5883l_interrupt.o ABSOLUTE
    ..\\MPU6050_HMC5883L\\mpu6050_hmc5883l_process.c 0x00000000   Number         0  mpu6050_hmc5883l_process.o ABSOLUTE
    ..\\Mylib\\buzzer.c                      0x00000000   Number         0  buzzer.o ABSOLUTE
    ..\\Mylib\\can1.c                        0x00000000   Number         0  can1.o ABSOLUTE
    ..\\Mylib\\can2.c                        0x00000000   Number         0  can2.o ABSOLUTE
    ..\\Mylib\\chassis_control.c             0x00000000   Number         0  chassis_control.o ABSOLUTE
    ..\\Mylib\\dbus.c                        0x00000000   Number         0  dbus.o ABSOLUTE
    ..\\Mylib\\delay.c                       0x00000000   Number         0  delay.o ABSOLUTE
    ..\\Mylib\\encoder.c                     0x00000000   Number         0  encoder.o ABSOLUTE
    ..\\Mylib\\gimbal_control.c              0x00000000   Number         0  gimbal_control.o ABSOLUTE
    ..\\Mylib\\initialization.c              0x00000000   Number         0  initialization.o ABSOLUTE
    ..\\Mylib\\laser.c                       0x00000000   Number         0  laser.o ABSOLUTE
    ..\\Mylib\\led.c                         0x00000000   Number         0  led.o ABSOLUTE
    ..\\Mylib\\nvic.c                        0x00000000   Number         0  nvic.o ABSOLUTE
    ..\\Mylib\\pid_algorithm.c               0x00000000   Number         0  pid_algorithm.o ABSOLUTE
    ..\\Mylib\\pwm.c                         0x00000000   Number         0  pwm.o ABSOLUTE
    ..\\Mylib\\sdbus.c                       0x00000000   Number         0  sdbus.o ABSOLUTE
    ..\\Mylib\\shoot_control.c               0x00000000   Number         0  shoot_control.o ABSOLUTE
    ..\\Mylib\\timer.c                       0x00000000   Number         0  timer.o ABSOLUTE
    ..\\Mylib\\usart1.c                      0x00000000   Number         0  usart1.o ABSOLUTE
    ..\\Mylib\\usart2.c                      0x00000000   Number         0  usart2.o ABSOLUTE
    ..\\Mylib\\usart3.c                      0x00000000   Number         0  usart3.o ABSOLUTE
    ..\\User\\main.c                         0x00000000   Number         0  main.o ABSOLUTE
    ..\\User\\stm32f4xx_it.c                 0x00000000   Number         0  stm32f4xx_it.o ABSOLUTE
    cdcmple.s                                0x00000000   Number         0  cdcmple.o ABSOLUTE
    cdrcmple.s                               0x00000000   Number         0  cdrcmple.o ABSOLUTE
    dc.s                                     0x00000000   Number         0  dc.o ABSOLUTE
    handlers.s                               0x00000000   Number         0  handlers.o ABSOLUTE
    init.s                                   0x00000000   Number         0  init.o ABSOLUTE
    RESET                                    0x08000000   Section      392  startup_stm32f4xx.o(RESET)
    .ARM.Collect$$$$00000000                 0x08000188   Section        0  entry.o(.ARM.Collect$$$$00000000)
    .ARM.Collect$$$$00000001                 0x08000188   Section        4  entry2.o(.ARM.Collect$$$$00000001)
    .ARM.Collect$$$$00000004                 0x0800018c   Section        4  entry5.o(.ARM.Collect$$$$00000004)
    .ARM.Collect$$$$00000008                 0x08000190   Section        0  entry7b.o(.ARM.Collect$$$$00000008)
    .ARM.Collect$$$$0000000A                 0x08000190   Section        0  entry8b.o(.ARM.Collect$$$$0000000A)
    .ARM.Collect$$$$0000000B                 0x08000190   Section        8  entry9a.o(.ARM.Collect$$$$0000000B)
    .ARM.Collect$$$$0000000D                 0x08000198   Section        0  entry10a.o(.ARM.Collect$$$$0000000D)
    .ARM.Collect$$$$0000000F                 0x08000198   Section        0  entry11a.o(.ARM.Collect$$$$0000000F)
    .ARM.Collect$$$$00002712                 0x08000198   Section        4  entry2.o(.ARM.Collect$$$$00002712)
    __lit__00000000                          0x08000198   Data           4  entry2.o(.ARM.Collect$$$$00002712)
    .text                                    0x0800019c   Section        0  main.o(.text)
    .text                                    0x080001e0   Section        0  stm32f4xx_it.o(.text)
    .text                                    0x080001f8   Section        0  led.o(.text)
    .text                                    0x08000238   Section        0  delay.o(.text)
    .text                                    0x08000270   Section        0  pwm.o(.text)
    .text                                    0x080003d0   Section        0  timer.o(.text)
    .text                                    0x080004b8   Section        0  can1.o(.text)
    .text                                    0x08000784   Section        0  can2.o(.text)
    .text                                    0x08001538   Section        0  usart2.o(.text)
    .text                                    0x08001668   Section        0  usart3.o(.text)
    .text                                    0x08001848   Section        0  dbus.o(.text)
    .text                                    0x08001970   Section        0  usart1.o(.text)
    .text                                    0x08001b24   Section        0  chassis_control.o(.text)
    .text                                    0x080020b0   Section        0  pid_algorithm.o(.text)
    .text                                    0x08002704   Section        0  initialization.o(.text)
    .text                                    0x0800278c   Section        0  gimbal_control.o(.text)
    .text                                    0x080028f8   Section        0  shoot_control.o(.text)
    .text                                    0x08002a40   Section        0  nvic.o(.text)
    .text                                    0x08002a6c   Section        0  laser.o(.text)
    .text                                    0x08002aa8   Section        0  encoder.o(.text)
    .text                                    0x08002b44   Section        0  sdbus.o(.text)
    .text                                    0x08002db8   Section        0  misc.o(.text)
    .text                                    0x08002e98   Section        0  stm32f4xx_tim.o(.text)
    TI4_Config                               0x08003637   Thumb Code    80  stm32f4xx_tim.o(.text)
    TI3_Config                               0x08003699   Thumb Code    72  stm32f4xx_tim.o(.text)
    TI2_Config                               0x080036fb   Thumb Code    90  stm32f4xx_tim.o(.text)
    TI1_Config                               0x08003767   Thumb Code    58  stm32f4xx_tim.o(.text)
    .text                                    0x08003b3c   Section        0  stm32f4xx_rcc.o(.text)
    .text                                    0x080040c4   Section        0  stm32f4xx_can.o(.text)
    CheckITStatus                            0x080048c7   Thumb Code    18  stm32f4xx_can.o(.text)
    .text                                    0x08004ab4   Section        0  stm32f4xx_exti.o(.text)
    .text                                    0x08004bd0   Section        0  stm32f4xx_gpio.o(.text)
    .text                                    0x08004e2c   Section        0  stm32f4xx_dma.o(.text)
    .text                                    0x080051d4   Section        0  stm32f4xx_usart.o(.text)
    .text                                    0x080055f0   Section        0  stm32f4xx_syscfg.o(.text)
    .text                                    0x0800567c   Section        0  system_stm32f4xx.o(.text)
    SetSysClock                              0x0800567d   Thumb Code   220  system_stm32f4xx.o(.text)
    .text                                    0x0800588c   Section       36  startup_stm32f4xx.o(.text)
    $v0                                      0x0800588c   Number         0  startup_stm32f4xx.o(.text)
    .text                                    0x080058b0   Section        0  mpu6050_hmc5883l_driver.o(.text)
    .text                                    0x08006028   Section        0  mpu6050_hmc5883l_i2c.o(.text)
    .text                                    0x08006494   Section        0  mpu6050_hmc5883l_interrupt.o(.text)
    .text                                    0x08006600   Section        0  mpu6050_hmc5883l_process.o(.text)
    .text                                    0x080080a8   Section        0  memcpya.o(.text)
    .text                                    0x080080cc   Section        0  dadd.o(.text)
    .text                                    0x0800821a   Section        0  dmul.o(.text)
    .text                                    0x080082fe   Section        0  ddiv.o(.text)
    .text                                    0x080083dc   Section        0  dflti.o(.text)
    .text                                    0x080083fe   Section        0  dfixi.o(.text)
    .text                                    0x0800843c   Section        0  f2d.o(.text)
    .text                                    0x08008464   Section       48  cdcmple.o(.text)
    .text                                    0x08008494   Section       48  cdrcmple.o(.text)
    .text                                    0x080084c4   Section        0  d2f.o(.text)
    .text                                    0x080084fc   Section        0  llshl.o(.text)
    .text                                    0x0800851a   Section        0  llushr.o(.text)
    .text                                    0x0800853a   Section        0  llsshr.o(.text)
    .text                                    0x0800855e   Section        0  iusefp.o(.text)
    .text                                    0x0800855e   Section        0  fepilogue.o(.text)
    .text                                    0x080085cc   Section        0  depilogue.o(.text)
    .text                                    0x08008686   Section        0  dsqrt.o(.text)
    .text                                    0x08008728   Section       36  init.o(.text)
    .text                                    0x0800874c   Section        0  dfltui.o(.text)
    .text                                    0x08008766   Section        0  __dczerorl2.o(.text)
    i.__0printf$bare                         0x080087bc   Section        0  printfb.o(i.__0printf$bare)
    i.__ARM_fpclassify                       0x080087cc   Section        0  fpclassify.o(i.__ARM_fpclassify)
    i.__hardfp_asin                          0x08008800   Section        0  asin.o(i.__hardfp_asin)
    i.__hardfp_atan                          0x08008b60   Section        0  atan.o(i.__hardfp_atan)
    i.__hardfp_atan2                         0x08008e38   Section        0  atan2.o(i.__hardfp_atan2)
    i.__hardfp_cos                           0x08009028   Section        0  cos.o(i.__hardfp_cos)
    i.__hardfp_sin                           0x080090f0   Section        0  sin.o(i.__hardfp_sin)
    i.__hardfp_sqrt                          0x080091b8   Section        0  sqrt.o(i.__hardfp_sqrt)
    i.__ieee754_rem_pio2                     0x08009238   Section        0  rred.o(i.__ieee754_rem_pio2)
    i.__kernel_cos                           0x08009670   Section        0  cos_i.o(i.__kernel_cos)
    i.__kernel_poly                          0x080097e0   Section        0  poly.o(i.__kernel_poly)
    i.__kernel_sin                           0x080098d8   Section        0  sin_i.o(i.__kernel_sin)
    i.__mathlib_dbl_infnan                   0x08009a08   Section        0  dunder.o(i.__mathlib_dbl_infnan)
    i.__mathlib_dbl_infnan2                  0x08009a1c   Section        0  dunder.o(i.__mathlib_dbl_infnan2)
    i.__mathlib_dbl_invalid                  0x08009a30   Section        0  dunder.o(i.__mathlib_dbl_invalid)
    i.__mathlib_dbl_underflow                0x08009a50   Section        0  dunder.o(i.__mathlib_dbl_underflow)
    i.__scatterload_copy                     0x08009a70   Section       14  handlers.o(i.__scatterload_copy)
    i.__scatterload_null                     0x08009a7e   Section        2  handlers.o(i.__scatterload_null)
    i.__scatterload_zeroinit                 0x08009a80   Section       14  handlers.o(i.__scatterload_zeroinit)
    i.__set_errno                            0x08009a90   Section        0  errno.o(i.__set_errno)
    i._printf_core                           0x08009a9c   Section        0  printfb.o(i._printf_core)
    _printf_core                             0x08009a9d   Thumb Code    34  printfb.o(i._printf_core)
    i.atan                                   0x08009abe   Section        0  atan.o(i.atan)
    i.fabs                                   0x08009ace   Section        0  fabs.o(i.fabs)
    i.sqrt                                   0x08009ae6   Section        0  sqrt.o(i.sqrt)
    .constdata                               0x08009b58   Section       80  asin.o(.constdata)
    pS                                       0x08009b58   Data          48  asin.o(.constdata)
    qS                                       0x08009b88   Data          32  asin.o(.constdata)
    .constdata                               0x08009ba8   Section      152  atan.o(.constdata)
    atanhi                                   0x08009ba8   Data          32  atan.o(.constdata)
    atanlo                                   0x08009bc8   Data          32  atan.o(.constdata)
    aTodd                                    0x08009be8   Data          40  atan.o(.constdata)
    aTeven                                   0x08009c10   Data          48  atan.o(.constdata)
    .constdata                               0x08009c40   Section       48  cos_i.o(.constdata)
    C                                        0x08009c40   Data          48  cos_i.o(.constdata)
    .constdata                               0x08009c70   Section        8  qnan.o(.constdata)
    .constdata                               0x08009c78   Section      200  rred.o(.constdata)
    pio2s                                    0x08009c78   Data          48  rred.o(.constdata)
    twooverpi                                0x08009ca8   Data         152  rred.o(.constdata)
    .constdata                               0x08009d40   Section       40  sin_i.o(.constdata)
    S                                        0x08009d40   Data          40  sin_i.o(.constdata)
    .data                                    0x20000000   Section        8  pwm.o(.data)
    .data                                    0x20000008   Section        3  can1.o(.data)
    Can1_CNT                                 0x20000008   Data           2  can1.o(.data)
    .data                                    0x2000000b   Section        1  can2.o(.data)
    .data                                    0x2000000c   Section        6  usart3.o(.data)
    .data                                    0x20000014   Section       84  chassis_control.o(.data)
    .data                                    0x20000068   Section       92  pid_algorithm.o(.data)
    error_v                                  0x20000068   Data           8  pid_algorithm.o(.data)
    output                                   0x20000070   Data           4  pid_algorithm.o(.data)
    error_l                                  0x20000074   Data           8  pid_algorithm.o(.data)
    output                                   0x2000007c   Data           4  pid_algorithm.o(.data)
    inte                                     0x20000080   Data           4  pid_algorithm.o(.data)
    error_v                                  0x20000084   Data           8  pid_algorithm.o(.data)
    output                                   0x2000008c   Data           4  pid_algorithm.o(.data)
    output                                   0x20000090   Data           4  pid_algorithm.o(.data)
    error_l                                  0x20000094   Data           8  pid_algorithm.o(.data)
    output                                   0x2000009c   Data           4  pid_algorithm.o(.data)
    inte                                     0x200000a0   Data           4  pid_algorithm.o(.data)
    error_l                                  0x200000a4   Data           8  pid_algorithm.o(.data)
    output                                   0x200000ac   Data           4  pid_algorithm.o(.data)
    inte                                     0x200000b0   Data           4  pid_algorithm.o(.data)
    error_l                                  0x200000b4   Data           8  pid_algorithm.o(.data)
    output                                   0x200000bc   Data           4  pid_algorithm.o(.data)
    inte                                     0x200000c0   Data           4  pid_algorithm.o(.data)
    .data                                    0x200000c4   Section       48  gimbal_control.o(.data)
    .data                                    0x200000f4   Section       12  shoot_control.o(.data)
    .data                                    0x20000100   Section        1  encoder.o(.data)
    Encoder_Dir                              0x20000100   Data           1  encoder.o(.data)
    .data                                    0x20000104   Section       24  sdbus.o(.data)
    .data                                    0x2000011c   Section       16  stm32f4xx_rcc.o(.data)
    APBAHBPrescTable                         0x2000011c   Data          16  stm32f4xx_rcc.o(.data)
    .data                                    0x2000012c   Section       20  system_stm32f4xx.o(.data)
    .data                                    0x20000140   Section       20  mpu6050_hmc5883l_driver.o(.data)
    .data                                    0x20000154   Section      116  mpu6050_hmc5883l_process.o(.data)
    first_flag                               0x2000019c   Data           4  mpu6050_hmc5883l_process.o(.data)
    filter_cnt                               0x200001a0   Data           4  mpu6050_hmc5883l_process.o(.data)
    exInt                                    0x200001a4   Data           4  mpu6050_hmc5883l_process.o(.data)
    eyInt                                    0x200001a8   Data           4  mpu6050_hmc5883l_process.o(.data)
    ezInt                                    0x200001ac   Data           4  mpu6050_hmc5883l_process.o(.data)
    vel_xn                                   0x200001b0   Data           4  mpu6050_hmc5883l_process.o(.data)
    vel_yn                                   0x200001b4   Data           4  mpu6050_hmc5883l_process.o(.data)
    vel_zn                                   0x200001b8   Data           4  mpu6050_hmc5883l_process.o(.data)
    pos_xn                                   0x200001bc   Data           4  mpu6050_hmc5883l_process.o(.data)
    pos_yn                                   0x200001c0   Data           4  mpu6050_hmc5883l_process.o(.data)
    pos_zn                                   0x200001c4   Data           4  mpu6050_hmc5883l_process.o(.data)
    .data                                    0x200001c8   Section        4  stdout.o(.data)
    .data                                    0x200001cc   Section        4  errno.o(.data)
    _errno                                   0x200001cc   Data           4  errno.o(.data)
    .bss                                     0x200001d0   Section       18  usart2.o(.bss)
    .bss                                     0x200001e2   Section       40  usart1.o(.bss)
    .bss                                     0x2000020c   Section       12  pid_algorithm.o(.bss)
    error_l                                  0x2000020c   Data          12  pid_algorithm.o(.bss)
    .bss                                     0x20000218   Section       60  mpu6050_hmc5883l_driver.o(.bss)
    .bss                                     0x20000254   Section       84  mpu6050_hmc5883l_process.o(.bss)
    accel_x_buffer                           0x2000026c   Data          20  mpu6050_hmc5883l_process.o(.bss)
    accel_y_buffer                           0x20000280   Data          20  mpu6050_hmc5883l_process.o(.bss)
    accel_z_buffer                           0x20000294   Data          20  mpu6050_hmc5883l_process.o(.bss)
    STACK                                    0x200002a8   Section     1024  startup_stm32f4xx.o(STACK)

    Global Symbols

    Symbol Name                              Value     Ov Type        Size  Object(Section)

    BuildAttributes$$THM_ISAv4$E$P$D$K$B$S$7EM$VFPi3$EXTD16$VFPS$VFMA$PE$A:L22UL41UL21$X:L11$S22US41US21$IEEE1$IW$USESV6$~STKCKD$USESV7$~SHL$OTIME$ROPI$IEEEX$EBA8$MICROLIB$REQ8$PRES8$EABIv2 0x00000000   Number         0  anon$$obj.o ABSOLUTE
    __ARM_use_no_argv                        0x00000000   Number         0  main.o ABSOLUTE
    __cpp_initialize__aeabi_                  - Undefined Weak Reference
    __cxa_finalize                            - Undefined Weak Reference
    _clock_init                               - Undefined Weak Reference
    _microlib_exit                            - Undefined Weak Reference
    __Vectors_Size                           0x00000188   Number         0  startup_stm32f4xx.o ABSOLUTE
    __Vectors                                0x08000000   Data           4  startup_stm32f4xx.o(RESET)
    __Vectors_End                            0x08000188   Data           0  startup_stm32f4xx.o(RESET)
    __main                                   0x08000189   Thumb Code     0  entry.o(.ARM.Collect$$$$00000000)
    _main_stk                                0x08000189   Thumb Code     0  entry2.o(.ARM.Collect$$$$00000001)
    _main_scatterload                        0x0800018d   Thumb Code     0  entry5.o(.ARM.Collect$$$$00000004)
    __main_after_scatterload                 0x08000191   Thumb Code     0  entry5.o(.ARM.Collect$$$$00000004)
    _main_clock                              0x08000191   Thumb Code     0  entry7b.o(.ARM.Collect$$$$00000008)
    _main_cpp_init                           0x08000191   Thumb Code     0  entry8b.o(.ARM.Collect$$$$0000000A)
    _main_init                               0x08000191   Thumb Code     0  entry9a.o(.ARM.Collect$$$$0000000B)
    __rt_final_cpp                           0x08000199   Thumb Code     0  entry10a.o(.ARM.Collect$$$$0000000D)
    __rt_final_exit                          0x08000199   Thumb Code     0  entry11a.o(.ARM.Collect$$$$0000000F)
    main                                     0x0800019d   Thumb Code    62  main.o(.text)
    NMI_Handler                              0x080001e1   Thumb Code     2  stm32f4xx_it.o(.text)
    HardFault_Handler                        0x080001e3   Thumb Code     4  stm32f4xx_it.o(.text)
    MemManage_Handler                        0x080001e7   Thumb Code     4  stm32f4xx_it.o(.text)
    BusFault_Handler                         0x080001eb   Thumb Code     4  stm32f4xx_it.o(.text)
    UsageFault_Handler                       0x080001ef   Thumb Code     4  stm32f4xx_it.o(.text)
    SVC_Handler                              0x080001f3   Thumb Code     2  stm32f4xx_it.o(.text)
    DebugMon_Handler                         0x080001f5   Thumb Code     2  stm32f4xx_it.o(.text)
    PendSV_Handler                           0x080001f7   Thumb Code     2  stm32f4xx_it.o(.text)
    Led_Configuration                        0x080001f9   Thumb Code    58  led.o(.text)
    delay_ms                                 0x08000239   Thumb Code    28  delay.o(.text)
    delay_us                                 0x08000255   Thumb Code    26  delay.o(.text)
    PWM_Configuration                        0x08000271   Thumb Code   302  pwm.o(.text)
    ShootMotorSpeedSet                       0x0800039f   Thumb Code    30  pwm.o(.text)
    TIM6_Configuration                       0x080003d1   Thumb Code    54  timer.o(.text)
    TIM6_Start                               0x08000407   Thumb Code    30  timer.o(.text)
    TIM6_DAC_IRQHandler                      0x08000425   Thumb Code    34  timer.o(.text)
    TIM2_Configuration                       0x08000447   Thumb Code    60  timer.o(.text)
    TIM2_IRQHandler                          0x08000483   Thumb Code    38  timer.o(.text)
    Get_Time_Micros                          0x080004a9   Thumb Code     8  timer.o(.text)
    CAN1_Configuration                       0x080004b9   Thumb Code   220  can1.o(.text)
    CAN1_TX_IRQHandler                       0x08000595   Thumb Code    28  can1.o(.text)
    CAN1_RX0_IRQHandler                      0x080005b1   Thumb Code   280  can1.o(.text)
    Cmd_ESC                                  0x080006c9   Thumb Code    84  can1.o(.text)
    Cmd_Reset                                0x0800071d   Thumb Code    78  can1.o(.text)
    CAN2_Configuration                       0x08000785   Thumb Code   242  can2.o(.text)
    CAN2_TX_IRQHandler                       0x08000877   Thumb Code    28  can2.o(.text)
    CAN2_RX1_IRQHandler                      0x08000893   Thumb Code   244  can2.o(.text)
    Cmd_ESC_820R                             0x08000987   Thumb Code    94  can2.o(.text)
    CAN_RoboModule_DRV_Reset                 0x080009e5   Thumb Code   198  can2.o(.text)
    CAN_RoboModule_DRV_Mode_Choice           0x08000aab   Thumb Code   198  can2.o(.text)
    CAN_RoboModule_DRV_PWM_Mode              0x08000b71   Thumb Code   254  can2.o(.text)
    CAN_RoboModule_DRV_PWM_Current_Mode      0x08000c6f   Thumb Code   266  can2.o(.text)
    CAN_RoboModule_DRV_PWM_Velocity_Mode     0x08000d79   Thumb Code   246  can2.o(.text)
    CAN_RoboModule_DRV_PWM_Position_Mode     0x08000e6f   Thumb Code   250  can2.o(.text)
    CAN_RoboModule_DRV_PWM_Velocity_Position_Mode 0x08000f69   Thumb Code   300  can2.o(.text)
    CAN_RoboModule_DRV_Current_Velocity_Mode 0x08001095   Thumb Code   246  can2.o(.text)
    CAN_RoboModule_DRV_Current_Position_Mode 0x0800118b   Thumb Code   250  can2.o(.text)
    CAN_RoboModule_DRV_Current_Velocity_Position_Mode 0x08001285   Thumb Code   262  can2.o(.text)
    CAN_RoboModule_DRV_Config                0x0800138b   Thumb Code   226  can2.o(.text)
    CAN_RoboModule_DRV_Online_Check          0x0800146d   Thumb Code   196  can2.o(.text)
    USART2_Configuration                     0x08001539   Thumb Code   242  usart2.o(.text)
    DMA1_Stream5_IRQHandler                  0x0800162b   Thumb Code    30  usart2.o(.text)
    USART3_Configuration                     0x08001669   Thumb Code   258  usart3.o(.text)
    DMA1_Stream1_IRQHandler                  0x0800176b   Thumb Code    50  usart3.o(.text)
    USART3_SendChar                          0x0800179d   Thumb Code    28  usart3.o(.text)
    USART3_SendStr                           0x080017b9   Thumb Code    22  usart3.o(.text)
    fputc                                    0x080017cf   Thumb Code    32  usart3.o(.text)
    USART3_TX_ROS                            0x080017ef   Thumb Code    32  usart3.o(.text)
    DBUS_Enc                                 0x08001849   Thumb Code   122  dbus.o(.text)
    DBUS_Dec                                 0x080018c3   Thumb Code   150  dbus.o(.text)
    DBUS_Det                                 0x08001959   Thumb Code    24  dbus.o(.text)
    USART1_Config                            0x08001971   Thumb Code   242  usart1.o(.text)
    DMA2_Stream5_IRQHandler                  0x08001a63   Thumb Code   150  usart1.o(.text)
    ChassisMotor_Velocity_Control            0x08001b25   Thumb Code   376  chassis_control.o(.text)
    ChassisMotor_Position_Control            0x08001c9d   Thumb Code   488  chassis_control.o(.text)
    TransMove                                0x08001e85   Thumb Code   318  chassis_control.o(.text)
    move_control                             0x08001fc3   Thumb Code   232  chassis_control.o(.text)
    Velocity_Control_206                     0x080020b1   Thumb Code   228  pid_algorithm.o(.text)
    Position_Control_206                     0x08002195   Thumb Code   216  pid_algorithm.o(.text)
    Velocity_Control_205                     0x0800226d   Thumb Code   228  pid_algorithm.o(.text)
    Position_Control_205                     0x08002351   Thumb Code   200  pid_algorithm.o(.text)
    Velocity_Control_820R                    0x08002419   Thumb Code   302  pid_algorithm.o(.text)
    Position_Control_820R                    0x08002547   Thumb Code   212  pid_algorithm.o(.text)
    Velocity_Control_Shoot                   0x0800261b   Thumb Code   200  pid_algorithm.o(.text)
    Initialization                           0x08002705   Thumb Code   132  initialization.o(.text)
    Gimbal_Control                           0x0800278d   Thumb Code   196  gimbal_control.o(.text)
    Trigger_Control                          0x08002851   Thumb Code   154  gimbal_control.o(.text)
    ShootMotor_Velocity_Control              0x080028f9   Thumb Code    54  shoot_control.o(.text)
    BLDC_control                             0x0800292f   Thumb Code   134  shoot_control.o(.text)
    Fire                                     0x080029b5   Thumb Code   110  shoot_control.o(.text)
    NVIC_Configuration                       0x08002a41   Thumb Code     2  nvic.o(.text)
    NVIC_Set                                 0x08002a43   Thumb Code    40  nvic.o(.text)
    Laser_Configuration                      0x08002a6d   Thumb Code    54  laser.o(.text)
    Quad_Encoder_Configuration               0x08002aa9   Thumb Code    90  encoder.o(.text)
    Encoder_Start                            0x08002b03   Thumb Code    12  encoder.o(.text)
    GetQuadEncoderDiff                       0x08002b0f   Thumb Code    40  encoder.o(.text)
    SDState_Set                              0x08002b45   Thumb Code    96  sdbus.o(.text)
    SD_TriggerControl                        0x08002ba5   Thumb Code   288  sdbus.o(.text)
    SDBUS_Enc                                0x08002cc5   Thumb Code   140  sdbus.o(.text)
    SDBUS_Dec                                0x08002d51   Thumb Code    62  sdbus.o(.text)
    NVIC_PriorityGroupConfig                 0x08002db9   Thumb Code    10  misc.o(.text)
    NVIC_Init                                0x08002dc3   Thumb Code   106  misc.o(.text)
    NVIC_SetVectorTable                      0x08002e2d   Thumb Code    14  misc.o(.text)
    NVIC_SystemLPConfig                      0x08002e3b   Thumb Code    34  misc.o(.text)
    SysTick_CLKSourceConfig                  0x08002e5d   Thumb Code    40  misc.o(.text)
    TIM_DeInit                               0x08002e99   Thumb Code   346  stm32f4xx_tim.o(.text)
    TIM_TimeBaseInit                         0x08002ff3   Thumb Code   104  stm32f4xx_tim.o(.text)
    TIM_TimeBaseStructInit                   0x0800305b   Thumb Code    18  stm32f4xx_tim.o(.text)
    TIM_PrescalerConfig                      0x0800306d   Thumb Code     6  stm32f4xx_tim.o(.text)
    TIM_CounterModeConfig                    0x08003073   Thumb Code    18  stm32f4xx_tim.o(.text)
    TIM_SetCounter                           0x08003085   Thumb Code     4  stm32f4xx_tim.o(.text)
    TIM_SetAutoreload                        0x08003089   Thumb Code     4  stm32f4xx_tim.o(.text)
    TIM_GetCounter                           0x0800308d   Thumb Code     6  stm32f4xx_tim.o(.text)
    TIM_GetPrescaler                         0x08003093   Thumb Code     6  stm32f4xx_tim.o(.text)
    TIM_UpdateDisableConfig                  0x08003099   Thumb Code    24  stm32f4xx_tim.o(.text)
    TIM_UpdateRequestConfig                  0x080030b1   Thumb Code    24  stm32f4xx_tim.o(.text)
    TIM_ARRPreloadConfig                     0x080030c9   Thumb Code    24  stm32f4xx_tim.o(.text)
    TIM_SelectOnePulseMode                   0x080030e1   Thumb Code    18  stm32f4xx_tim.o(.text)
    TIM_SetClockDivision                     0x080030f3   Thumb Code    18  stm32f4xx_tim.o(.text)
    TIM_Cmd                                  0x08003105   Thumb Code    24  stm32f4xx_tim.o(.text)
    TIM_OC1Init                              0x0800311d   Thumb Code   114  stm32f4xx_tim.o(.text)
    TIM_OC2Init                              0x0800318f   Thumb Code   154  stm32f4xx_tim.o(.text)
    TIM_OC3Init                              0x08003229   Thumb Code   204  stm32f4xx_tim.o(.text)
    TIM_OC4Init                              0x080032f5   Thumb Code   112  stm32f4xx_tim.o(.text)
    TIM_OCStructInit                         0x08003365   Thumb Code    20  stm32f4xx_tim.o(.text)
    TIM_SelectOCxM                           0x08003379   Thumb Code    86  stm32f4xx_tim.o(.text)
    TIM_SetCompare1                          0x080033cf   Thumb Code     4  stm32f4xx_tim.o(.text)
    TIM_SetCompare2                          0x080033d3   Thumb Code     4  stm32f4xx_tim.o(.text)
    TIM_SetCompare3                          0x080033d7   Thumb Code     4  stm32f4xx_tim.o(.text)
    TIM_SetCompare4                          0x080033db   Thumb Code     4  stm32f4xx_tim.o(.text)
    TIM_ForcedOC1Config                      0x080033df   Thumb Code    18  stm32f4xx_tim.o(.text)
    TIM_ForcedOC2Config                      0x080033f1   Thumb Code    26  stm32f4xx_tim.o(.text)
    TIM_ForcedOC3Config                      0x0800340b   Thumb Code    18  stm32f4xx_tim.o(.text)
    TIM_ForcedOC4Config                      0x0800341d   Thumb Code    26  stm32f4xx_tim.o(.text)
    TIM_OC1PreloadConfig                     0x08003437   Thumb Code    18  stm32f4xx_tim.o(.text)
    TIM_OC2PreloadConfig                     0x08003449   Thumb Code    26  stm32f4xx_tim.o(.text)
    TIM_OC3PreloadConfig                     0x08003463   Thumb Code    18  stm32f4xx_tim.o(.text)
    TIM_OC4PreloadConfig                     0x08003475   Thumb Code    26  stm32f4xx_tim.o(.text)
    TIM_OC1FastConfig                        0x0800348f   Thumb Code    18  stm32f4xx_tim.o(.text)
    TIM_OC2FastConfig                        0x080034a1   Thumb Code    26  stm32f4xx_tim.o(.text)
    TIM_OC3FastConfig                        0x080034bb   Thumb Code    18  stm32f4xx_tim.o(.text)
    TIM_OC4FastConfig                        0x080034cd   Thumb Code    26  stm32f4xx_tim.o(.text)
    TIM_ClearOC1Ref                          0x080034e7   Thumb Code    18  stm32f4xx_tim.o(.text)
    TIM_ClearOC2Ref                          0x080034f9   Thumb Code    24  stm32f4xx_tim.o(.text)
    TIM_ClearOC3Ref                          0x08003511   Thumb Code    18  stm32f4xx_tim.o(.text)
    TIM_ClearOC4Ref                          0x08003523   Thumb Code    24  stm32f4xx_tim.o(.text)
    TIM_OC1PolarityConfig                    0x0800353b   Thumb Code    18  stm32f4xx_tim.o(.text)
    TIM_OC1NPolarityConfig                   0x0800354d   Thumb Code    18  stm32f4xx_tim.o(.text)
    TIM_OC2PolarityConfig                    0x0800355f   Thumb Code    26  stm32f4xx_tim.o(.text)
    TIM_OC2NPolarityConfig                   0x08003579   Thumb Code    26  stm32f4xx_tim.o(.text)
    TIM_OC3PolarityConfig                    0x08003593   Thumb Code    26  stm32f4xx_tim.o(.text)
    TIM_OC3NPolarityConfig                   0x080035ad   Thumb Code    26  stm32f4xx_tim.o(.text)
    TIM_OC4PolarityConfig                    0x080035c7   Thumb Code    26  stm32f4xx_tim.o(.text)
    TIM_CCxCmd                               0x080035e1   Thumb Code    30  stm32f4xx_tim.o(.text)
    TIM_CCxNCmd                              0x080035ff   Thumb Code    30  stm32f4xx_tim.o(.text)
    TIM_SetIC4Prescaler                      0x0800361d   Thumb Code    26  stm32f4xx_tim.o(.text)
    TIM_SetIC3Prescaler                      0x08003687   Thumb Code    18  stm32f4xx_tim.o(.text)
    TIM_SetIC2Prescaler                      0x080036e1   Thumb Code    26  stm32f4xx_tim.o(.text)
    TIM_SetIC1Prescaler                      0x08003755   Thumb Code    18  stm32f4xx_tim.o(.text)
    TIM_ICInit                               0x080037a1   Thumb Code   110  stm32f4xx_tim.o(.text)
    TIM_ICStructInit                         0x0800380f   Thumb Code    18  stm32f4xx_tim.o(.text)
    TIM_PWMIConfig                           0x08003821   Thumb Code   124  stm32f4xx_tim.o(.text)
    TIM_GetCapture1                          0x0800389d   Thumb Code     6  stm32f4xx_tim.o(.text)
    TIM_GetCapture2                          0x080038a3   Thumb Code     6  stm32f4xx_tim.o(.text)
    TIM_GetCapture3                          0x080038a9   Thumb Code     6  stm32f4xx_tim.o(.text)
    TIM_GetCapture4                          0x080038af   Thumb Code     6  stm32f4xx_tim.o(.text)
    TIM_BDTRConfig                           0x080038b5   Thumb Code    32  stm32f4xx_tim.o(.text)
    TIM_BDTRStructInit                       0x080038d5   Thumb Code    18  stm32f4xx_tim.o(.text)
    TIM_CtrlPWMOutputs                       0x080038e7   Thumb Code    30  stm32f4xx_tim.o(.text)
    TIM_SelectCOM                            0x08003905   Thumb Code    24  stm32f4xx_tim.o(.text)
    TIM_CCPreloadControl                     0x0800391d   Thumb Code    24  stm32f4xx_tim.o(.text)
    TIM_ITConfig                             0x08003935   Thumb Code    18  stm32f4xx_tim.o(.text)
    TIM_GenerateEvent                        0x08003947   Thumb Code     4  stm32f4xx_tim.o(.text)
    TIM_GetFlagStatus                        0x0800394b   Thumb Code    18  stm32f4xx_tim.o(.text)
    TIM_ClearFlag                            0x0800395d   Thumb Code     6  stm32f4xx_tim.o(.text)
    TIM_GetITStatus                          0x08003963   Thumb Code    34  stm32f4xx_tim.o(.text)
    TIM_ClearITPendingBit                    0x08003985   Thumb Code     6  stm32f4xx_tim.o(.text)
    TIM_DMAConfig                            0x0800398b   Thumb Code    10  stm32f4xx_tim.o(.text)
    TIM_DMACmd                               0x08003995   Thumb Code    18  stm32f4xx_tim.o(.text)
    TIM_SelectCCDMA                          0x080039a7   Thumb Code    24  stm32f4xx_tim.o(.text)
    TIM_InternalClockConfig                  0x080039bf   Thumb Code    12  stm32f4xx_tim.o(.text)
    TIM_SelectInputTrigger                   0x080039cb   Thumb Code    18  stm32f4xx_tim.o(.text)
    TIM_ITRxExternalClockConfig              0x080039dd   Thumb Code    24  stm32f4xx_tim.o(.text)
    TIM_TIxExternalClockConfig               0x080039f5   Thumb Code    62  stm32f4xx_tim.o(.text)
    TIM_ETRConfig                            0x08003a33   Thumb Code    28  stm32f4xx_tim.o(.text)
    TIM_ETRClockMode1Config                  0x08003a4f   Thumb Code    54  stm32f4xx_tim.o(.text)
    TIM_ETRClockMode2Config                  0x08003a85   Thumb Code    32  stm32f4xx_tim.o(.text)
    TIM_SelectOutputTrigger                  0x08003aa5   Thumb Code    18  stm32f4xx_tim.o(.text)
    TIM_SelectSlaveMode                      0x08003ab7   Thumb Code    18  stm32f4xx_tim.o(.text)
    TIM_SelectMasterSlaveMode                0x08003ac9   Thumb Code    18  stm32f4xx_tim.o(.text)
    TIM_EncoderInterfaceConfig               0x08003adb   Thumb Code    66  stm32f4xx_tim.o(.text)
    TIM_SelectHallSensor                     0x08003b1d   Thumb Code    24  stm32f4xx_tim.o(.text)
    TIM_RemapConfig                          0x08003b35   Thumb Code     6  stm32f4xx_tim.o(.text)
    RCC_DeInit                               0x08003b3d   Thumb Code    60  stm32f4xx_rcc.o(.text)
    RCC_HSEConfig                            0x08003b79   Thumb Code    14  stm32f4xx_rcc.o(.text)
    RCC_GetFlagStatus                        0x08003b87   Thumb Code    60  stm32f4xx_rcc.o(.text)
    RCC_WaitForHSEStartUp                    0x08003bc3   Thumb Code    56  stm32f4xx_rcc.o(.text)
    RCC_AdjustHSICalibrationValue            0x08003bfb   Thumb Code    20  stm32f4xx_rcc.o(.text)
    RCC_HSICmd                               0x08003c0f   Thumb Code     6  stm32f4xx_rcc.o(.text)
    RCC_LSEConfig                            0x08003c15   Thumb Code    46  stm32f4xx_rcc.o(.text)
    RCC_LSICmd                               0x08003c43   Thumb Code     6  stm32f4xx_rcc.o(.text)
    RCC_PLLConfig                            0x08003c49   Thumb Code    32  stm32f4xx_rcc.o(.text)
    RCC_PLLCmd                               0x08003c69   Thumb Code     6  stm32f4xx_rcc.o(.text)
    RCC_PLLI2SConfig                         0x08003c6f   Thumb Code    14  stm32f4xx_rcc.o(.text)
    RCC_PLLI2SCmd                            0x08003c7d   Thumb Code     6  stm32f4xx_rcc.o(.text)
    RCC_ClockSecuritySystemCmd               0x08003c83   Thumb Code     6  stm32f4xx_rcc.o(.text)
    RCC_MCO1Config                           0x08003c89   Thumb Code    28  stm32f4xx_rcc.o(.text)
    RCC_MCO2Config                           0x08003ca5   Thumb Code    28  stm32f4xx_rcc.o(.text)
    RCC_SYSCLKConfig                         0x08003cc1   Thumb Code    20  stm32f4xx_rcc.o(.text)
    RCC_GetSYSCLKSource                      0x08003cd5   Thumb Code    12  stm32f4xx_rcc.o(.text)
    RCC_HCLKConfig                           0x08003ce1   Thumb Code    20  stm32f4xx_rcc.o(.text)
    RCC_PCLK1Config                          0x08003cf5   Thumb Code    20  stm32f4xx_rcc.o(.text)
    RCC_PCLK2Config                          0x08003d09   Thumb Code    22  stm32f4xx_rcc.o(.text)
    RCC_GetClocksFreq                        0x08003d1f   Thumb Code   222  stm32f4xx_rcc.o(.text)
    RCC_RTCCLKConfig                         0x08003dfd   Thumb Code    54  stm32f4xx_rcc.o(.text)
    RCC_RTCCLKCmd                            0x08003e33   Thumb Code     8  stm32f4xx_rcc.o(.text)
    RCC_BackupResetCmd                       0x08003e3b   Thumb Code     8  stm32f4xx_rcc.o(.text)
    RCC_I2SCLKConfig                         0x08003e43   Thumb Code     6  stm32f4xx_rcc.o(.text)
    RCC_AHB1PeriphClockCmd                   0x08003e49   Thumb Code    34  stm32f4xx_rcc.o(.text)
    RCC_AHB2PeriphClockCmd                   0x08003e6b   Thumb Code    34  stm32f4xx_rcc.o(.text)
    RCC_AHB3PeriphClockCmd                   0x08003e8d   Thumb Code    34  stm32f4xx_rcc.o(.text)
    RCC_APB1PeriphClockCmd                   0x08003eaf   Thumb Code    34  stm32f4xx_rcc.o(.text)
    RCC_APB2PeriphClockCmd                   0x08003ed1   Thumb Code    34  stm32f4xx_rcc.o(.text)
    RCC_AHB1PeriphResetCmd                   0x08003ef3   Thumb Code    34  stm32f4xx_rcc.o(.text)
    RCC_AHB2PeriphResetCmd                   0x08003f15   Thumb Code    72  stm32f4xx_rcc.o(.text)
    RCC_AHB3PeriphResetCmd                   0x08003f5d   Thumb Code    34  stm32f4xx_rcc.o(.text)
    RCC_APB1PeriphResetCmd                   0x08003f7f   Thumb Code    34  stm32f4xx_rcc.o(.text)
    RCC_APB2PeriphResetCmd                   0x08003fa1   Thumb Code    34  stm32f4xx_rcc.o(.text)
    RCC_AHB1PeriphClockLPModeCmd             0x08003fc3   Thumb Code    34  stm32f4xx_rcc.o(.text)
    RCC_AHB2PeriphClockLPModeCmd             0x08003fe5   Thumb Code    34  stm32f4xx_rcc.o(.text)
    RCC_AHB3PeriphClockLPModeCmd             0x08004007   Thumb Code    34  stm32f4xx_rcc.o(.text)
    RCC_APB1PeriphClockLPModeCmd             0x08004029   Thumb Code    34  stm32f4xx_rcc.o(.text)
    RCC_APB2PeriphClockLPModeCmd             0x0800404b   Thumb Code    34  stm32f4xx_rcc.o(.text)
    RCC_ITConfig                             0x0800406d   Thumb Code    34  stm32f4xx_rcc.o(.text)
    RCC_ClearFlag                            0x0800408f   Thumb Code    18  stm32f4xx_rcc.o(.text)
    RCC_GetITStatus                          0x080040a1   Thumb Code    22  stm32f4xx_rcc.o(.text)
    RCC_ClearITPendingBit                    0x080040b7   Thumb Code     8  stm32f4xx_rcc.o(.text)
    CAN_DeInit                               0x080040c5   Thumb Code    50  stm32f4xx_can.o(.text)
    CAN_Init                                 0x080040f7   Thumb Code   276  stm32f4xx_can.o(.text)
    CAN_FilterInit                           0x0800420b   Thumb Code   258  stm32f4xx_can.o(.text)
    CAN_StructInit                           0x0800430d   Thumb Code    32  stm32f4xx_can.o(.text)
    CAN_SlaveStartBank                       0x0800432d   Thumb Code    48  stm32f4xx_can.o(.text)
    CAN_DBGFreeze                            0x0800435d   Thumb Code    22  stm32f4xx_can.o(.text)
    CAN_TTComModeCmd                         0x08004373   Thumb Code   118  stm32f4xx_can.o(.text)
    CAN_Transmit                             0x080043e9   Thumb Code   304  stm32f4xx_can.o(.text)
    CAN_TransmitStatus                       0x08004519   Thumb Code   138  stm32f4xx_can.o(.text)
    CAN_CancelTransmit                       0x080045a3   Thumb Code    48  stm32f4xx_can.o(.text)
    CAN_Receive                              0x080045d3   Thumb Code   240  stm32f4xx_can.o(.text)
    CAN_FIFORelease                          0x080046c3   Thumb Code    22  stm32f4xx_can.o(.text)
    CAN_MessagePending                       0x080046d9   Thumb Code    30  stm32f4xx_can.o(.text)
    CAN_OperatingModeRequest                 0x080046f7   Thumb Code   162  stm32f4xx_can.o(.text)
    CAN_Sleep                                0x08004799   Thumb Code    30  stm32f4xx_can.o(.text)
    CAN_WakeUp                               0x080047b7   Thumb Code    48  stm32f4xx_can.o(.text)
    CAN_GetLastErrorCode                     0x080047e7   Thumb Code    12  stm32f4xx_can.o(.text)
    CAN_GetReceiveErrorCounter               0x080047f3   Thumb Code    10  stm32f4xx_can.o(.text)
    CAN_GetLSBTransmitErrorCounter           0x080047fd   Thumb Code    12  stm32f4xx_can.o(.text)
    CAN_ITConfig                             0x08004809   Thumb Code    18  stm32f4xx_can.o(.text)
    CAN_GetFlagStatus                        0x0800481b   Thumb Code   120  stm32f4xx_can.o(.text)
    CAN_ClearFlag                            0x08004893   Thumb Code    52  stm32f4xx_can.o(.text)
    CAN_GetITStatus                          0x080048d9   Thumb Code   310  stm32f4xx_can.o(.text)
    CAN_ClearITPendingBit                    0x08004a0f   Thumb Code   162  stm32f4xx_can.o(.text)
    EXTI_DeInit                              0x08004ab5   Thumb Code    28  stm32f4xx_exti.o(.text)
    EXTI_Init                                0x08004ad1   Thumb Code   142  stm32f4xx_exti.o(.text)
    EXTI_StructInit                          0x08004b5f   Thumb Code    16  stm32f4xx_exti.o(.text)
    EXTI_GenerateSWInterrupt                 0x08004b6f   Thumb Code    16  stm32f4xx_exti.o(.text)
    EXTI_GetFlagStatus                       0x08004b7f   Thumb Code    22  stm32f4xx_exti.o(.text)
    EXTI_ClearFlag                           0x08004b95   Thumb Code     8  stm32f4xx_exti.o(.text)
    EXTI_GetITStatus                         0x08004b9d   Thumb Code    34  stm32f4xx_exti.o(.text)
    EXTI_ClearITPendingBit                   0x08004bbf   Thumb Code     8  stm32f4xx_exti.o(.text)
    GPIO_DeInit                              0x08004bd1   Thumb Code   220  stm32f4xx_gpio.o(.text)
    GPIO_Init                                0x08004cad   Thumb Code   144  stm32f4xx_gpio.o(.text)
    GPIO_StructInit                          0x08004d3d   Thumb Code    18  stm32f4xx_gpio.o(.text)
    GPIO_PinLockConfig                       0x08004d4f   Thumb Code    34  stm32f4xx_gpio.o(.text)
    GPIO_ReadInputDataBit                    0x08004d71   Thumb Code    18  stm32f4xx_gpio.o(.text)
    GPIO_ReadInputData                       0x08004d83   Thumb Code     8  stm32f4xx_gpio.o(.text)
    GPIO_ReadOutputDataBit                   0x08004d8b   Thumb Code    18  stm32f4xx_gpio.o(.text)
    GPIO_ReadOutputData                      0x08004d9d   Thumb Code     8  stm32f4xx_gpio.o(.text)
    GPIO_SetBits                             0x08004da5   Thumb Code     4  stm32f4xx_gpio.o(.text)
    GPIO_ResetBits                           0x08004da9   Thumb Code     4  stm32f4xx_gpio.o(.text)
    GPIO_WriteBit                            0x08004dad   Thumb Code    10  stm32f4xx_gpio.o(.text)
    GPIO_Write                               0x08004db7   Thumb Code     4  stm32f4xx_gpio.o(.text)
    GPIO_ToggleBits                          0x08004dbb   Thumb Code     8  stm32f4xx_gpio.o(.text)
    GPIO_PinAFConfig                         0x08004dc3   Thumb Code    70  stm32f4xx_gpio.o(.text)
    DMA_DeInit                               0x08004e2d   Thumb Code   324  stm32f4xx_dma.o(.text)
    DMA_Init                                 0x08004f71   Thumb Code    82  stm32f4xx_dma.o(.text)
    DMA_StructInit                           0x08004fc3   Thumb Code    34  stm32f4xx_dma.o(.text)
    DMA_Cmd                                  0x08004fe5   Thumb Code    22  stm32f4xx_dma.o(.text)
    DMA_PeriphIncOffsetSizeConfig            0x08004ffb   Thumb Code    22  stm32f4xx_dma.o(.text)
    DMA_FlowControllerConfig                 0x08005011   Thumb Code    22  stm32f4xx_dma.o(.text)
    DMA_SetCurrDataCounter                   0x08005027   Thumb Code     4  stm32f4xx_dma.o(.text)
    DMA_GetCurrDataCounter                   0x0800502b   Thumb Code     8  stm32f4xx_dma.o(.text)
    DMA_DoubleBufferModeConfig               0x08005033   Thumb Code    24  stm32f4xx_dma.o(.text)
    DMA_DoubleBufferModeCmd                  0x0800504b   Thumb Code    22  stm32f4xx_dma.o(.text)
    DMA_MemoryTargetConfig                   0x08005061   Thumb Code    10  stm32f4xx_dma.o(.text)
    DMA_GetCurrentMemoryTarget               0x0800506b   Thumb Code    20  stm32f4xx_dma.o(.text)
    DMA_GetCmdStatus                         0x0800507f   Thumb Code    20  stm32f4xx_dma.o(.text)
    DMA_GetFIFOStatus                        0x08005093   Thumb Code    12  stm32f4xx_dma.o(.text)
    DMA_GetFlagStatus                        0x0800509f   Thumb Code    56  stm32f4xx_dma.o(.text)
    DMA_ClearFlag                            0x080050d7   Thumb Code    40  stm32f4xx_dma.o(.text)
    DMA_ITConfig                             0x080050ff   Thumb Code    58  stm32f4xx_dma.o(.text)
    DMA_GetITStatus                          0x08005139   Thumb Code    84  stm32f4xx_dma.o(.text)
    DMA_ClearITPendingBit                    0x0800518d   Thumb Code    40  stm32f4xx_dma.o(.text)
    USART_DeInit                             0x080051d5   Thumb Code   156  stm32f4xx_usart.o(.text)
    USART_Init                               0x08005271   Thumb Code   204  stm32f4xx_usart.o(.text)
    USART_StructInit                         0x0800533d   Thumb Code    24  stm32f4xx_usart.o(.text)
    USART_ClockInit                          0x08005355   Thumb Code    32  stm32f4xx_usart.o(.text)
    USART_ClockStructInit                    0x08005375   Thumb Code    12  stm32f4xx_usart.o(.text)
    USART_Cmd                                0x08005381   Thumb Code    24  stm32f4xx_usart.o(.text)
    USART_SetPrescaler                       0x08005399   Thumb Code    16  stm32f4xx_usart.o(.text)
    USART_OverSampling8Cmd                   0x080053a9   Thumb Code    22  stm32f4xx_usart.o(.text)
    USART_OneBitMethodCmd                    0x080053bf   Thumb Code    24  stm32f4xx_usart.o(.text)
    USART_SendData                           0x080053d7   Thumb Code     8  stm32f4xx_usart.o(.text)
    USART_ReceiveData                        0x080053df   Thumb Code    10  stm32f4xx_usart.o(.text)
    USART_SetAddress                         0x080053e9   Thumb Code    18  stm32f4xx_usart.o(.text)
    USART_ReceiverWakeUpCmd                  0x080053fb   Thumb Code    24  stm32f4xx_usart.o(.text)
    USART_WakeUpConfig                       0x08005413   Thumb Code    18  stm32f4xx_usart.o(.text)
    USART_LINBreakDetectLengthConfig         0x08005425   Thumb Code    18  stm32f4xx_usart.o(.text)
    USART_LINCmd                             0x08005437   Thumb Code    24  stm32f4xx_usart.o(.text)
    USART_SendBreak                          0x0800544f   Thumb Code    10  stm32f4xx_usart.o(.text)
    USART_HalfDuplexCmd                      0x08005459   Thumb Code    24  stm32f4xx_usart.o(.text)
    USART_SetGuardTime                       0x08005471   Thumb Code    16  stm32f4xx_usart.o(.text)
    USART_SmartCardCmd                       0x08005481   Thumb Code    24  stm32f4xx_usart.o(.text)
    USART_SmartCardNACKCmd                   0x08005499   Thumb Code    24  stm32f4xx_usart.o(.text)
    USART_IrDAConfig                         0x080054b1   Thumb Code    18  stm32f4xx_usart.o(.text)
    USART_IrDACmd                            0x080054c3   Thumb Code    24  stm32f4xx_usart.o(.text)
    USART_DMACmd                             0x080054db   Thumb Code    18  stm32f4xx_usart.o(.text)
    USART_ITConfig                           0x080054ed   Thumb Code    74  stm32f4xx_usart.o(.text)
    USART_GetFlagStatus                      0x08005537   Thumb Code    26  stm32f4xx_usart.o(.text)
    USART_ClearFlag                          0x08005551   Thumb Code    18  stm32f4xx_usart.o(.text)
    USART_GetITStatus                        0x08005563   Thumb Code   110  stm32f4xx_usart.o(.text)
    USART_ClearITPendingBit                  0x080055d1   Thumb Code    30  stm32f4xx_usart.o(.text)
    SYSCFG_DeInit                            0x080055f1   Thumb Code    22  stm32f4xx_syscfg.o(.text)
    SYSCFG_MemoryRemapConfig                 0x08005607   Thumb Code     6  stm32f4xx_syscfg.o(.text)
    SYSCFG_EXTILineConfig                    0x0800560d   Thumb Code    66  stm32f4xx_syscfg.o(.text)
    SYSCFG_ETH_MediaInterfaceConfig          0x0800564f   Thumb Code     6  stm32f4xx_syscfg.o(.text)
    SYSCFG_CompensationCellCmd               0x08005655   Thumb Code     6  stm32f4xx_syscfg.o(.text)
    SYSCFG_GetCompensationCellStatus         0x0800565b   Thumb Code    22  stm32f4xx_syscfg.o(.text)
    SystemInit                               0x08005759   Thumb Code    88  system_stm32f4xx.o(.text)
    SystemCoreClockUpdate                    0x080057b1   Thumb Code   174  system_stm32f4xx.o(.text)
    Reset_Handler                            0x0800588d   Thumb Code     8  startup_stm32f4xx.o(.text)
    SysTick_Handler                          0x080058a5   Thumb Code     2  startup_stm32f4xx.o(.text)
    ADC_IRQHandler                           0x080058a7   Thumb Code     0  startup_stm32f4xx.o(.text)
    CAN1_RX1_IRQHandler                      0x080058a7   Thumb Code     0  startup_stm32f4xx.o(.text)
    CAN1_SCE_IRQHandler                      0x080058a7   Thumb Code     0  startup_stm32f4xx.o(.text)
    CAN2_RX0_IRQHandler                      0x080058a7   Thumb Code     0  startup_stm32f4xx.o(.text)
    CAN2_SCE_IRQHandler                      0x080058a7   Thumb Code     0  startup_stm32f4xx.o(.text)
    CRYP_IRQHandler                          0x080058a7   Thumb Code     0  startup_stm32f4xx.o(.text)
    DCMI_IRQHandler                          0x080058a7   Thumb Code     0  startup_stm32f4xx.o(.text)
    DMA1_Stream0_IRQHandler                  0x080058a7   Thumb Code     0  startup_stm32f4xx.o(.text)
    DMA1_Stream2_IRQHandler                  0x080058a7   Thumb Code     0  startup_stm32f4xx.o(.text)
    DMA1_Stream3_IRQHandler                  0x080058a7   Thumb Code     0  startup_stm32f4xx.o(.text)
    DMA1_Stream4_IRQHandler                  0x080058a7   Thumb Code     0  startup_stm32f4xx.o(.text)
    DMA1_Stream6_IRQHandler                  0x080058a7   Thumb Code     0  startup_stm32f4xx.o(.text)
    DMA1_Stream7_IRQHandler                  0x080058a7   Thumb Code     0  startup_stm32f4xx.o(.text)
    DMA2_Stream0_IRQHandler                  0x080058a7   Thumb Code     0  startup_stm32f4xx.o(.text)
    DMA2_Stream1_IRQHandler                  0x080058a7   Thumb Code     0  startup_stm32f4xx.o(.text)
    DMA2_Stream2_IRQHandler                  0x080058a7   Thumb Code     0  startup_stm32f4xx.o(.text)
    DMA2_Stream3_IRQHandler                  0x080058a7   Thumb Code     0  startup_stm32f4xx.o(.text)
    DMA2_Stream4_IRQHandler                  0x080058a7   Thumb Code     0  startup_stm32f4xx.o(.text)
    DMA2_Stream6_IRQHandler                  0x080058a7   Thumb Code     0  startup_stm32f4xx.o(.text)
    DMA2_Stream7_IRQHandler                  0x080058a7   Thumb Code     0  startup_stm32f4xx.o(.text)
    ETH_IRQHandler                           0x080058a7   Thumb Code     0  startup_stm32f4xx.o(.text)
    ETH_WKUP_IRQHandler                      0x080058a7   Thumb Code     0  startup_stm32f4xx.o(.text)
    EXTI0_IRQHandler                         0x080058a7   Thumb Code     0  startup_stm32f4xx.o(.text)
    EXTI15_10_IRQHandler                     0x080058a7   Thumb Code     0  startup_stm32f4xx.o(.text)
    EXTI1_IRQHandler                         0x080058a7   Thumb Code     0  startup_stm32f4xx.o(.text)
    EXTI2_IRQHandler                         0x080058a7   Thumb Code     0  startup_stm32f4xx.o(.text)
    EXTI9_5_IRQHandler                       0x080058a7   Thumb Code     0  startup_stm32f4xx.o(.text)
    FLASH_IRQHandler                         0x080058a7   Thumb Code     0  startup_stm32f4xx.o(.text)
    FPU_IRQHandler                           0x080058a7   Thumb Code     0  startup_stm32f4xx.o(.text)
    FSMC_IRQHandler                          0x080058a7   Thumb Code     0  startup_stm32f4xx.o(.text)
    HASH_RNG_IRQHandler                      0x080058a7   Thumb Code     0  startup_stm32f4xx.o(.text)
    I2C1_ER_IRQHandler                       0x080058a7   Thumb Code     0  startup_stm32f4xx.o(.text)
    I2C1_EV_IRQHandler                       0x080058a7   Thumb Code     0  startup_stm32f4xx.o(.text)
    I2C2_ER_IRQHandler                       0x080058a7   Thumb Code     0  startup_stm32f4xx.o(.text)
    I2C2_EV_IRQHandler                       0x080058a7   Thumb Code     0  startup_stm32f4xx.o(.text)
    I2C3_ER_IRQHandler                       0x080058a7   Thumb Code     0  startup_stm32f4xx.o(.text)
    I2C3_EV_IRQHandler                       0x080058a7   Thumb Code     0  startup_stm32f4xx.o(.text)
    OTG_FS_IRQHandler                        0x080058a7   Thumb Code     0  startup_stm32f4xx.o(.text)
    OTG_FS_WKUP_IRQHandler                   0x080058a7   Thumb Code     0  startup_stm32f4xx.o(.text)
    OTG_HS_EP1_IN_IRQHandler                 0x080058a7   Thumb Code     0  startup_stm32f4xx.o(.text)
    OTG_HS_EP1_OUT_IRQHandler                0x080058a7   Thumb Code     0  startup_stm32f4xx.o(.text)
    OTG_HS_IRQHandler                        0x080058a7   Thumb Code     0  startup_stm32f4xx.o(.text)
    OTG_HS_WKUP_IRQHandler                   0x080058a7   Thumb Code     0  startup_stm32f4xx.o(.text)
    PVD_IRQHandler                           0x080058a7   Thumb Code     0  startup_stm32f4xx.o(.text)
    RCC_IRQHandler                           0x080058a7   Thumb Code     0  startup_stm32f4xx.o(.text)
    RTC_Alarm_IRQHandler                     0x080058a7   Thumb Code     0  startup_stm32f4xx.o(.text)
    RTC_WKUP_IRQHandler                      0x080058a7   Thumb Code     0  startup_stm32f4xx.o(.text)
    SDIO_IRQHandler                          0x080058a7   Thumb Code     0  startup_stm32f4xx.o(.text)
    SPI1_IRQHandler                          0x080058a7   Thumb Code     0  startup_stm32f4xx.o(.text)
    SPI2_IRQHandler                          0x080058a7   Thumb Code     0  startup_stm32f4xx.o(.text)
    SPI3_IRQHandler                          0x080058a7   Thumb Code     0  startup_stm32f4xx.o(.text)
    TAMP_STAMP_IRQHandler                    0x080058a7   Thumb Code     0  startup_stm32f4xx.o(.text)
    TIM1_BRK_TIM9_IRQHandler                 0x080058a7   Thumb Code     0  startup_stm32f4xx.o(.text)
    TIM1_CC_IRQHandler                       0x080058a7   Thumb Code     0  startup_stm32f4xx.o(.text)
    TIM1_TRG_COM_TIM11_IRQHandler            0x080058a7   Thumb Code     0  startup_stm32f4xx.o(.text)
    TIM1_UP_TIM10_IRQHandler                 0x080058a7   Thumb Code     0  startup_stm32f4xx.o(.text)
    TIM3_IRQHandler                          0x080058a7   Thumb Code     0  startup_stm32f4xx.o(.text)
    TIM4_IRQHandler                          0x080058a7   Thumb Code     0  startup_stm32f4xx.o(.text)
    TIM5_IRQHandler                          0x080058a7   Thumb Code     0  startup_stm32f4xx.o(.text)
    TIM7_IRQHandler                          0x080058a7   Thumb Code     0  startup_stm32f4xx.o(.text)
    TIM8_BRK_TIM12_IRQHandler                0x080058a7   Thumb Code     0  startup_stm32f4xx.o(.text)
    TIM8_CC_IRQHandler                       0x080058a7   Thumb Code     0  startup_stm32f4xx.o(.text)
    TIM8_TRG_COM_TIM14_IRQHandler            0x080058a7   Thumb Code     0  startup_stm32f4xx.o(.text)
    TIM8_UP_TIM13_IRQHandler                 0x080058a7   Thumb Code     0  startup_stm32f4xx.o(.text)
    UART4_IRQHandler                         0x080058a7   Thumb Code     0  startup_stm32f4xx.o(.text)
    UART5_IRQHandler                         0x080058a7   Thumb Code     0  startup_stm32f4xx.o(.text)
    USART1_IRQHandler                        0x080058a7   Thumb Code     0  startup_stm32f4xx.o(.text)
    USART2_IRQHandler                        0x080058a7   Thumb Code     0  startup_stm32f4xx.o(.text)
    USART3_IRQHandler                        0x080058a7   Thumb Code     0  startup_stm32f4xx.o(.text)
    USART6_IRQHandler                        0x080058a7   Thumb Code     0  startup_stm32f4xx.o(.text)
    WWDG_IRQHandler                          0x080058a7   Thumb Code     0  startup_stm32f4xx.o(.text)
    MPU6050_Initialization                   0x080058b1   Thumb Code   224  mpu6050_hmc5883l_driver.o(.text)
    HMC5883L_Initialization                  0x08005991   Thumb Code    98  mpu6050_hmc5883l_driver.o(.text)
    HMC5883L_ReadData                        0x080059f3   Thumb Code   304  mpu6050_hmc5883l_driver.o(.text)
    MPU6050_ReadData                         0x08005b23   Thumb Code   970  mpu6050_hmc5883l_driver.o(.text)
    MPU6050_Gyro_calibration                 0x08005eed   Thumb Code   280  mpu6050_hmc5883l_driver.o(.text)
    IIC_Delay                                0x08006029   Thumb Code    26  mpu6050_hmc5883l_i2c.o(.text)
    HEAT_Configuration                       0x08006043   Thumb Code    50  mpu6050_hmc5883l_i2c.o(.text)
    IIC_GPIO_Init                            0x08006075   Thumb Code    42  mpu6050_hmc5883l_i2c.o(.text)
    IIC_SDA_Out                              0x0800609f   Thumb Code    34  mpu6050_hmc5883l_i2c.o(.text)
    IIC_SDA_In                               0x080060c1   Thumb Code    38  mpu6050_hmc5883l_i2c.o(.text)
    IIC_Start                                0x080060e7   Thumb Code    60  mpu6050_hmc5883l_i2c.o(.text)
    IIC_Stop                                 0x08006123   Thumb Code    60  mpu6050_hmc5883l_i2c.o(.text)
    IIC_Ack                                  0x0800615f   Thumb Code    66  mpu6050_hmc5883l_i2c.o(.text)
    IIC_WaitAck                              0x080061a1   Thumb Code    94  mpu6050_hmc5883l_i2c.o(.text)
    IIC_WriteBit                             0x080061ff   Thumb Code    96  mpu6050_hmc5883l_i2c.o(.text)
    IIC_ReadBit                              0x0800625f   Thumb Code    86  mpu6050_hmc5883l_i2c.o(.text)
    IIC_WriteData                            0x080062b5   Thumb Code    92  mpu6050_hmc5883l_i2c.o(.text)
    IIC_ReadData                             0x08006311   Thumb Code   146  mpu6050_hmc5883l_i2c.o(.text)
    MPU6050_HMC5883L_Interrupt_Configuration 0x08006495   Thumb Code   132  mpu6050_hmc5883l_interrupt.o(.text)
    EXTI4_IRQHandler                         0x08006519   Thumb Code    98  mpu6050_hmc5883l_interrupt.o(.text)
    EXTI3_IRQHandler                         0x0800657b   Thumb Code   112  mpu6050_hmc5883l_interrupt.o(.text)
    MPU6050_Data_Filter                      0x08006601   Thumb Code   506  mpu6050_hmc5883l_process.o(.text)
    invSqrt                                  0x080067fb   Thumb Code    56  mpu6050_hmc5883l_process.o(.text)
    q_initialization                         0x08006833   Thumb Code  3074  mpu6050_hmc5883l_process.o(.text)
    AHRS_Calculate                           0x08007435   Thumb Code  3138  mpu6050_hmc5883l_process.o(.text)
    __aeabi_memcpy                           0x080080a9   Thumb Code    36  memcpya.o(.text)
    __aeabi_memcpy4                          0x080080a9   Thumb Code     0  memcpya.o(.text)
    __aeabi_memcpy8                          0x080080a9   Thumb Code     0  memcpya.o(.text)
    __aeabi_dadd                             0x080080cd   Thumb Code   322  dadd.o(.text)
    __aeabi_dsub                             0x0800820f   Thumb Code     6  dadd.o(.text)
    __aeabi_drsub                            0x08008215   Thumb Code     6  dadd.o(.text)
    __aeabi_dmul                             0x0800821b   Thumb Code   228  dmul.o(.text)
    __aeabi_ddiv                             0x080082ff   Thumb Code   222  ddiv.o(.text)
    __aeabi_i2d                              0x080083dd   Thumb Code    34  dflti.o(.text)
    __aeabi_d2iz                             0x080083ff   Thumb Code    62  dfixi.o(.text)
    __aeabi_f2d                              0x0800843d   Thumb Code    38  f2d.o(.text)
    __aeabi_cdcmpeq                          0x08008465   Thumb Code     0  cdcmple.o(.text)
    __aeabi_cdcmple                          0x08008465   Thumb Code    48  cdcmple.o(.text)
    __aeabi_cdrcmple                         0x08008495   Thumb Code    48  cdrcmple.o(.text)
    __aeabi_d2f                              0x080084c5   Thumb Code    56  d2f.o(.text)
    __aeabi_llsl                             0x080084fd   Thumb Code    30  llshl.o(.text)
    _ll_shift_l                              0x080084fd   Thumb Code     0  llshl.o(.text)
    __aeabi_llsr                             0x0800851b   Thumb Code    32  llushr.o(.text)
    _ll_ushift_r                             0x0800851b   Thumb Code     0  llushr.o(.text)
    __aeabi_lasr                             0x0800853b   Thumb Code    36  llsshr.o(.text)
    _ll_sshift_r                             0x0800853b   Thumb Code     0  llsshr.o(.text)
    __I$use$fp                               0x0800855f   Thumb Code     0  iusefp.o(.text)
    _float_round                             0x0800855f   Thumb Code    18  fepilogue.o(.text)
    _float_epilogue                          0x08008571   Thumb Code    92  fepilogue.o(.text)
    _double_round                            0x080085cd   Thumb Code    30  depilogue.o(.text)
    _double_epilogue                         0x080085eb   Thumb Code   156  depilogue.o(.text)
    _dsqrt                                   0x08008687   Thumb Code   162  dsqrt.o(.text)
    __scatterload                            0x08008729   Thumb Code    28  init.o(.text)
    __scatterload_rt2                        0x08008729   Thumb Code     0  init.o(.text)
    __aeabi_ui2d                             0x0800874d   Thumb Code    26  dfltui.o(.text)
    __decompress                             0x08008767   Thumb Code     0  __dczerorl2.o(.text)
    __decompress1                            0x08008767   Thumb Code    86  __dczerorl2.o(.text)
    __0printf$bare                           0x080087bd   Thumb Code     8  printfb.o(i.__0printf$bare)
    __1printf$bare                           0x080087bd   Thumb Code     0  printfb.o(i.__0printf$bare)
    __2printf                                0x080087bd   Thumb Code     0  printfb.o(i.__0printf$bare)
    __ARM_fpclassify                         0x080087cd   Thumb Code    48  fpclassify.o(i.__ARM_fpclassify)
    __hardfp_asin                            0x08008801   Thumb Code   770  asin.o(i.__hardfp_asin)
    __hardfp_atan                            0x08008b61   Thumb Code   622  atan.o(i.__hardfp_atan)
    __hardfp_atan2                           0x08008e39   Thumb Code   432  atan2.o(i.__hardfp_atan2)
    __hardfp_cos                             0x08009029   Thumb Code   180  cos.o(i.__hardfp_cos)
    __hardfp_sin                             0x080090f1   Thumb Code   180  sin.o(i.__hardfp_sin)
    __hardfp_sqrt                            0x080091b9   Thumb Code   122  sqrt.o(i.__hardfp_sqrt)
    __ieee754_rem_pio2                       0x08009239   Thumb Code   938  rred.o(i.__ieee754_rem_pio2)
    __kernel_cos                             0x08009671   Thumb Code   322  cos_i.o(i.__kernel_cos)
    __kernel_poly                            0x080097e1   Thumb Code   248  poly.o(i.__kernel_poly)
    __kernel_sin                             0x080098d9   Thumb Code   280  sin_i.o(i.__kernel_sin)
    __mathlib_dbl_infnan                     0x08009a09   Thumb Code    20  dunder.o(i.__mathlib_dbl_infnan)
    __mathlib_dbl_infnan2                    0x08009a1d   Thumb Code    20  dunder.o(i.__mathlib_dbl_infnan2)
    __mathlib_dbl_invalid                    0x08009a31   Thumb Code    24  dunder.o(i.__mathlib_dbl_invalid)
    __mathlib_dbl_underflow                  0x08009a51   Thumb Code    24  dunder.o(i.__mathlib_dbl_underflow)
    __scatterload_copy                       0x08009a71   Thumb Code    14  handlers.o(i.__scatterload_copy)
    __scatterload_null                       0x08009a7f   Thumb Code     2  handlers.o(i.__scatterload_null)
    __scatterload_zeroinit                   0x08009a81   Thumb Code    14  handlers.o(i.__scatterload_zeroinit)
    __set_errno                              0x08009a91   Thumb Code     6  errno.o(i.__set_errno)
    atan                                     0x08009abf   Thumb Code    16  atan.o(i.atan)
    fabs                                     0x08009acf   Thumb Code    24  fabs.o(i.fabs)
    sqrt                                     0x08009ae7   Thumb Code   110  sqrt.o(i.sqrt)
    __mathlib_zero                           0x08009c70   Data           8  qnan.o(.constdata)
    Region$$Table$$Base                      0x08009d68   Number         0  anon$$obj.o(Region$$Table)
    Region$$Table$$Limit                     0x08009d88   Number         0  anon$$obj.o(Region$$Table)
    PWMPeriod                                0x20000000   Data           4  pwm.o(.data)
    PWMLOSS                                  0x20000004   Data           4  pwm.o(.data)
    can_tx_success_flag                      0x2000000a   Data           1  can1.o(.data)
    can2_tx_success_flag                     0x2000000b   Data           1  can2.o(.data)
    USART_RX_BUF                             0x2000000c   Data           6  usart3.o(.data)
    moveSpeed                                0x20000014   Data           4  chassis_control.o(.data)
    RM3510_1                                 0x20000018   Data          20  chassis_control.o(.data)
    RM3510_2                                 0x2000002c   Data          20  chassis_control.o(.data)
    RM3510_3                                 0x20000040   Data          20  chassis_control.o(.data)
    RM3510_4                                 0x20000054   Data          20  chassis_control.o(.data)
    Yaw                                      0x200000c4   Data          24  gimbal_control.o(.data)
    Pitch                                    0x200000dc   Data          24  gimbal_control.o(.data)
    last_s2                                  0x200000f4   Data           1  shoot_control.o(.data)
    last_pressr                              0x200000f5   Data           1  shoot_control.o(.data)
    rub_flag                                 0x200000f8   Data           4  shoot_control.o(.data)
    shoot_flag                               0x200000fc   Data           4  shoot_control.o(.data)
    SDFlag                                   0x20000104   Data           4  sdbus.o(.data)
    LastQKey                                 0x20000108   Data           4  sdbus.o(.data)
    LastEKey                                 0x2000010c   Data           4  sdbus.o(.data)
    BlueFlag                                 0x20000110   Data           4  sdbus.o(.data)
    sdbus                                    0x20000114   Data           8  sdbus.o(.data)
    SystemCoreClock                          0x2000012c   Data           4  system_stm32f4xx.o(.data)
    AHBPrescTable                            0x20000130   Data          16  system_stm32f4xx.o(.data)
    HMC5883L_Raw_Data                        0x20000140   Data           6  mpu6050_hmc5883l_driver.o(.data)
    gyroADC_X_offset                         0x20000148   Data           4  mpu6050_hmc5883l_driver.o(.data)
    gyroADC_Y_offset                         0x2000014c   Data           4  mpu6050_hmc5883l_driver.o(.data)
    gyroADC_Z_offset                         0x20000150   Data           4  mpu6050_hmc5883l_driver.o(.data)
    AHRS_Data                                0x20000154   Data          64  mpu6050_hmc5883l_process.o(.data)
    lastUpdate                               0x20000194   Data           4  mpu6050_hmc5883l_process.o(.data)
    now                                      0x20000198   Data           4  mpu6050_hmc5883l_process.o(.data)
    __stdout                                 0x200001c8   Data           4  stdout.o(.data)
    sbus_rx_buffer                           0x200001d0   Data          18  usart2.o(.bss)
    dbus_buf                                 0x200001e2   Data          18  usart1.o(.bss)
    dbus                                     0x200001f4   Data          22  usart1.o(.bss)
    MPU6050_Raw_Data                         0x20000218   Data          14  mpu6050_hmc5883l_driver.o(.bss)
    MPU6050_Real_Data                        0x20000228   Data          28  mpu6050_hmc5883l_driver.o(.bss)
    HMC5883L_Real_Data                       0x20000244   Data          16  mpu6050_hmc5883l_driver.o(.bss)
    Accel_Raw_Average_Data                   0x20000254   Data          12  mpu6050_hmc5883l_process.o(.bss)
    Gyro_Radian_Data                         0x20000260   Data          12  mpu6050_hmc5883l_process.o(.bss)
    __initial_sp                             0x200006a8   Data           0  startup_stm32f4xx.o(STACK)



==============================================================================

Memory Map of the image

  Image Entry point : 0x08000189

  Load Region LR_IROM1 (Base: 0x08000000, Size: 0x00009f58, Max: 0x00100000, ABSOLUTE, COMPRESSED[0x00009dc8])

    Execution Region ER_IROM1 (Base: 0x08000000, Size: 0x00009d88, Max: 0x00100000, ABSOLUTE)

    Base Addr    Size         Type   Attr      Idx    E Section Name        Object

    0x08000000   0x00000188   Data   RO         1022    RESET               startup_stm32f4xx.o
    0x08000188   0x00000000   Code   RO         1240  * .ARM.Collect$$$$00000000  mc_w.l(entry.o)
    0x08000188   0x00000004   Code   RO         1566    .ARM.Collect$$$$00000001  mc_w.l(entry2.o)
    0x0800018c   0x00000004   Code   RO         1569    .ARM.Collect$$$$00000004  mc_w.l(entry5.o)
    0x08000190   0x00000000   Code   RO         1571    .ARM.Collect$$$$00000008  mc_w.l(entry7b.o)
    0x08000190   0x00000000   Code   RO         1573    .ARM.Collect$$$$0000000A  mc_w.l(entry8b.o)
    0x08000190   0x00000008   Code   RO         1574    .ARM.Collect$$$$0000000B  mc_w.l(entry9a.o)
    0x08000198   0x00000000   Code   RO         1576    .ARM.Collect$$$$0000000D  mc_w.l(entry10a.o)
    0x08000198   0x00000000   Code   RO         1578    .ARM.Collect$$$$0000000F  mc_w.l(entry11a.o)
    0x08000198   0x00000004   Code   RO         1567    .ARM.Collect$$$$00002712  mc_w.l(entry2.o)
    0x0800019c   0x00000044   Code   RO            4    .text               main.o
    0x080001e0   0x00000018   Code   RO          187    .text               stm32f4xx_it.o
    0x080001f8   0x00000040   Code   RO          214    .text               led.o
    0x08000238   0x00000036   Code   RO          266    .text               delay.o
    0x0800026e   0x00000002   PAD
    0x08000270   0x00000160   Code   RO          290    .text               pwm.o
    0x080003d0   0x000000e8   Code   RO          317    .text               timer.o
    0x080004b8   0x000002cc   Code   RO          341    .text               can1.o
    0x08000784   0x00000db4   Code   RO          368    .text               can2.o
    0x08001538   0x00000130   Code   RO          395    .text               usart2.o
    0x08001668   0x000001e0   Code   RO          422    .text               usart3.o
    0x08001848   0x00000128   Code   RO          452    .text               dbus.o
    0x08001970   0x000001b4   Code   RO          476    .text               usart1.o
    0x08001b24   0x0000058c   Code   RO          506    .text               chassis_control.o
    0x080020b0   0x00000654   Code   RO          537    .text               pid_algorithm.o
    0x08002704   0x00000088   Code   RO          563    .text               initialization.o
    0x0800278c   0x0000016c   Code   RO          587    .text               gimbal_control.o
    0x080028f8   0x00000148   Code   RO          617    .text               shoot_control.o
    0x08002a40   0x0000002a   Code   RO          647    .text               nvic.o
    0x08002a6a   0x00000002   PAD
    0x08002a6c   0x0000003c   Code   RO          671    .text               laser.o
    0x08002aa8   0x0000009c   Code   RO          695    .text               encoder.o
    0x08002b44   0x00000274   Code   RO          721    .text               sdbus.o
    0x08002db8   0x000000e0   Code   RO          751    .text               misc.o
    0x08002e98   0x00000ca2   Code   RO          775    .text               stm32f4xx_tim.o
    0x08003b3a   0x00000002   PAD
    0x08003b3c   0x00000588   Code   RO          823    .text               stm32f4xx_rcc.o
    0x080040c4   0x000009f0   Code   RO          849    .text               stm32f4xx_can.o
    0x08004ab4   0x0000011c   Code   RO          873    .text               stm32f4xx_exti.o
    0x08004bd0   0x0000025c   Code   RO          897    .text               stm32f4xx_gpio.o
    0x08004e2c   0x000003a8   Code   RO          921    .text               stm32f4xx_dma.o
    0x080051d4   0x0000041a   Code   RO          945    .text               stm32f4xx_usart.o
    0x080055ee   0x00000002   PAD
    0x080055f0   0x0000008c   Code   RO          969    .text               stm32f4xx_syscfg.o
    0x0800567c   0x00000210   Code   RO          993    .text               system_stm32f4xx.o
    0x0800588c   0x00000024   Code   RO         1023    .text               startup_stm32f4xx.o
    0x080058b0   0x00000778   Code   RO         1054    .text               mpu6050_hmc5883l_driver.o
    0x08006028   0x0000046c   Code   RO         1085    .text               mpu6050_hmc5883l_i2c.o
    0x08006494   0x0000016c   Code   RO         1109    .text               mpu6050_hmc5883l_interrupt.o
    0x08006600   0x00001aa8   Code   RO         1136    .text               mpu6050_hmc5883l_process.o
    0x080080a8   0x00000024   Code   RO         1243    .text               mc_w.l(memcpya.o)
    0x080080cc   0x0000014e   Code   RO         1507    .text               mf_w.l(dadd.o)
    0x0800821a   0x000000e4   Code   RO         1509    .text               mf_w.l(dmul.o)
    0x080082fe   0x000000de   Code   RO         1511    .text               mf_w.l(ddiv.o)
    0x080083dc   0x00000022   Code   RO         1515    .text               mf_w.l(dflti.o)
    0x080083fe   0x0000003e   Code   RO         1517    .text               mf_w.l(dfixi.o)
    0x0800843c   0x00000026   Code   RO         1519    .text               mf_w.l(f2d.o)
    0x08008462   0x00000002   PAD
    0x08008464   0x00000030   Code   RO         1521    .text               mf_w.l(cdcmple.o)
    0x08008494   0x00000030   Code   RO         1523    .text               mf_w.l(cdrcmple.o)
    0x080084c4   0x00000038   Code   RO         1525    .text               mf_w.l(d2f.o)
    0x080084fc   0x0000001e   Code   RO         1585    .text               mc_w.l(llshl.o)
    0x0800851a   0x00000020   Code   RO         1587    .text               mc_w.l(llushr.o)
    0x0800853a   0x00000024   Code   RO         1589    .text               mc_w.l(llsshr.o)
    0x0800855e   0x00000000   Code   RO         1598    .text               mc_w.l(iusefp.o)
    0x0800855e   0x0000006e   Code   RO         1599    .text               mf_w.l(fepilogue.o)
    0x080085cc   0x000000ba   Code   RO         1601    .text               mf_w.l(depilogue.o)
    0x08008686   0x000000a2   Code   RO         1603    .text               mf_w.l(dsqrt.o)
    0x08008728   0x00000024   Code   RO         1607    .text               mc_w.l(init.o)
    0x0800874c   0x0000001a   Code   RO         1609    .text               mf_w.l(dfltui.o)
    0x08008766   0x00000056   Code   RO         1619    .text               mc_w.l(__dczerorl2.o)
    0x080087bc   0x00000010   Code   RO         1248    i.__0printf$bare    mc_w.l(printfb.o)
    0x080087cc   0x00000030   Code   RO         1550    i.__ARM_fpclassify  m_wm.l(fpclassify.o)
    0x080087fc   0x00000004   PAD
    0x08008800   0x00000360   Code   RO         1164    i.__hardfp_asin     m_wm.l(asin.o)
    0x08008b60   0x000002d8   Code   RO         1178    i.__hardfp_atan     m_wm.l(atan.o)
    0x08008e38   0x000001f0   Code   RO         1192    i.__hardfp_atan2    m_wm.l(atan2.o)
    0x08009028   0x000000c8   Code   RO         1204    i.__hardfp_cos      m_wm.l(cos.o)
    0x080090f0   0x000000c8   Code   RO         1216    i.__hardfp_sin      m_wm.l(sin.o)
    0x080091b8   0x0000007a   Code   RO         1228    i.__hardfp_sqrt     m_wm.l(sqrt.o)
    0x08009232   0x00000006   PAD
    0x08009238   0x00000438   Code   RO         1555    i.__ieee754_rem_pio2  m_wm.l(rred.o)
    0x08009670   0x00000170   Code   RO         1527    i.__kernel_cos      m_wm.l(cos_i.o)
    0x080097e0   0x000000f8   Code   RO         1552    i.__kernel_poly     m_wm.l(poly.o)
    0x080098d8   0x00000130   Code   RO         1560    i.__kernel_sin      m_wm.l(sin_i.o)
    0x08009a08   0x00000014   Code   RO         1531    i.__mathlib_dbl_infnan  m_wm.l(dunder.o)
    0x08009a1c   0x00000014   Code   RO         1532    i.__mathlib_dbl_infnan2  m_wm.l(dunder.o)
    0x08009a30   0x00000020   Code   RO         1533    i.__mathlib_dbl_invalid  m_wm.l(dunder.o)
    0x08009a50   0x00000020   Code   RO         1536    i.__mathlib_dbl_underflow  m_wm.l(dunder.o)
    0x08009a70   0x0000000e   Code   RO         1613    i.__scatterload_copy  mc_w.l(handlers.o)
    0x08009a7e   0x00000002   Code   RO         1614    i.__scatterload_null  mc_w.l(handlers.o)
    0x08009a80   0x0000000e   Code   RO         1615    i.__scatterload_zeroinit  mc_w.l(handlers.o)
    0x08009a8e   0x00000002   PAD
    0x08009a90   0x0000000c   Code   RO         1593    i.__set_errno       mc_w.l(errno.o)
    0x08009a9c   0x00000022   Code   RO         1255    i._printf_core      mc_w.l(printfb.o)
    0x08009abe   0x00000010   Code   RO         1180    i.atan              m_wm.l(atan.o)
    0x08009ace   0x00000018   Code   RO         1546    i.fabs              m_wm.l(fabs.o)
    0x08009ae6   0x0000006e   Code   RO         1230    i.sqrt              m_wm.l(sqrt.o)
    0x08009b54   0x00000004   PAD
    0x08009b58   0x00000050   Data   RO         1167    .constdata          m_wm.l(asin.o)
    0x08009ba8   0x00000098   Data   RO         1181    .constdata          m_wm.l(atan.o)
    0x08009c40   0x00000030   Data   RO         1528    .constdata          m_wm.l(cos_i.o)
    0x08009c70   0x00000008   Data   RO         1554    .constdata          m_wm.l(qnan.o)
    0x08009c78   0x000000c8   Data   RO         1557    .constdata          m_wm.l(rred.o)
    0x08009d40   0x00000028   Data   RO         1561    .constdata          m_wm.l(sin_i.o)
    0x08009d68   0x00000020   Data   RO         1611    Region$$Table       anon$$obj.o


    Execution Region RW_IRAM1 (Base: 0x20000000, Size: 0x000006a8, Max: 0x00020000, ABSOLUTE, COMPRESSED[0x00000040])

    Base Addr    Size         Type   Attr      Idx    E Section Name        Object

    0x20000000   0x00000008   Data   RW          291    .data               pwm.o
    0x20000008   0x00000003   Data   RW          342    .data               can1.o
    0x2000000b   0x00000001   Data   RW          369    .data               can2.o
    0x2000000c   0x00000006   Data   RW          423    .data               usart3.o
    0x20000012   0x00000002   PAD
    0x20000014   0x00000054   Data   RW          508    .data               chassis_control.o
    0x20000068   0x0000005c   Data   RW          539    .data               pid_algorithm.o
    0x200000c4   0x00000030   Data   RW          588    .data               gimbal_control.o
    0x200000f4   0x0000000c   Data   RW          618    .data               shoot_control.o
    0x20000100   0x00000001   Data   RW          696    .data               encoder.o
    0x20000101   0x00000003   PAD
    0x20000104   0x00000018   Data   RW          722    .data               sdbus.o
    0x2000011c   0x00000010   Data   RW          824    .data               stm32f4xx_rcc.o
    0x2000012c   0x00000014   Data   RW          994    .data               system_stm32f4xx.o
    0x20000140   0x00000014   Data   RW         1056    .data               mpu6050_hmc5883l_driver.o
    0x20000154   0x00000074   Data   RW         1138    .data               mpu6050_hmc5883l_process.o
    0x200001c8   0x00000004   Data   RW         1580    .data               mc_w.l(stdout.o)
    0x200001cc   0x00000004   Data   RW         1594    .data               mc_w.l(errno.o)
    0x200001d0   0x00000012   Zero   RW          396    .bss                usart2.o
    0x200001e2   0x00000028   Zero   RW          477    .bss                usart1.o
    0x2000020a   0x00000002   PAD
    0x2000020c   0x0000000c   Zero   RW          538    .bss                pid_algorithm.o
    0x20000218   0x0000003c   Zero   RW         1055    .bss                mpu6050_hmc5883l_driver.o
    0x20000254   0x00000054   Zero   RW         1137    .bss                mpu6050_hmc5883l_process.o
    0x200002a8   0x00000400   Zero   RW         1020    STACK               startup_stm32f4xx.o


==============================================================================

Image component sizes


      Code (inc. data)   RO Data    RW Data    ZI Data      Debug   Object Name

       716         26          0          3          0       1952   can1.o
      3508        360          0          1          0       8922   can2.o
      1420         28          0         84          0       3553   chassis_control.o
       296          0          0          0          0       1373   dbus.o
        54          0          0          0          0        824   delay.o
       156         14          0          1          0       1314   encoder.o
       364         14          0         48          0       1789   gimbal_control.o
       136          4          0          0          0        697   initialization.o
        60          6          0          0          0        562   laser.o
        64          6          0          0          0        548   led.o
        68          6          0          0          0     285586   main.o
       224         20          0          0          0       1877   misc.o
      1912        584          0         20         60       4582   mpu6050_hmc5883l_driver.o
      1132        242          0          0          0       3975   mpu6050_hmc5883l_i2c.o
       364         22          0          0          0       1093   mpu6050_hmc5883l_interrupt.o
      6824        276          0        116         84       5673   mpu6050_hmc5883l_process.o
        42          0          0          0          0        890   nvic.o
      1620        122          0         92         12       3817   pid_algorithm.o
       352         20          0          8          0       1287   pwm.o
       628         42          0         24          0       2498   sdbus.o
       328         30          0         12          0       1650   shoot_control.o
        36          8        392          0       1024        856   startup_stm32f4xx.o
      2544         38          0          0          0       8028   stm32f4xx_can.o
       936         32          0          0          0       6353   stm32f4xx_dma.o
       284         10          0          0          0       2355   stm32f4xx_exti.o
       604         36          0          0          0       4125   stm32f4xx_gpio.o
        24          0          0          0          0       1174   stm32f4xx_it.o
      1416         48          0         16          0      11039   stm32f4xx_rcc.o
       140         12          0          0          0       1711   stm32f4xx_syscfg.o
      3234         60          0          0          0      22360   stm32f4xx_tim.o
      1050         26          0          0          0       7832   stm32f4xx_usart.o
       528         46          0         20          0       1939   system_stm32f4xx.o
       232          8          0          0          0       1347   timer.o
       436         44          0          0         40       3108   usart1.o
       304         32          0          0         18       1448   usart2.o
       480         58          0          6          0       2173   usart3.o

    ----------------------------------------------------------------------
     32524       2280        424        456       1240     410310   Object Totals
         0          0         32          0          0          0   (incl. Generated)
         8          0          0          5          2          0   (incl. Padding)

    ----------------------------------------------------------------------

      Code (inc. data)   RO Data    RW Data    ZI Data      Debug   Library Member Name

       864         94         80          0          0        280   asin.o
       744        106        152          0          0        352   atan.o
       496         64          0          0          0        192   atan2.o
       200         20          0          0          0        164   cos.o
       368         46         48          0          0        200   cos_i.o
       104         16          0          0          0        496   dunder.o
        24          0          0          0          0        124   fabs.o
        48          0          0          0          0        124   fpclassify.o
       248          0          0          0          0        152   poly.o
         0          0          8          0          0          0   qnan.o
      1080        142        200          0          0        188   rred.o
       200         20          0          0          0        164   sin.o
       304         24         40          0          0        208   sin_i.o
       232          0          0          0          0        296   sqrt.o
        86          0          0          0          0          0   __dczerorl2.o
         0          0          0          0          0          0   entry.o
         0          0          0          0          0          0   entry10a.o
         0          0          0          0          0          0   entry11a.o
         8          4          0          0          0          0   entry2.o
         4          0          0          0          0          0   entry5.o
         0          0          0          0          0          0   entry7b.o
         0          0          0          0          0          0   entry8b.o
         8          4          0          0          0          0   entry9a.o
        12          6          0          4          0         68   errno.o
        30          0          0          0          0          0   handlers.o
        36          8          0          0          0         68   init.o
         0          0          0          0          0          0   iusefp.o
        30          0          0          0          0         68   llshl.o
        36          0          0          0          0         68   llsshr.o
        32          0          0          0          0         68   llushr.o
        36          0          0          0          0         68   memcpya.o
        50          8          0          0          0        152   printfb.o
         0          0          0          4          0          0   stdout.o
        48          0          0          0          0         68   cdcmple.o
        48          0          0          0          0         68   cdrcmple.o
        56          0          0          0          0         88   d2f.o
       334          0          0          0          0        148   dadd.o
       222          0          0          0          0        100   ddiv.o
       186          0          0          0          0        176   depilogue.o
        62          0          0          0          0         80   dfixi.o
        34          0          0          0          0         76   dflti.o
        26          0          0          0          0         76   dfltui.o
       228          0          0          0          0         96   dmul.o
       162          0          0          0          0        100   dsqrt.o
        38          0          0          0          0         68   f2d.o
       110          0          0          0          0        168   fepilogue.o

    ----------------------------------------------------------------------
      6852        562        528          8          0       4812   Library Totals
        18          0          0          0          0          0   (incl. Padding)

    ----------------------------------------------------------------------

      Code (inc. data)   RO Data    RW Data    ZI Data      Debug   Library Name

      4912        532        528          0          0       2940   m_wm.l
       368         30          0          8          0        560   mc_w.l
      1554          0          0          0          0       1312   mf_w.l

    ----------------------------------------------------------------------
      6852        562        528          8          0       4812   Library Totals

    ----------------------------------------------------------------------

==============================================================================


      Code (inc. data)   RO Data    RW Data    ZI Data      Debug   

     39376       2842        952        464       1240     406670   Grand Totals
     39376       2842        952         64       1240     406670   ELF Image Totals (compressed)
     39376       2842        952         64          0          0   ROM Totals

==============================================================================

    Total RO  Size (Code + RO Data)                40328 (  39.38kB)
    Total RW  Size (RW Data + ZI Data)              1704 (   1.66kB)
    Total ROM Size (Code + RO Data + RW Data)      40392 (  39.45kB)

==============================================================================

