ARM Linker, 5.03 [Build 76] [MDK-ARM Standard]

==============================================================================

Section Cross References

    main.o(.text) refers to system_stm32f4xx.o(.text) for SystemInit
    main.o(.text) refers to misc.o(.text) for NVIC_PriorityGroupConfig
    main.o(.text) refers to led.o(.text) for Led_Configuration
    main.o(.text) refers to usart1.o(.text) for USART1_Config
    main.o(.text) refers to usart3.o(.text) for USART3_Configuration
    main.o(.text) refers to can1.o(.text) for CAN1_Configuration
    main.o(.text) refers to can2.o(.text) for CAN2_Configuration
    main.o(.text) refers to delay.o(.text) for delay_ms
    main.o(.text) refers to stm32f4xx_gpio.o(.text) for GPIO_ToggleBits
    main.o(.text) refers to mpu6050_driver.o(.text) for MPU6050_Initialization
    main.o(.text) refers to mpu6050_interrupt.o(.text) for MPU6050_Interrupt_Configuration
    main.o(.text) refers to pwm.o(.text) for PWM_Configuration
    main.o(.text) refers to memcpya.o(.text) for __aeabi_memcpy
    main.o(.text) refers to dbus.o(.text) for DBUS_Det
    main.o(.text) refers to chassis_control.o(.text) for BLDC_control
    main.o(.text) refers to printfa.o(i.__0printf) for __2printf
    main.o(.text) refers to f2d.o(.text) for __aeabi_f2d
    main.o(.text) refers to printfa.o(i.__0sprintf) for __2sprintf
    main.o(.text) refers to usart1.o(.bss) for dbus
    main.o(.text) refers to mpu6050_driver.o(.bss) for HMC5883L_Raw_Data
    main.o(.text) refers to mpu6050_process.o(.bss) for MPU6050_Angle
    main.o(.text) refers to main.o(.bss) for buffer1
    ad.o(.text) refers to stm32f4xx_rcc.o(.text) for RCC_APB2PeriphClockCmd
    ad.o(.text) refers to stm32f4xx_gpio.o(.text) for GPIO_Init
    ad.o(.text) refers to stm32f4xx_adc.o(.text) for ADC_Init
    led.o(.text) refers to stm32f4xx_rcc.o(.text) for RCC_AHB1PeriphClockCmd
    led.o(.text) refers to stm32f4xx_gpio.o(.text) for GPIO_Init
    buzzer.o(.text) refers to stm32f4xx_rcc.o(.text) for RCC_AHB1PeriphClockCmd
    buzzer.o(.text) refers to stm32f4xx_gpio.o(.text) for GPIO_Init
    pwm.o(.text) refers to stm32f4xx_rcc.o(.text) for RCC_AHB1PeriphClockCmd
    pwm.o(.text) refers to stm32f4xx_gpio.o(.text) for GPIO_Init
    pwm.o(.text) refers to stm32f4xx_tim.o(.text) for TIM_TimeBaseInit
    timer.o(.text) refers to stm32f4xx_rcc.o(.text) for RCC_APB1PeriphClockCmd
    timer.o(.text) refers to misc.o(.text) for NVIC_Init
    timer.o(.text) refers to stm32f4xx_tim.o(.text) for TIM_TimeBaseInit
    can1.o(.text) refers to stm32f4xx_rcc.o(.text) for RCC_AHB1PeriphClockCmd
    can1.o(.text) refers to stm32f4xx_gpio.o(.text) for GPIO_PinAFConfig
    can1.o(.text) refers to misc.o(.text) for NVIC_Init
    can1.o(.text) refers to stm32f4xx_can.o(.text) for CAN_DeInit
    can1.o(.text) refers to can1.o(.data) for Can1_CNT
    can1.o(.text) refers to can1.o(.bss) for CurrTemp_201
    can2.o(.text) refers to stm32f4xx_rcc.o(.text) for RCC_AHB1PeriphClockCmd
    can2.o(.text) refers to stm32f4xx_gpio.o(.text) for GPIO_PinAFConfig
    can2.o(.text) refers to misc.o(.text) for NVIC_Init
    can2.o(.text) refers to stm32f4xx_can.o(.text) for CAN_DeInit
    can2.o(.text) refers to can2.o(.data) for can2_tx_success_flag
    can2.o(.text) refers to can2.o(.bss) for Real_Position_Value
    usart2.o(.text) refers to stm32f4xx_rcc.o(.text) for RCC_AHB1PeriphClockCmd
    usart2.o(.text) refers to stm32f4xx_gpio.o(.text) for GPIO_PinAFConfig
    usart2.o(.text) refers to stm32f4xx_usart.o(.text) for USART_DeInit
    usart2.o(.text) refers to misc.o(.text) for NVIC_Init
    usart2.o(.text) refers to stm32f4xx_dma.o(.text) for DMA_DeInit
    usart2.o(.text) refers to usart2.o(.bss) for sbus_rx_buffer
    usart3.o(.text) refers to stm32f4xx_rcc.o(.text) for RCC_AHB1PeriphClockCmd
    usart3.o(.text) refers to stm32f4xx_gpio.o(.text) for GPIO_PinAFConfig
    usart3.o(.text) refers to stm32f4xx_usart.o(.text) for USART_Init
    usart3.o(.text) refers to misc.o(.text) for NVIC_Init
    usart3.o(.text) refers to usart3.o(.data) for Rx_data
    oled.o(.text) refers to stm32f4xx_gpio.o(.text) for GPIO_SetBits
    oled.o(.text) refers to delay.o(.text) for delay_us
    oled.o(.text) refers to printfa.o(i.__0vsprintf) for __c89vsprintf
    oled.o(.text) refers to strlen.o(.text) for strlen
    oled.o(.text) refers to stm32f4xx_rcc.o(.text) for RCC_AHB1PeriphClockCmd
    oled.o(.text) refers to oled.o(.constdata) for F8X16
    oled.o(.text) refers to oled.o(.bss) for LCD_BUF
    oled.o(.text) refers to oled.o(.data) for last_len
    usart1.o(.text) refers to stm32f4xx_rcc.o(.text) for RCC_AHB1PeriphClockCmd
    usart1.o(.text) refers to stm32f4xx_gpio.o(.text) for GPIO_PinAFConfig
    usart1.o(.text) refers to stm32f4xx_usart.o(.text) for USART_DeInit
    usart1.o(.text) refers to misc.o(.text) for NVIC_Init
    usart1.o(.text) refers to stm32f4xx_dma.o(.text) for DMA_DeInit
    usart1.o(.text) refers to dbus.o(.text) for DBUS_Dec
[...]
    ../clib/microlib/printf/printf.c         0x00000000   Number         0  printf2.o ABSOLUTE
    ../clib/microlib/printf/printf.c         0x00000000   Number         0  printf3.o ABSOLUTE
    ../clib/microlib/printf/stubs.s          0x00000000   Number         0  stubs.o ABSOLUTE
    ../clib/microlib/stdio/streams.c         0x00000000   Number         0  stdout.o ABSOLUTE
    ../clib/microlib/string/memcpy.c         0x00000000   Number         0  memcpya.o ABSOLUTE
    ../clib/microlib/string/memcpy.c         0x00000000   Number         0  memcpyb.o ABSOLUTE
    ../clib/microlib/string/strlen.c         0x00000000   Number         0  strlen.o ABSOLUTE
    ../clib/microlib/stubs.s                 0x00000000   Number         0  iusefp.o ABSOLUTE
    ../fplib/microlib/d2f.c                  0x00000000   Number         0  d2f.o ABSOLUTE
    ../fplib/microlib/f2d.c                  0x00000000   Number         0  f2d.o ABSOLUTE
    ../fplib/microlib/fpadd.c                0x00000000   Number         0  dadd.o ABSOLUTE
    ../fplib/microlib/fpdiv.c                0x00000000   Number         0  ddiv.o ABSOLUTE
    ../fplib/microlib/fpepilogue.c           0x00000000   Number         0  depilogue.o ABSOLUTE
    ../fplib/microlib/fpepilogue.c           0x00000000   Number         0  fepilogue.o ABSOLUTE
    ../fplib/microlib/fpfix.c                0x00000000   Number         0  dfixul.o ABSOLUTE
    ../fplib/microlib/fpflt.c                0x00000000   Number         0  dflti.o ABSOLUTE
    ../fplib/microlib/fpmul.c                0x00000000   Number         0  dmul.o ABSOLUTE
    ../fplib/microlib/fpneg.c                0x00000000   Number         0  dneg.o ABSOLUTE
    ../fplib/microlib/fpsqrt.c               0x00000000   Number         0  dsqrt.o ABSOLUTE
    ../mathlib/asin.c                        0x00000000   Number         0  asin_x.o ABSOLUTE
    ../mathlib/asin.c                        0x00000000   Number         0  asin.o ABSOLUTE
    ../mathlib/atan.c                        0x00000000   Number         0  atan_x.o ABSOLUTE
    ../mathlib/atan.c                        0x00000000   Number         0  atan.o ABSOLUTE
    ../mathlib/atan2.c                       0x00000000   Number         0  atan2_x.o ABSOLUTE
    ../mathlib/atan2.c                       0x00000000   Number         0  atan2.o ABSOLUTE
    ../mathlib/dunder.c                      0x00000000   Number         0  dunder.o ABSOLUTE
    ../mathlib/fabs.c                        0x00000000   Number         0  fabs.o ABSOLUTE
    ../mathlib/fpclassify.c                  0x00000000   Number         0  fpclassify.o ABSOLUTE
    ../mathlib/poly.c                        0x00000000   Number         0  poly.o ABSOLUTE
    ../mathlib/qnan.c                        0x00000000   Number         0  qnan.o ABSOLUTE
    ../mathlib/sqrt.c                        0x00000000   Number         0  sqrt_x.o ABSOLUTE
    ../mathlib/sqrt.c                        0x00000000   Number         0  sqrt.o ABSOLUTE
    ..\Libraries\misc.c                      0x00000000   Number         0  misc.o ABSOLUTE
    ..\Libraries\startup_stm32f4xx.s         0x00000000   Number         0  startup_stm32f4xx.o ABSOLUTE
    ..\Libraries\stm32f4xx_adc.c             0x00000000   Number         0  stm32f4xx_adc.o ABSOLUTE
    ..\Libraries\stm32f4xx_can.c             0x00000000   Number         0  stm32f4xx_can.o ABSOLUTE
    ..\Libraries\stm32f4xx_dma.c             0x00000000   Number         0  stm32f4xx_dma.o ABSOLUTE
    ..\Libraries\stm32f4xx_exti.c            0x00000000   Number         0  stm32f4xx_exti.o ABSOLUTE
    ..\Libraries\stm32f4xx_gpio.c            0x00000000   Number         0  stm32f4xx_gpio.o ABSOLUTE
    ..\Libraries\stm32f4xx_i2c.c             0x00000000   Number         0  stm32f4xx_i2c.o ABSOLUTE
    ..\Libraries\stm32f4xx_rcc.c             0x00000000   Number         0  stm32f4xx_rcc.o ABSOLUTE
    ..\Libraries\stm32f4xx_syscfg.c          0x00000000   Number         0  stm32f4xx_syscfg.o ABSOLUTE
    ..\Libraries\stm32f4xx_tim.c             0x00000000   Number         0  stm32f4xx_tim.o ABSOLUTE
    ..\Libraries\stm32f4xx_usart.c           0x00000000   Number         0  stm32f4xx_usart.o ABSOLUTE
    ..\Libraries\system_stm32f4xx.c          0x00000000   Number         0  system_stm32f4xx.o ABSOLUTE
    ..\MPU6050\mpu6050_driver.c              0x00000000   Number         0  mpu6050_driver.o ABSOLUTE
    ..\MPU6050\mpu6050_i2c.c                 0x00000000   Number         0  mpu6050_i2c.o ABSOLUTE
    ..\MPU6050\mpu6050_interrupt.c           0x00000000   Number         0  mpu6050_interrupt.o ABSOLUTE
    ..\MPU6050\mpu6050_process.c             0x00000000   Number         0  mpu6050_process.o ABSOLUTE
    ..\Mylib\ad.c                            0x00000000   Number         0  ad.o ABSOLUTE
    ..\Mylib\buzzer.c                        0x00000000   Number         0  buzzer.o ABSOLUTE
    ..\Mylib\can1.c                          0x00000000   Number         0  can1.o ABSOLUTE
    ..\Mylib\can2.c                          0x00000000   Number         0  can2.o ABSOLUTE
    ..\Mylib\chassis_control.c               0x00000000   Number         0  chassis_control.o ABSOLUTE
    ..\Mylib\dbus.c                          0x00000000   Number         0  dbus.o ABSOLUTE
    ..\Mylib\delay.c                         0x00000000   Number         0  delay.o ABSOLUTE
    ..\Mylib\led.c                           0x00000000   Number         0  led.o ABSOLUTE
    ..\Mylib\oled.c                          0x00000000   Number         0  oled.o ABSOLUTE
    ..\Mylib\pwm.c                           0x00000000   Number         0  pwm.o ABSOLUTE
    ..\Mylib\timer.c                         0x00000000   Number         0  timer.o ABSOLUTE
    ..\Mylib\usart1.c                        0x00000000   Number         0  usart1.o ABSOLUTE
    ..\Mylib\usart2.c                        0x00000000   Number         0  usart2.o ABSOLUTE
    ..\Mylib\usart3.c                        0x00000000   Number         0  usart3.o ABSOLUTE
    ..\User\main.c                           0x00000000   Number         0  main.o ABSOLUTE
    ..\User\stm32f4xx_it.c                   0x00000000   Number         0  stm32f4xx_it.o ABSOLUTE
    ..\\Libraries\\misc.c                    0x00000000   Number         0  misc.o ABSOLUTE
    ..\\Libraries\\stm32f4xx_adc.c           0x00000000   Number         0  stm32f4xx_adc.o ABSOLUTE
    ..\\Libraries\\stm32f4xx_can.c           0x00000000   Number         0  stm32f4xx_can.o ABSOLUTE
    ..\\Libraries\\stm32f4xx_dma.c           0x00000000   Number         0  stm32f4xx_dma.o ABSOLUTE
    ..\\Libraries\\stm32f4xx_exti.c          0x00000000   Number         0  stm32f4xx_exti.o ABSOLUTE
    ..\\Libraries\\stm32f4xx_gpio.c          0x00000000   Number         0  stm32f4xx_gpio.o ABSOLUTE
    ..\\Libraries\\stm32f4xx_i2c.c           0x00000000   Number         0  stm32f4xx_i2c.o ABSOLUTE
    ..\\Libraries\\stm32f4xx_rcc.c           0x00000000   Number         0  stm32f4xx_rcc.o ABSOLUTE
    ..\\Libraries\\stm32f4xx_syscfg.c        0x00000000   Number         0  stm32f4xx_syscfg.o ABSOLUTE
    ..\\Libraries\\stm32f4xx_tim.c           0x00000000   Number         0  stm32f4xx_tim.o ABSOLUTE
    ..\\Libraries\\stm32f4xx_usart.c         0x00000000   Number         0  stm32f4xx_usart.o ABSOLUTE
    ..\\Libraries\\system_stm32f4xx.c        0x00000000   Number         0  system_stm32f4xx.o ABSOLUTE
    ..\\MPU6050\\mpu6050_driver.c            0x00000000   Number         0  mpu6050_driver.o ABSOLUTE
    ..\\MPU6050\\mpu6050_i2c.c               0x00000000   Number         0  mpu6050_i2c.o ABSOLUTE
    ..\\MPU6050\\mpu6050_interrupt.c         0x00000000   Number         0  mpu6050_interrupt.o ABSOLUTE
    ..\\MPU6050\\mpu6050_process.c           0x00000000   Number         0  mpu6050_process.o ABSOLUTE
    ..\\Mylib\\ad.c                          0x00000000   Number         0  ad.o ABSOLUTE
    ..\\Mylib\\buzzer.c                      0x00000000   Number         0  buzzer.o ABSOLUTE
    ..\\Mylib\\can1.c                        0x00000000   Number         0  can1.o ABSOLUTE
    ..\\Mylib\\can2.c                        0x00000000   Number         0  can2.o ABSOLUTE
    ..\\Mylib\\chassis_control.c             0x00000000   Number         0  chassis_control.o ABSOLUTE
    ..\\Mylib\\dbus.c                        0x00000000   Number         0  dbus.o ABSOLUTE
    ..\\Mylib\\delay.c                       0x00000000   Number         0  delay.o ABSOLUTE
    ..\\Mylib\\led.c                         0x00000000   Number         0  led.o ABSOLUTE
    ..\\Mylib\\oled.c                        0x00000000   Number         0  oled.o ABSOLUTE
    ..\\Mylib\\pwm.c                         0x00000000   Number         0  pwm.o ABSOLUTE
    ..\\Mylib\\timer.c                       0x00000000   Number         0  timer.o ABSOLUTE
    ..\\Mylib\\usart1.c                      0x00000000   Number         0  usart1.o ABSOLUTE
    ..\\Mylib\\usart2.c                      0x00000000   Number         0  usart2.o ABSOLUTE
    ..\\Mylib\\usart3.c                      0x00000000   Number         0  usart3.o ABSOLUTE
    ..\\User\\main.c                         0x00000000   Number         0  main.o ABSOLUTE
    ..\\User\\stm32f4xx_it.c                 0x00000000   Number         0  stm32f4xx_it.o ABSOLUTE
    cdcmple.s                                0x00000000   Number         0  cdcmple.o ABSOLUTE
    cdrcmple.s                               0x00000000   Number         0  cdrcmple.o ABSOLUTE
    dc.s                                     0x00000000   Number         0  dc.o ABSOLUTE
    handlers.s                               0x00000000   Number         0  handlers.o ABSOLUTE
    init.s                                   0x00000000   Number         0  init.o ABSOLUTE
    RESET                                    0x08000000   Section      392  startup_stm32f4xx.o(RESET)
    .ARM.Collect$$$$00000000                 0x08000188   Section        0  entry.o(.ARM.Collect$$$$00000000)
    .ARM.Collect$$$$00000001                 0x08000188   Section        4  entry2.o(.ARM.Collect$$$$00000001)
    .ARM.Collect$$$$00000004                 0x0800018c   Section        4  entry5.o(.ARM.Collect$$$$00000004)
    .ARM.Collect$$$$00000008                 0x08000190   Section        0  entry7b.o(.ARM.Collect$$$$00000008)
    .ARM.Collect$$$$0000000A                 0x08000190   Section        0  entry8b.o(.ARM.Collect$$$$0000000A)
    .ARM.Collect$$$$0000000B                 0x08000190   Section        8  entry9a.o(.ARM.Collect$$$$0000000B)
    .ARM.Collect$$$$0000000D                 0x08000198   Section        0  entry10a.o(.ARM.Collect$$$$0000000D)
    .ARM.Collect$$$$0000000F                 0x08000198   Section        0  entry11a.o(.ARM.Collect$$$$0000000F)
    .ARM.Collect$$$$00002712                 0x08000198   Section        4  entry2.o(.ARM.Collect$$$$00002712)
    __lit__00000000                          0x08000198   Data           4  entry2.o(.ARM.Collect$$$$00002712)
    .text                                    0x0800019c   Section        0  main.o(.text)
    .text                                    0x080002e0   Section        0  stm32f4xx_it.o(.text)
    .text                                    0x080002f8   Section        0  led.o(.text)
    .text                                    0x08000338   Section        0  delay.o(.text)
    .text                                    0x08000370   Section        0  pwm.o(.text)
    .text                                    0x08000454   Section        0  timer.o(.text)
    .text                                    0x080004e0   Section        0  can1.o(.text)
    .text                                    0x08000814   Section        0  can2.o(.text)
    .text                                    0x080016a4   Section        0  usart2.o(.text)
    .text                                    0x080017e4   Section        0  usart3.o(.text)
    .text                                    0x0800192c   Section        0  dbus.o(.text)
    .text                                    0x08001a50   Section        0  usart1.o(.text)
    .text                                    0x08001b9c   Section        0  chassis_control.o(.text)
    .text                                    0x08001e90   Section        0  misc.o(.text)
    .text                                    0x08001f70   Section        0  stm32f4xx_tim.o(.text)
    TI4_Config                               0x0800270f   Thumb Code    80  stm32f4xx_tim.o(.text)
    TI3_Config                               0x08002771   Thumb Code    72  stm32f4xx_tim.o(.text)
    TI2_Config                               0x080027d3   Thumb Code    90  stm32f4xx_tim.o(.text)
    TI1_Config                               0x0800283f   Thumb Code    58  stm32f4xx_tim.o(.text)
    .text                                    0x08002c14   Section        0  stm32f4xx_rcc.o(.text)
    .text                                    0x0800319c   Section        0  stm32f4xx_can.o(.text)
    CheckITStatus                            0x0800399f   Thumb Code    18  stm32f4xx_can.o(.text)
    .text                                    0x08003b8c   Section        0  stm32f4xx_exti.o(.text)
    .text                                    0x08003ca8   Section        0  stm32f4xx_gpio.o(.text)
    .text                                    0x08003f04   Section        0  stm32f4xx_dma.o(.text)
    .text                                    0x080042ac   Section        0  stm32f4xx_usart.o(.text)
    .text                                    0x080046c8   Section        0  stm32f4xx_syscfg.o(.text)
    .text                                    0x08004754   Section        0  system_stm32f4xx.o(.text)
    SetSysClock                              0x08004755   Thumb Code   220  system_stm32f4xx.o(.text)
    .text                                    0x08004964   Section       36  startup_stm32f4xx.o(.text)
    $v0                                      0x08004964   Number         0  startup_stm32f4xx.o(.text)
    .text                                    0x08004988   Section        0  mpu6050_driver.o(.text)
    .text                                    0x0800523c   Section        0  mpu6050_i2c.o(.text)
    .text                                    0x08005610   Section        0  mpu6050_interrupt.o(.text)
    .text                                    0x08005738   Section        0  mpu6050_process.o(.text)
    .text                                    0x08006130   Section        0  memcpya.o(.text)
    .text                                    0x08006154   Section        0  dadd.o(.text)
    .text                                    0x080062a2   Section        0  dmul.o(.text)
    .text                                    0x08006386   Section        0  ddiv.o(.text)
    .text                                    0x08006464   Section        0  dflti.o(.text)
    .text                                    0x08006486   Section        0  f2d.o(.text)
    .text                                    0x080064ac   Section        0  d2f.o(.text)
    .text                                    0x080064e4   Section        0  uidiv.o(.text)
    .text                                    0x08006510   Section        0  uldiv.o(.text)
    .text                                    0x08006572   Section        0  llshl.o(.text)
    .text                                    0x08006590   Section        0  llsshr.o(.text)
    .text                                    0x080065b4   Section        0  fepilogue.o(.text)
    .text                                    0x080065b4   Section        0  iusefp.o(.text)
    .text                                    0x08006620   Section        0  depilogue.o(.text)
    .text                                    0x080066de   Section        0  dsqrt.o(.text)
    .text                                    0x08006780   Section        0  dfixul.o(.text)
    .text                                    0x080067b0   Section       40  cdrcmple.o(.text)
    .text                                    0x080067d8   Section       36  init.o(.text)
    .text                                    0x080067fc   Section        0  llushr.o(.text)
    i.__0printf                              0x0800681c   Section        0  printfa.o(i.__0printf)
    i.__0sprintf                             0x0800683c   Section        0  printfa.o(i.__0sprintf)
    i.__ARM_fpclassify                       0x08006864   Section        0  fpclassify.o(i.__ARM_fpclassify)
    i.__hardfp_asin                          0x08006898   Section        0  asin.o(i.__hardfp_asin)
    i.__hardfp_atan                          0x08006c08   Section        0  atan.o(i.__hardfp_atan)
    i.__hardfp_atan2                         0x08006ef0   Section        0  atan2.o(i.__hardfp_atan2)
    i.__hardfp_sqrt                          0x080070d0   Section        0  sqrt.o(i.__hardfp_sqrt)
    i.__kernel_poly                          0x0800714a   Section        0  poly.o(i.__kernel_poly)
    i.__mathlib_dbl_underflow                0x08007248   Section        0  dunder.o(i.__mathlib_dbl_underflow)
    i.__scatterload_copy                     0x08007268   Section       14  handlers.o(i.__scatterload_copy)
    i.__scatterload_null                     0x08007276   Section        2  handlers.o(i.__scatterload_null)
    i.__scatterload_zeroinit                 0x08007278   Section       14  handlers.o(i.__scatterload_zeroinit)
    i.__set_errno                            0x08007288   Section        0  errno.o(i.__set_errno)
    i._fp_digits                             0x08007294   Section        0  printfa.o(i._fp_digits)
    _fp_digits                               0x08007295   Thumb Code   326  printfa.o(i._fp_digits)
    i._printf_core                           0x080073f0   Section        0  printfa.o(i._printf_core)
    _printf_core                             0x080073f1   Thumb Code  1762  printfa.o(i._printf_core)
    i._printf_post_padding                   0x08007ae0   Section        0  printfa.o(i._printf_post_padding)
    _printf_post_padding                     0x08007ae1   Thumb Code    38  printfa.o(i._printf_post_padding)
    i._printf_pre_padding                    0x08007b06   Section        0  printfa.o(i._printf_pre_padding)
    _printf_pre_padding                      0x08007b07   Thumb Code    48  printfa.o(i._printf_pre_padding)
    i._sputc                                 0x08007b36   Section        0  printfa.o(i._sputc)
    _sputc                                   0x08007b37   Thumb Code    10  printfa.o(i._sputc)
    i.atan                                   0x08007b40   Section        0  atan.o(i.atan)
    i.fabs                                   0x08007b50   Section        0  fabs.o(i.fabs)
    i.sqrt                                   0x08007b70   Section        0  sqrt.o(i.sqrt)
    .constdata                               0x08007be0   Section       80  asin.o(.constdata)
    pS                                       0x08007be0   Data          48  asin.o(.constdata)
    qS                                       0x08007c10   Data          32  asin.o(.constdata)
    .constdata                               0x08007c30   Section      152  atan.o(.constdata)
    atanhi                                   0x08007c30   Data          32  atan.o(.constdata)
    atanlo                                   0x08007c50   Data          32  atan.o(.constdata)
    aTodd                                    0x08007c70   Data          40  atan.o(.constdata)
    aTeven                                   0x08007c98   Data          48  atan.o(.constdata)
    .constdata                               0x08007cc8   Section        8  qnan.o(.constdata)
    .data                                    0x20000000   Section       30  can1.o(.data)
    Can1_CNT                                 0x20000008   Data           2  can1.o(.data)
    current_201                              0x2000000a   Data           2  can1.o(.data)
    current_202                              0x2000000c   Data           2  can1.o(.data)
    CurrCnt_201                              0x2000000e   Data           2  can1.o(.data)
    CurrCnt_202                              0x20000010   Data           2  can1.o(.data)
    CurrInt_201                              0x20000014   Data           4  can1.o(.data)
    CurrInt_202                              0x20000018   Data           4  can1.o(.data)
    .data                                    0x2000001e   Section       30  can2.o(.data)
    .data                                    0x2000003c   Section        1  usart3.o(.data)
    .data                                    0x20000040   Section       16  chassis_control.o(.data)
    .data                                    0x20000050   Section       16  stm32f4xx_rcc.o(.data)
    APBAHBPrescTable                         0x20000050   Data          16  stm32f4xx_rcc.o(.data)
    .data                                    0x20000060   Section       20  system_stm32f4xx.o(.data)
    .data                                    0x20000074   Section       12  mpu6050_driver.o(.data)
    .data                                    0x20000080   Section       48  mpu6050_process.o(.data)
    first_flag                               0x20000080   Data           4  mpu6050_process.o(.data)
    filter_cnt                               0x20000084   Data           4  mpu6050_process.o(.data)
    q0                                       0x20000088   Data           4  mpu6050_process.o(.data)
    q1                                       0x2000008c   Data           4  mpu6050_process.o(.data)
    q2                                       0x20000090   Data           4  mpu6050_process.o(.data)
    q3                                       0x20000094   Data           4  mpu6050_process.o(.data)
    exInt                                    0x20000098   Data           4  mpu6050_process.o(.data)
    eyInt                                    0x2000009c   Data           4  mpu6050_process.o(.data)
    ezInt                                    0x200000a0   Data           4  mpu6050_process.o(.data)
    pre_ax                                   0x200000a4   Data           4  mpu6050_process.o(.data)
    pre_ay                                   0x200000a8   Data           4  mpu6050_process.o(.data)
    pre_az                                   0x200000ac   Data           4  mpu6050_process.o(.data)
    .data                                    0x200000b0   Section        4  stdout.o(.data)
    .data                                    0x200000b4   Section        4  errno.o(.data)
    _errno                                   0x200000b4   Data           4  errno.o(.data)
    .bss                                     0x200000b8   Section       32  main.o(.bss)
    .bss                                     0x200000d8   Section      400  can1.o(.bss)
    CurrTemp_201                             0x200000d8   Data         200  can1.o(.bss)
    CurrTemp_202                             0x200001a0   Data         200  can1.o(.bss)
    .bss                                     0x20000268   Section       16  can2.o(.bss)
    .bss                                     0x20000278   Section       18  usart2.o(.bss)
    .bss                                     0x2000028a   Section       40  usart1.o(.bss)
    .bss                                     0x200002b4   Section       56  mpu6050_driver.o(.bss)
    .bss                                     0x200002ec   Section       96  mpu6050_process.o(.bss)
    accel_x_buffer                           0x200002ec   Data          20  mpu6050_process.o(.bss)
    accel_y_buffer                           0x20000300   Data          20  mpu6050_process.o(.bss)
    accel_z_buffer                           0x20000314   Data          20  mpu6050_process.o(.bss)
    STACK                                    0x20000350   Section     1024  startup_stm32f4xx.o(STACK)

    Global Symbols

    Symbol Name                              Value     Ov Type        Size  Object(Section)

    BuildAttributes$$THM_ISAv4$E$P$D$K$B$S$7EM$VFPi3$EXTD16$VFPS$VFMA$PE$A:L22UL41UL21$X:L11$S22US41US21$IEEE1$IW$USESV6$~STKCKD$USESV7$~SHL$OTIME$ROPI$IEEEX$EBA8$MICROLIB$REQ8$PRES8$EABIv2 0x00000000   Number         0  anon$$obj.o ABSOLUTE
    __ARM_use_no_argv                        0x00000000   Number         0  main.o ABSOLUTE
    _printf_a                                0x00000000   Number         0  stubs.o ABSOLUTE
    _printf_c                                0x00000000   Number         0  stubs.o ABSOLUTE
    _printf_charcount                        0x00000000   Number         0  stubs.o ABSOLUTE
    _printf_d                                0x00000000   Number         0  stubs.o ABSOLUTE
    _printf_e                                0x00000000   Number         0  stubs.o ABSOLUTE
    _printf_f                                0x00000000   Number         0  stubs.o ABSOLUTE
    _printf_flags                            0x00000000   Number         0  stubs.o ABSOLUTE
    _printf_fp_dec                           0x00000000   Number         0  stubs.o ABSOLUTE
    _printf_fp_hex                           0x00000000   Number         0  stubs.o ABSOLUTE
    _printf_g                                0x00000000   Number         0  stubs.o ABSOLUTE
    _printf_i                                0x00000000   Number         0  stubs.o ABSOLUTE
    _printf_int_dec                          0x00000000   Number         0  stubs.o ABSOLUTE
    _printf_l                                0x00000000   Number         0  stubs.o ABSOLUTE
    _printf_lc                               0x00000000   Number         0  stubs.o ABSOLUTE
    _printf_ll                               0x00000000   Number         0  stubs.o ABSOLUTE
    _printf_lld                              0x00000000   Number         0  stubs.o ABSOLUTE
    _printf_lli                              0x00000000   Number         0  stubs.o ABSOLUTE
    _printf_llo                              0x00000000   Number         0  stubs.o ABSOLUTE
    _printf_llu                              0x00000000   Number         0  stubs.o ABSOLUTE
    _printf_llx                              0x00000000   Number         0  stubs.o ABSOLUTE
    _printf_longlong_dec                     0x00000000   Number         0  stubs.o ABSOLUTE
    _printf_longlong_hex                     0x00000000   Number         0  stubs.o ABSOLUTE
    _printf_longlong_oct                     0x00000000   Number         0  stubs.o ABSOLUTE
    _printf_ls                               0x00000000   Number         0  stubs.o ABSOLUTE
    _printf_mbtowc                           0x00000000   Number         0  stubs.o ABSOLUTE
    _printf_n                                0x00000000   Number         0  stubs.o ABSOLUTE
    _printf_o                                0x00000000   Number         0  stubs.o ABSOLUTE
    _printf_p                                0x00000000   Number         0  stubs.o ABSOLUTE
    _printf_percent                          0x00000000   Number         0  stubs.o ABSOLUTE
    _printf_pre_padding                      0x00000000   Number         0  stubs.o ABSOLUTE
    _printf_return_value                     0x00000000   Number         0  stubs.o ABSOLUTE
    _printf_s                                0x00000000   Number         0  stubs.o ABSOLUTE
    _printf_sizespec                         0x00000000   Number         0  stubs.o ABSOLUTE
    _printf_str                              0x00000000   Number         0  stubs.o ABSOLUTE
    _printf_truncate_signed                  0x00000000   Number         0  stubs.o ABSOLUTE
    _printf_truncate_unsigned                0x00000000   Number         0  stubs.o ABSOLUTE
    _printf_u                                0x00000000   Number         0  stubs.o ABSOLUTE
    _printf_wc                               0x00000000   Number         0  stubs.o ABSOLUTE
    _printf_wctomb                           0x00000000   Number         0  stubs.o ABSOLUTE
    _printf_widthprec                        0x00000000   Number         0  stubs.o ABSOLUTE
    _printf_x                                0x00000000   Number         0  stubs.o ABSOLUTE
    __cpp_initialize__aeabi_                  - Undefined Weak Reference
    __cxa_finalize                            - Undefined Weak Reference
    __decompress                              - Undefined Weak Reference
    _clock_init                               - Undefined Weak Reference
    _microlib_exit                            - Undefined Weak Reference
    __Vectors_Size                           0x00000188   Number         0  startup_stm32f4xx.o ABSOLUTE
    __Vectors                                0x08000000   Data           4  startup_stm32f4xx.o(RESET)
    __Vectors_End                            0x08000188   Data           0  startup_stm32f4xx.o(RESET)
    __main                                   0x08000189   Thumb Code     0  entry.o(.ARM.Collect$$$$00000000)
    _main_stk                                0x08000189   Thumb Code     0  entry2.o(.ARM.Collect$$$$00000001)
    _main_scatterload                        0x0800018d   Thumb Code     0  entry5.o(.ARM.Collect$$$$00000004)
    __main_after_scatterload                 0x08000191   Thumb Code     0  entry5.o(.ARM.Collect$$$$00000004)
    _main_clock                              0x08000191   Thumb Code     0  entry7b.o(.ARM.Collect$$$$00000008)
    _main_cpp_init                           0x08000191   Thumb Code     0  entry8b.o(.ARM.Collect$$$$0000000A)
    _main_init                               0x08000191   Thumb Code     0  entry9a.o(.ARM.Collect$$$$0000000B)
    __rt_final_cpp                           0x08000199   Thumb Code     0  entry10a.o(.ARM.Collect$$$$0000000D)
    __rt_final_exit                          0x08000199   Thumb Code     0  entry11a.o(.ARM.Collect$$$$0000000F)
    main                                     0x0800019d   Thumb Code   288  main.o(.text)
    NMI_Handler                              0x080002e1   Thumb Code     2  stm32f4xx_it.o(.text)
    HardFault_Handler                        0x080002e3   Thumb Code     4  stm32f4xx_it.o(.text)
    MemManage_Handler                        0x080002e7   Thumb Code     4  stm32f4xx_it.o(.text)
    BusFault_Handler                         0x080002eb   Thumb Code     4  stm32f4xx_it.o(.text)
    UsageFault_Handler                       0x080002ef   Thumb Code     4  stm32f4xx_it.o(.text)
    SVC_Handler                              0x080002f3   Thumb Code     2  stm32f4xx_it.o(.text)
    DebugMon_Handler                         0x080002f5   Thumb Code     2  stm32f4xx_it.o(.text)
    PendSV_Handler                           0x080002f7   Thumb Code     2  stm32f4xx_it.o(.text)
    Led_Configuration                        0x080002f9   Thumb Code    58  led.o(.text)
    delay_ms                                 0x08000339   Thumb Code    28  delay.o(.text)
    delay_us                                 0x08000355   Thumb Code    26  delay.o(.text)
    PWM_Configuration                        0x08000371   Thumb Code   218  pwm.o(.text)
    TIM6_Configuration                       0x08000455   Thumb Code    70  timer.o(.text)
    TIM6_Start                               0x0800049b   Thumb Code    30  timer.o(.text)
    TIM6_DAC_IRQHandler                      0x080004b9   Thumb Code    30  timer.o(.text)
    CAN1_Configuration                       0x080004e1   Thumb Code   262  can1.o(.text)
    CurrentProtect                           0x080005e7   Thumb Code   232  can1.o(.text)
    CAN1_TX_IRQHandler                       0x080006cf   Thumb Code    28  can1.o(.text)
    CAN1_RX0_IRQHandler                      0x080006eb   Thumb Code   150  can1.o(.text)
    Cmd_ESC                                  0x08000781   Thumb Code    84  can1.o(.text)
    CAN2_Configuration                       0x08000815   Thumb Code   276  can2.o(.text)
    CAN2_TX_IRQHandler                       0x08000929   Thumb Code    28  can2.o(.text)
    CAN2_RX0_IRQHandler                      0x08000945   Thumb Code   516  can2.o(.text)
    CAN_RoboModule_DRV_Reset                 0x08000b49   Thumb Code   198  can2.o(.text)
    CAN_RoboModule_DRV_Mode_Choice           0x08000c0f   Thumb Code   236  can2.o(.text)
    CAN_RoboModule_DRV_PWM_Mode              0x08000cfb   Thumb Code   222  can2.o(.text)
    CAN_RoboModule_DRV_PWM_Current_Mode      0x08000dd9   Thumb Code   266  can2.o(.text)
    CAN_RoboModule_DRV_PWM_Velocity_Mode     0x08000ee3   Thumb Code   246  can2.o(.text)
    CAN_RoboModule_DRV_PWM_Position_Mode     0x08000fd9   Thumb Code   268  can2.o(.text)
    CAN_RoboModule_DRV_PWM_Velocity_Position_Mode 0x080010e5   Thumb Code   282  can2.o(.text)
    CAN_RoboModule_DRV_Current_Velocity_Mode 0x080011ff   Thumb Code   246  can2.o(.text)
    CAN_RoboModule_DRV_Current_Position_Mode 0x080012f5   Thumb Code   250  can2.o(.text)
    CAN_RoboModule_DRV_Current_Velocity_Position_Mode 0x080013ef   Thumb Code   262  can2.o(.text)
    CAN_RoboModule_DRV_Config                0x080014f5   Thumb Code   228  can2.o(.text)
    CAN_RoboModule_DRV_Online_Check          0x080015d9   Thumb Code   196  can2.o(.text)
    USART2_Configuration                     0x080016a5   Thumb Code   256  usart2.o(.text)
    DMA1_Stream5_IRQHandler                  0x080017a5   Thumb Code    30  usart2.o(.text)
    USART3_Configuration                     0x080017e5   Thumb Code   170  usart3.o(.text)
    USART3_SendChar                          0x0800188f   Thumb Code    28  usart3.o(.text)
    USART3_SendInt                           0x080018ab   Thumb Code    28  usart3.o(.text)
    USART3_SendStr                           0x080018c7   Thumb Code    22  usart3.o(.text)
    fputc                                    0x080018dd   Thumb Code    32  usart3.o(.text)
    USART3_IRQHandler                        0x080018fd   Thumb Code    36  usart3.o(.text)
    DBUS_Enc                                 0x0800192d   Thumb Code   122  dbus.o(.text)
    DBUS_Dec                                 0x080019a7   Thumb Code   144  dbus.o(.text)
    DBUS_Det                                 0x08001a37   Thumb Code    24  dbus.o(.text)
    USART1_Config                            0x08001a51   Thumb Code   258  usart1.o(.text)
    DMA2_Stream5_IRQHandler                  0x08001b53   Thumb Code    38  usart1.o(.text)
    TransMove                                0x08001b9d   Thumb Code   300  chassis_control.o(.text)
    move_control                             0x08001cc9   Thumb Code   258  chassis_control.o(.text)
    BLDC_control                             0x08001dcb   Thumb Code   102  chassis_control.o(.text)
    Fire                                     0x08001e31   Thumb Code    74  chassis_control.o(.text)
    NVIC_PriorityGroupConfig                 0x08001e91   Thumb Code    10  misc.o(.text)
    NVIC_Init                                0x08001e9b   Thumb Code   106  misc.o(.text)
    NVIC_SetVectorTable                      0x08001f05   Thumb Code    14  misc.o(.text)
    NVIC_SystemLPConfig                      0x08001f13   Thumb Code    34  misc.o(.text)
    SysTick_CLKSourceConfig                  0x08001f35   Thumb Code    40  misc.o(.text)
    TIM_DeInit                               0x08001f71   Thumb Code   346  stm32f4xx_tim.o(.text)
    TIM_TimeBaseInit                         0x080020cb   Thumb Code   104  stm32f4xx_tim.o(.text)
    TIM_TimeBaseStructInit                   0x08002133   Thumb Code    18  stm32f4xx_tim.o(.text)
    TIM_PrescalerConfig                      0x08002145   Thumb Code     6  stm32f4xx_tim.o(.text)
    TIM_CounterModeConfig                    0x0800214b   Thumb Code    18  stm32f4xx_tim.o(.text)
    TIM_SetCounter                           0x0800215d   Thumb Code     4  stm32f4xx_tim.o(.text)
    TIM_SetAutoreload                        0x08002161   Thumb Code     4  stm32f4xx_tim.o(.text)
    TIM_GetCounter                           0x08002165   Thumb Code     6  stm32f4xx_tim.o(.text)
    TIM_GetPrescaler                         0x0800216b   Thumb Code     6  stm32f4xx_tim.o(.text)
    TIM_UpdateDisableConfig                  0x08002171   Thumb Code    24  stm32f4xx_tim.o(.text)
    TIM_UpdateRequestConfig                  0x08002189   Thumb Code    24  stm32f4xx_tim.o(.text)
    TIM_ARRPreloadConfig                     0x080021a1   Thumb Code    24  stm32f4xx_tim.o(.text)
    TIM_SelectOnePulseMode                   0x080021b9   Thumb Code    18  stm32f4xx_tim.o(.text)
    TIM_SetClockDivision                     0x080021cb   Thumb Code    18  stm32f4xx_tim.o(.text)
    TIM_Cmd                                  0x080021dd   Thumb Code    24  stm32f4xx_tim.o(.text)
    TIM_OC1Init                              0x080021f5   Thumb Code   114  stm32f4xx_tim.o(.text)
    TIM_OC2Init                              0x08002267   Thumb Code   154  stm32f4xx_tim.o(.text)
    TIM_OC3Init                              0x08002301   Thumb Code   204  stm32f4xx_tim.o(.text)
    TIM_OC4Init                              0x080023cd   Thumb Code   112  stm32f4xx_tim.o(.text)
    TIM_OCStructInit                         0x0800243d   Thumb Code    20  stm32f4xx_tim.o(.text)
    TIM_SelectOCxM                           0x08002451   Thumb Code    86  stm32f4xx_tim.o(.text)
    TIM_SetCompare1                          0x080024a7   Thumb Code     4  stm32f4xx_tim.o(.text)
    TIM_SetCompare2                          0x080024ab   Thumb Code     4  stm32f4xx_tim.o(.text)
    TIM_SetCompare3                          0x080024af   Thumb Code     4  stm32f4xx_tim.o(.text)
    TIM_SetCompare4                          0x080024b3   Thumb Code     4  stm32f4xx_tim.o(.text)
    TIM_ForcedOC1Config                      0x080024b7   Thumb Code    18  stm32f4xx_tim.o(.text)
    TIM_ForcedOC2Config                      0x080024c9   Thumb Code    26  stm32f4xx_tim.o(.text)
    TIM_ForcedOC3Config                      0x080024e3   Thumb Code    18  stm32f4xx_tim.o(.text)
    TIM_ForcedOC4Config                      0x080024f5   Thumb Code    26  stm32f4xx_tim.o(.text)
    TIM_OC1PreloadConfig                     0x0800250f   Thumb Code    18  stm32f4xx_tim.o(.text)
    TIM_OC2PreloadConfig                     0x08002521   Thumb Code    26  stm32f4xx_tim.o(.text)
    TIM_OC3PreloadConfig                     0x0800253b   Thumb Code    18  stm32f4xx_tim.o(.text)
    TIM_OC4PreloadConfig                     0x0800254d   Thumb Code    26  stm32f4xx_tim.o(.text)
    TIM_OC1FastConfig                        0x08002567   Thumb Code    18  stm32f4xx_tim.o(.text)
    TIM_OC2FastConfig                        0x08002579   Thumb Code    26  stm32f4xx_tim.o(.text)
    TIM_OC3FastConfig                        0x08002593   Thumb Code    18  stm32f4xx_tim.o(.text)
    TIM_OC4FastConfig                        0x080025a5   Thumb Code    26  stm32f4xx_tim.o(.text)
    TIM_ClearOC1Ref                          0x080025bf   Thumb Code    18  stm32f4xx_tim.o(.text)
    TIM_ClearOC2Ref                          0x080025d1   Thumb Code    24  stm32f4xx_tim.o(.text)
    TIM_ClearOC3Ref                          0x080025e9   Thumb Code    18  stm32f4xx_tim.o(.text)
    TIM_ClearOC4Ref                          0x080025fb   Thumb Code    24  stm32f4xx_tim.o(.text)
    TIM_OC1PolarityConfig                    0x08002613   Thumb Code    18  stm32f4xx_tim.o(.text)
    TIM_OC1NPolarityConfig                   0x08002625   Thumb Code    18  stm32f4xx_tim.o(.text)
    TIM_OC2PolarityConfig                    0x08002637   Thumb Code    26  stm32f4xx_tim.o(.text)
    TIM_OC2NPolarityConfig                   0x08002651   Thumb Code    26  stm32f4xx_tim.o(.text)
    TIM_OC3PolarityConfig                    0x0800266b   Thumb Code    26  stm32f4xx_tim.o(.text)
    TIM_OC3NPolarityConfig                   0x08002685   Thumb Code    26  stm32f4xx_tim.o(.text)
    TIM_OC4PolarityConfig                    0x0800269f   Thumb Code    26  stm32f4xx_tim.o(.text)
    TIM_CCxCmd                               0x080026b9   Thumb Code    30  stm32f4xx_tim.o(.text)
    TIM_CCxNCmd                              0x080026d7   Thumb Code    30  stm32f4xx_tim.o(.text)
    TIM_SetIC4Prescaler                      0x080026f5   Thumb Code    26  stm32f4xx_tim.o(.text)
    TIM_SetIC3Prescaler                      0x0800275f   Thumb Code    18  stm32f4xx_tim.o(.text)
    TIM_SetIC2Prescaler                      0x080027b9   Thumb Code    26  stm32f4xx_tim.o(.text)
    TIM_SetIC1Prescaler                      0x0800282d   Thumb Code    18  stm32f4xx_tim.o(.text)
    TIM_ICInit                               0x08002879   Thumb Code   110  stm32f4xx_tim.o(.text)
    TIM_ICStructInit                         0x080028e7   Thumb Code    18  stm32f4xx_tim.o(.text)
    TIM_PWMIConfig                           0x080028f9   Thumb Code   124  stm32f4xx_tim.o(.text)
    TIM_GetCapture1                          0x08002975   Thumb Code     6  stm32f4xx_tim.o(.text)
    TIM_GetCapture2                          0x0800297b   Thumb Code     6  stm32f4xx_tim.o(.text)
    TIM_GetCapture3                          0x08002981   Thumb Code     6  stm32f4xx_tim.o(.text)
    TIM_GetCapture4                          0x08002987   Thumb Code     6  stm32f4xx_tim.o(.text)
    TIM_BDTRConfig                           0x0800298d   Thumb Code    32  stm32f4xx_tim.o(.text)
    TIM_BDTRStructInit                       0x080029ad   Thumb Code    18  stm32f4xx_tim.o(.text)
    TIM_CtrlPWMOutputs                       0x080029bf   Thumb Code    30  stm32f4xx_tim.o(.text)
    TIM_SelectCOM                            0x080029dd   Thumb Code    24  stm32f4xx_tim.o(.text)
    TIM_CCPreloadControl                     0x080029f5   Thumb Code    24  stm32f4xx_tim.o(.text)
    TIM_ITConfig                             0x08002a0d   Thumb Code    18  stm32f4xx_tim.o(.text)
    TIM_GenerateEvent                        0x08002a1f   Thumb Code     4  stm32f4xx_tim.o(.text)
    TIM_GetFlagStatus                        0x08002a23   Thumb Code    18  stm32f4xx_tim.o(.text)
    TIM_ClearFlag                            0x08002a35   Thumb Code     6  stm32f4xx_tim.o(.text)
    TIM_GetITStatus                          0x08002a3b   Thumb Code    34  stm32f4xx_tim.o(.text)
    TIM_ClearITPendingBit                    0x08002a5d   Thumb Code     6  stm32f4xx_tim.o(.text)
    TIM_DMAConfig                            0x08002a63   Thumb Code    10  stm32f4xx_tim.o(.text)
    TIM_DMACmd                               0x08002a6d   Thumb Code    18  stm32f4xx_tim.o(.text)
    TIM_SelectCCDMA                          0x08002a7f   Thumb Code    24  stm32f4xx_tim.o(.text)
    TIM_InternalClockConfig                  0x08002a97   Thumb Code    12  stm32f4xx_tim.o(.text)
    TIM_SelectInputTrigger                   0x08002aa3   Thumb Code    18  stm32f4xx_tim.o(.text)
    TIM_ITRxExternalClockConfig              0x08002ab5   Thumb Code    24  stm32f4xx_tim.o(.text)
    TIM_TIxExternalClockConfig               0x08002acd   Thumb Code    62  stm32f4xx_tim.o(.text)
    TIM_ETRConfig                            0x08002b0b   Thumb Code    28  stm32f4xx_tim.o(.text)
    TIM_ETRClockMode1Config                  0x08002b27   Thumb Code    54  stm32f4xx_tim.o(.text)
    TIM_ETRClockMode2Config                  0x08002b5d   Thumb Code    32  stm32f4xx_tim.o(.text)
    TIM_SelectOutputTrigger                  0x08002b7d   Thumb Code    18  stm32f4xx_tim.o(.text)
    TIM_SelectSlaveMode                      0x08002b8f   Thumb Code    18  stm32f4xx_tim.o(.text)
    TIM_SelectMasterSlaveMode                0x08002ba1   Thumb Code    18  stm32f4xx_tim.o(.text)
    TIM_EncoderInterfaceConfig               0x08002bb3   Thumb Code    66  stm32f4xx_tim.o(.text)
    TIM_SelectHallSensor                     0x08002bf5   Thumb Code    24  stm32f4xx_tim.o(.text)
    TIM_RemapConfig                          0x08002c0d   Thumb Code     6  stm32f4xx_tim.o(.text)
    RCC_DeInit                               0x08002c15   Thumb Code    60  stm32f4xx_rcc.o(.text)
    RCC_HSEConfig                            0x08002c51   Thumb Code    14  stm32f4xx_rcc.o(.text)
    RCC_GetFlagStatus                        0x08002c5f   Thumb Code    60  stm32f4xx_rcc.o(.text)
    RCC_WaitForHSEStartUp                    0x08002c9b   Thumb Code    56  stm32f4xx_rcc.o(.text)
    RCC_AdjustHSICalibrationValue            0x08002cd3   Thumb Code    20  stm32f4xx_rcc.o(.text)
    RCC_HSICmd                               0x08002ce7   Thumb Code     6  stm32f4xx_rcc.o(.text)
    RCC_LSEConfig                            0x08002ced   Thumb Code    46  stm32f4xx_rcc.o(.text)
    RCC_LSICmd                               0x08002d1b   Thumb Code     6  stm32f4xx_rcc.o(.text)
    RCC_PLLConfig                            0x08002d21   Thumb Code    32  stm32f4xx_rcc.o(.text)
    RCC_PLLCmd                               0x08002d41   Thumb Code     6  stm32f4xx_rcc.o(.text)
    RCC_PLLI2SConfig                         0x08002d47   Thumb Code    14  stm32f4xx_rcc.o(.text)
    RCC_PLLI2SCmd                            0x08002d55   Thumb Code     6  stm32f4xx_rcc.o(.text)
    RCC_ClockSecuritySystemCmd               0x08002d5b   Thumb Code     6  stm32f4xx_rcc.o(.text)
    RCC_MCO1Config                           0x08002d61   Thumb Code    28  stm32f4xx_rcc.o(.text)
    RCC_MCO2Config                           0x08002d7d   Thumb Code    28  stm32f4xx_rcc.o(.text)
    RCC_SYSCLKConfig                         0x08002d99   Thumb Code    20  stm32f4xx_rcc.o(.text)
    RCC_GetSYSCLKSource                      0x08002dad   Thumb Code    12  stm32f4xx_rcc.o(.text)
    RCC_HCLKConfig                           0x08002db9   Thumb Code    20  stm32f4xx_rcc.o(.text)
    RCC_PCLK1Config                          0x08002dcd   Thumb Code    20  stm32f4xx_rcc.o(.text)
    RCC_PCLK2Config                          0x08002de1   Thumb Code    22  stm32f4xx_rcc.o(.text)
    RCC_GetClocksFreq                        0x08002df7   Thumb Code   222  stm32f4xx_rcc.o(.text)
    RCC_RTCCLKConfig                         0x08002ed5   Thumb Code    54  stm32f4xx_rcc.o(.text)
    RCC_RTCCLKCmd                            0x08002f0b   Thumb Code     8  stm32f4xx_rcc.o(.text)
    RCC_BackupResetCmd                       0x08002f13   Thumb Code     8  stm32f4xx_rcc.o(.text)
    RCC_I2SCLKConfig                         0x08002f1b   Thumb Code     6  stm32f4xx_rcc.o(.text)
    RCC_AHB1PeriphClockCmd                   0x08002f21   Thumb Code    34  stm32f4xx_rcc.o(.text)
    RCC_AHB2PeriphClockCmd                   0x08002f43   Thumb Code    34  stm32f4xx_rcc.o(.text)
    RCC_AHB3PeriphClockCmd                   0x08002f65   Thumb Code    34  stm32f4xx_rcc.o(.text)
    RCC_APB1PeriphClockCmd                   0x08002f87   Thumb Code    34  stm32f4xx_rcc.o(.text)
    RCC_APB2PeriphClockCmd                   0x08002fa9   Thumb Code    34  stm32f4xx_rcc.o(.text)
    RCC_AHB1PeriphResetCmd                   0x08002fcb   Thumb Code    34  stm32f4xx_rcc.o(.text)
    RCC_AHB2PeriphResetCmd                   0x08002fed   Thumb Code    72  stm32f4xx_rcc.o(.text)
    RCC_AHB3PeriphResetCmd                   0x08003035   Thumb Code    34  stm32f4xx_rcc.o(.text)
    RCC_APB1PeriphResetCmd                   0x08003057   Thumb Code    34  stm32f4xx_rcc.o(.text)
    RCC_APB2PeriphResetCmd                   0x08003079   Thumb Code    34  stm32f4xx_rcc.o(.text)
    RCC_AHB1PeriphClockLPModeCmd             0x0800309b   Thumb Code    34  stm32f4xx_rcc.o(.text)
    RCC_AHB2PeriphClockLPModeCmd             0x080030bd   Thumb Code    34  stm32f4xx_rcc.o(.text)
    RCC_AHB3PeriphClockLPModeCmd             0x080030df   Thumb Code    34  stm32f4xx_rcc.o(.text)
    RCC_APB1PeriphClockLPModeCmd             0x08003101   Thumb Code    34  stm32f4xx_rcc.o(.text)
    RCC_APB2PeriphClockLPModeCmd             0x08003123   Thumb Code    34  stm32f4xx_rcc.o(.text)
    RCC_ITConfig                             0x08003145   Thumb Code    34  stm32f4xx_rcc.o(.text)
    RCC_ClearFlag                            0x08003167   Thumb Code    18  stm32f4xx_rcc.o(.text)
    RCC_GetITStatus                          0x08003179   Thumb Code    22  stm32f4xx_rcc.o(.text)
    RCC_ClearITPendingBit                    0x0800318f   Thumb Code     8  stm32f4xx_rcc.o(.text)
    CAN_DeInit                               0x0800319d   Thumb Code    50  stm32f4xx_can.o(.text)
    CAN_Init                                 0x080031cf   Thumb Code   276  stm32f4xx_can.o(.text)
    CAN_FilterInit                           0x080032e3   Thumb Code   258  stm32f4xx_can.o(.text)
    CAN_StructInit                           0x080033e5   Thumb Code    32  stm32f4xx_can.o(.text)
    CAN_SlaveStartBank                       0x08003405   Thumb Code    48  stm32f4xx_can.o(.text)
    CAN_DBGFreeze                            0x08003435   Thumb Code    22  stm32f4xx_can.o(.text)
    CAN_TTComModeCmd                         0x0800344b   Thumb Code   118  stm32f4xx_can.o(.text)
    CAN_Transmit                             0x080034c1   Thumb Code   304  stm32f4xx_can.o(.text)
    CAN_TransmitStatus                       0x080035f1   Thumb Code   138  stm32f4xx_can.o(.text)
    CAN_CancelTransmit                       0x0800367b   Thumb Code    48  stm32f4xx_can.o(.text)
    CAN_Receive                              0x080036ab   Thumb Code   240  stm32f4xx_can.o(.text)
    CAN_FIFORelease                          0x0800379b   Thumb Code    22  stm32f4xx_can.o(.text)
    CAN_MessagePending                       0x080037b1   Thumb Code    30  stm32f4xx_can.o(.text)
    CAN_OperatingModeRequest                 0x080037cf   Thumb Code   162  stm32f4xx_can.o(.text)
    CAN_Sleep                                0x08003871   Thumb Code    30  stm32f4xx_can.o(.text)
    CAN_WakeUp                               0x0800388f   Thumb Code    48  stm32f4xx_can.o(.text)
    CAN_GetLastErrorCode                     0x080038bf   Thumb Code    12  stm32f4xx_can.o(.text)
    CAN_GetReceiveErrorCounter               0x080038cb   Thumb Code    10  stm32f4xx_can.o(.text)
    CAN_GetLSBTransmitErrorCounter           0x080038d5   Thumb Code    12  stm32f4xx_can.o(.text)
    CAN_ITConfig                             0x080038e1   Thumb Code    18  stm32f4xx_can.o(.text)
    CAN_GetFlagStatus                        0x080038f3   Thumb Code   120  stm32f4xx_can.o(.text)
    CAN_ClearFlag                            0x0800396b   Thumb Code    52  stm32f4xx_can.o(.text)
    CAN_GetITStatus                          0x080039b1   Thumb Code   310  stm32f4xx_can.o(.text)
    CAN_ClearITPendingBit                    0x08003ae7   Thumb Code   162  stm32f4xx_can.o(.text)
    EXTI_DeInit                              0x08003b8d   Thumb Code    28  stm32f4xx_exti.o(.text)
    EXTI_Init                                0x08003ba9   Thumb Code   142  stm32f4xx_exti.o(.text)
    EXTI_StructInit                          0x08003c37   Thumb Code    16  stm32f4xx_exti.o(.text)
    EXTI_GenerateSWInterrupt                 0x08003c47   Thumb Code    16  stm32f4xx_exti.o(.text)
    EXTI_GetFlagStatus                       0x08003c57   Thumb Code    22  stm32f4xx_exti.o(.text)
    EXTI_ClearFlag                           0x08003c6d   Thumb Code     8  stm32f4xx_exti.o(.text)
    EXTI_GetITStatus                         0x08003c75   Thumb Code    34  stm32f4xx_exti.o(.text)
    EXTI_ClearITPendingBit                   0x08003c97   Thumb Code     8  stm32f4xx_exti.o(.text)
    GPIO_DeInit                              0x08003ca9   Thumb Code   220  stm32f4xx_gpio.o(.text)
    GPIO_Init                                0x08003d85   Thumb Code   144  stm32f4xx_gpio.o(.text)
    GPIO_StructInit                          0x08003e15   Thumb Code    18  stm32f4xx_gpio.o(.text)
    GPIO_PinLockConfig                       0x08003e27   Thumb Code    34  stm32f4xx_gpio.o(.text)
    GPIO_ReadInputDataBit                    0x08003e49   Thumb Code    18  stm32f4xx_gpio.o(.text)
    GPIO_ReadInputData                       0x08003e5b   Thumb Code     8  stm32f4xx_gpio.o(.text)
    GPIO_ReadOutputDataBit                   0x08003e63   Thumb Code    18  stm32f4xx_gpio.o(.text)
    GPIO_ReadOutputData                      0x08003e75   Thumb Code     8  stm32f4xx_gpio.o(.text)
    GPIO_SetBits                             0x08003e7d   Thumb Code     4  stm32f4xx_gpio.o(.text)
    GPIO_ResetBits                           0x08003e81   Thumb Code     4  stm32f4xx_gpio.o(.text)
    GPIO_WriteBit                            0x08003e85   Thumb Code    10  stm32f4xx_gpio.o(.text)
    GPIO_Write                               0x08003e8f   Thumb Code     4  stm32f4xx_gpio.o(.text)
    GPIO_ToggleBits                          0x08003e93   Thumb Code     8  stm32f4xx_gpio.o(.text)
    GPIO_PinAFConfig                         0x08003e9b   Thumb Code    70  stm32f4xx_gpio.o(.text)
    DMA_DeInit                               0x08003f05   Thumb Code   324  stm32f4xx_dma.o(.text)
    DMA_Init                                 0x08004049   Thumb Code    82  stm32f4xx_dma.o(.text)
    DMA_StructInit                           0x0800409b   Thumb Code    34  stm32f4xx_dma.o(.text)
    DMA_Cmd                                  0x080040bd   Thumb Code    22  stm32f4xx_dma.o(.text)
    DMA_PeriphIncOffsetSizeConfig            0x080040d3   Thumb Code    22  stm32f4xx_dma.o(.text)
    DMA_FlowControllerConfig                 0x080040e9   Thumb Code    22  stm32f4xx_dma.o(.text)
    DMA_SetCurrDataCounter                   0x080040ff   Thumb Code     4  stm32f4xx_dma.o(.text)
    DMA_GetCurrDataCounter                   0x08004103   Thumb Code     8  stm32f4xx_dma.o(.text)
    DMA_DoubleBufferModeConfig               0x0800410b   Thumb Code    24  stm32f4xx_dma.o(.text)
    DMA_DoubleBufferModeCmd                  0x08004123   Thumb Code    22  stm32f4xx_dma.o(.text)
    DMA_MemoryTargetConfig                   0x08004139   Thumb Code    10  stm32f4xx_dma.o(.text)
    DMA_GetCurrentMemoryTarget               0x08004143   Thumb Code    20  stm32f4xx_dma.o(.text)
    DMA_GetCmdStatus                         0x08004157   Thumb Code    20  stm32f4xx_dma.o(.text)
    DMA_GetFIFOStatus                        0x0800416b   Thumb Code    12  stm32f4xx_dma.o(.text)
    DMA_GetFlagStatus                        0x08004177   Thumb Code    56  stm32f4xx_dma.o(.text)
    DMA_ClearFlag                            0x080041af   Thumb Code    40  stm32f4xx_dma.o(.text)
    DMA_ITConfig                             0x080041d7   Thumb Code    58  stm32f4xx_dma.o(.text)
    DMA_GetITStatus                          0x08004211   Thumb Code    84  stm32f4xx_dma.o(.text)
    DMA_ClearITPendingBit                    0x08004265   Thumb Code    40  stm32f4xx_dma.o(.text)
    USART_DeInit                             0x080042ad   Thumb Code   156  stm32f4xx_usart.o(.text)
    USART_Init                               0x08004349   Thumb Code   204  stm32f4xx_usart.o(.text)
    USART_StructInit                         0x08004415   Thumb Code    24  stm32f4xx_usart.o(.text)
    USART_ClockInit                          0x0800442d   Thumb Code    32  stm32f4xx_usart.o(.text)
    USART_ClockStructInit                    0x0800444d   Thumb Code    12  stm32f4xx_usart.o(.text)
    USART_Cmd                                0x08004459   Thumb Code    24  stm32f4xx_usart.o(.text)
    USART_SetPrescaler                       0x08004471   Thumb Code    16  stm32f4xx_usart.o(.text)
    USART_OverSampling8Cmd                   0x08004481   Thumb Code    22  stm32f4xx_usart.o(.text)
    USART_OneBitMethodCmd                    0x08004497   Thumb Code    24  stm32f4xx_usart.o(.text)
    USART_SendData                           0x080044af   Thumb Code     8  stm32f4xx_usart.o(.text)
    USART_ReceiveData                        0x080044b7   Thumb Code    10  stm32f4xx_usart.o(.text)
    USART_SetAddress                         0x080044c1   Thumb Code    18  stm32f4xx_usart.o(.text)
    USART_ReceiverWakeUpCmd                  0x080044d3   Thumb Code    24  stm32f4xx_usart.o(.text)
    USART_WakeUpConfig                       0x080044eb   Thumb Code    18  stm32f4xx_usart.o(.text)
    USART_LINBreakDetectLengthConfig         0x080044fd   Thumb Code    18  stm32f4xx_usart.o(.text)
    USART_LINCmd                             0x0800450f   Thumb Code    24  stm32f4xx_usart.o(.text)
    USART_SendBreak                          0x08004527   Thumb Code    10  stm32f4xx_usart.o(.text)
    USART_HalfDuplexCmd                      0x08004531   Thumb Code    24  stm32f4xx_usart.o(.text)
    USART_SetGuardTime                       0x08004549   Thumb Code    16  stm32f4xx_usart.o(.text)
    USART_SmartCardCmd                       0x08004559   Thumb Code    24  stm32f4xx_usart.o(.text)
    USART_SmartCardNACKCmd                   0x08004571   Thumb Code    24  stm32f4xx_usart.o(.text)
    USART_IrDAConfig                         0x08004589   Thumb Code    18  stm32f4xx_usart.o(.text)
    USART_IrDACmd                            0x0800459b   Thumb Code    24  stm32f4xx_usart.o(.text)
    USART_DMACmd                             0x080045b3   Thumb Code    18  stm32f4xx_usart.o(.text)
    USART_ITConfig                           0x080045c5   Thumb Code    74  stm32f4xx_usart.o(.text)
    USART_GetFlagStatus                      0x0800460f   Thumb Code    26  stm32f4xx_usart.o(.text)
    USART_ClearFlag                          0x08004629   Thumb Code    18  stm32f4xx_usart.o(.text)
    USART_GetITStatus                        0x0800463b   Thumb Code   110  stm32f4xx_usart.o(.text)
    USART_ClearITPendingBit                  0x080046a9   Thumb Code    30  stm32f4xx_usart.o(.text)
    SYSCFG_DeInit                            0x080046c9   Thumb Code    22  stm32f4xx_syscfg.o(.text)
    SYSCFG_MemoryRemapConfig                 0x080046df   Thumb Code     6  stm32f4xx_syscfg.o(.text)
    SYSCFG_EXTILineConfig                    0x080046e5   Thumb Code    66  stm32f4xx_syscfg.o(.text)
    SYSCFG_ETH_MediaInterfaceConfig          0x08004727   Thumb Code     6  stm32f4xx_syscfg.o(.text)
    SYSCFG_CompensationCellCmd               0x0800472d   Thumb Code     6  stm32f4xx_syscfg.o(.text)
    SYSCFG_GetCompensationCellStatus         0x08004733   Thumb Code    22  stm32f4xx_syscfg.o(.text)
    SystemInit                               0x08004831   Thumb Code    88  system_stm32f4xx.o(.text)
    SystemCoreClockUpdate                    0x08004889   Thumb Code   174  system_stm32f4xx.o(.text)
    Reset_Handler                            0x08004965   Thumb Code     8  startup_stm32f4xx.o(.text)
    SysTick_Handler                          0x0800497d   Thumb Code     2  startup_stm32f4xx.o(.text)
    ADC_IRQHandler                           0x0800497f   Thumb Code     0  startup_stm32f4xx.o(.text)
    CAN1_RX1_IRQHandler                      0x0800497f   Thumb Code     0  startup_stm32f4xx.o(.text)
    CAN1_SCE_IRQHandler                      0x0800497f   Thumb Code     0  startup_stm32f4xx.o(.text)
    CAN2_RX1_IRQHandler                      0x0800497f   Thumb Code     0  startup_stm32f4xx.o(.text)
    CAN2_SCE_IRQHandler                      0x0800497f   Thumb Code     0  startup_stm32f4xx.o(.text)
    CRYP_IRQHandler                          0x0800497f   Thumb Code     0  startup_stm32f4xx.o(.text)
    DCMI_IRQHandler                          0x0800497f   Thumb Code     0  startup_stm32f4xx.o(.text)
    DMA1_Stream0_IRQHandler                  0x0800497f   Thumb Code     0  startup_stm32f4xx.o(.text)
    DMA1_Stream1_IRQHandler                  0x0800497f   Thumb Code     0  startup_stm32f4xx.o(.text)
    DMA1_Stream2_IRQHandler                  0x0800497f   Thumb Code     0  startup_stm32f4xx.o(.text)
    DMA1_Stream3_IRQHandler                  0x0800497f   Thumb Code     0  startup_stm32f4xx.o(.text)
    DMA1_Stream4_IRQHandler                  0x0800497f   Thumb Code     0  startup_stm32f4xx.o(.text)
    DMA1_Stream6_IRQHandler                  0x0800497f   Thumb Code     0  startup_stm32f4xx.o(.text)
    DMA1_Stream7_IRQHandler                  0x0800497f   Thumb Code     0  startup_stm32f4xx.o(.text)
    DMA2_Stream0_IRQHandler                  0x0800497f   Thumb Code     0  startup_stm32f4xx.o(.text)
    DMA2_Stream1_IRQHandler                  0x0800497f   Thumb Code     0  startup_stm32f4xx.o(.text)
    DMA2_Stream2_IRQHandler                  0x0800497f   Thumb Code     0  startup_stm32f4xx.o(.text)
    DMA2_Stream3_IRQHandler                  0x0800497f   Thumb Code     0  startup_stm32f4xx.o(.text)
    DMA2_Stream4_IRQHandler                  0x0800497f   Thumb Code     0  startup_stm32f4xx.o(.text)
    DMA2_Stream6_IRQHandler                  0x0800497f   Thumb Code     0  startup_stm32f4xx.o(.text)
    DMA2_Stream7_IRQHandler                  0x0800497f   Thumb Code     0  startup_stm32f4xx.o(.text)
    ETH_IRQHandler                           0x0800497f   Thumb Code     0  startup_stm32f4xx.o(.text)
    ETH_WKUP_IRQHandler                      0x0800497f   Thumb Code     0  startup_stm32f4xx.o(.text)
    EXTI0_IRQHandler                         0x0800497f   Thumb Code     0  startup_stm32f4xx.o(.text)
    EXTI15_10_IRQHandler                     0x0800497f   Thumb Code     0  startup_stm32f4xx.o(.text)
    EXTI1_IRQHandler                         0x0800497f   Thumb Code     0  startup_stm32f4xx.o(.text)
    EXTI2_IRQHandler                         0x0800497f   Thumb Code     0  startup_stm32f4xx.o(.text)
    EXTI9_5_IRQHandler                       0x0800497f   Thumb Code     0  startup_stm32f4xx.o(.text)
    FLASH_IRQHandler                         0x0800497f   Thumb Code     0  startup_stm32f4xx.o(.text)
    FPU_IRQHandler                           0x0800497f   Thumb Code     0  startup_stm32f4xx.o(.text)
    FSMC_IRQHandler                          0x0800497f   Thumb Code     0  startup_stm32f4xx.o(.text)
    HASH_RNG_IRQHandler                      0x0800497f   Thumb Code     0  startup_stm32f4xx.o(.text)
    I2C1_ER_IRQHandler                       0x0800497f   Thumb Code     0  startup_stm32f4xx.o(.text)
    I2C1_EV_IRQHandler                       0x0800497f   Thumb Code     0  startup_stm32f4xx.o(.text)
    I2C2_ER_IRQHandler                       0x0800497f   Thumb Code     0  startup_stm32f4xx.o(.text)
    I2C2_EV_IRQHandler                       0x0800497f   Thumb Code     0  startup_stm32f4xx.o(.text)
    I2C3_ER_IRQHandler                       0x0800497f   Thumb Code     0  startup_stm32f4xx.o(.text)
    I2C3_EV_IRQHandler                       0x0800497f   Thumb Code     0  startup_stm32f4xx.o(.text)
    OTG_FS_IRQHandler                        0x0800497f   Thumb Code     0  startup_stm32f4xx.o(.text)
    OTG_FS_WKUP_IRQHandler                   0x0800497f   Thumb Code     0  startup_stm32f4xx.o(.text)
    OTG_HS_EP1_IN_IRQHandler                 0x0800497f   Thumb Code     0  startup_stm32f4xx.o(.text)
    OTG_HS_EP1_OUT_IRQHandler                0x0800497f   Thumb Code     0  startup_stm32f4xx.o(.text)
    OTG_HS_IRQHandler                        0x0800497f   Thumb Code     0  startup_stm32f4xx.o(.text)
    OTG_HS_WKUP_IRQHandler                   0x0800497f   Thumb Code     0  startup_stm32f4xx.o(.text)
    PVD_IRQHandler                           0x0800497f   Thumb Code     0  startup_stm32f4xx.o(.text)
    RCC_IRQHandler                           0x0800497f   Thumb Code     0  startup_stm32f4xx.o(.text)
    RTC_Alarm_IRQHandler                     0x0800497f   Thumb Code     0  startup_stm32f4xx.o(.text)
    RTC_WKUP_IRQHandler                      0x0800497f   Thumb Code     0  startup_stm32f4xx.o(.text)
    SDIO_IRQHandler                          0x0800497f   Thumb Code     0  startup_stm32f4xx.o(.text)
    SPI1_IRQHandler                          0x0800497f   Thumb Code     0  startup_stm32f4xx.o(.text)
    SPI2_IRQHandler                          0x0800497f   Thumb Code     0  startup_stm32f4xx.o(.text)
    SPI3_IRQHandler                          0x0800497f   Thumb Code     0  startup_stm32f4xx.o(.text)
    TAMP_STAMP_IRQHandler                    0x0800497f   Thumb Code     0  startup_stm32f4xx.o(.text)
    TIM1_BRK_TIM9_IRQHandler                 0x0800497f   Thumb Code     0  startup_stm32f4xx.o(.text)
    TIM1_CC_IRQHandler                       0x0800497f   Thumb Code     0  startup_stm32f4xx.o(.text)
    TIM1_TRG_COM_TIM11_IRQHandler            0x0800497f   Thumb Code     0  startup_stm32f4xx.o(.text)
    TIM1_UP_TIM10_IRQHandler                 0x0800497f   Thumb Code     0  startup_stm32f4xx.o(.text)
    TIM2_IRQHandler                          0x0800497f   Thumb Code     0  startup_stm32f4xx.o(.text)
    TIM3_IRQHandler                          0x0800497f   Thumb Code     0  startup_stm32f4xx.o(.text)
    TIM4_IRQHandler                          0x0800497f   Thumb Code     0  startup_stm32f4xx.o(.text)
    TIM5_IRQHandler                          0x0800497f   Thumb Code     0  startup_stm32f4xx.o(.text)
    TIM7_IRQHandler                          0x0800497f   Thumb Code     0  startup_stm32f4xx.o(.text)
    TIM8_BRK_TIM12_IRQHandler                0x0800497f   Thumb Code     0  startup_stm32f4xx.o(.text)
    TIM8_CC_IRQHandler                       0x0800497f   Thumb Code     0  startup_stm32f4xx.o(.text)
    TIM8_TRG_COM_TIM14_IRQHandler            0x0800497f   Thumb Code     0  startup_stm32f4xx.o(.text)
    TIM8_UP_TIM13_IRQHandler                 0x0800497f   Thumb Code     0  startup_stm32f4xx.o(.text)
    UART4_IRQHandler                         0x0800497f   Thumb Code     0  startup_stm32f4xx.o(.text)
    UART5_IRQHandler                         0x0800497f   Thumb Code     0  startup_stm32f4xx.o(.text)
    USART1_IRQHandler                        0x0800497f   Thumb Code     0  startup_stm32f4xx.o(.text)
    USART2_IRQHandler                        0x0800497f   Thumb Code     0  startup_stm32f4xx.o(.text)
    USART6_IRQHandler                        0x0800497f   Thumb Code     0  startup_stm32f4xx.o(.text)
    WWDG_IRQHandler                          0x0800497f   Thumb Code     0  startup_stm32f4xx.o(.text)
    MPU6050_Initialization                   0x08004989   Thumb Code   224  mpu6050_driver.o(.text)
    HMC5883L_Initialization                  0x08004a69   Thumb Code    98  mpu6050_driver.o(.text)
    HMC5883L_ReadData                        0x08004acb   Thumb Code   228  mpu6050_driver.o(.text)
    MPU6050_ReadData                         0x08004baf   Thumb Code  1284  mpu6050_driver.o(.text)
    MPU6050_Gyro_calibration                 0x080050b3   Thumb Code   336  mpu6050_driver.o(.text)
    IIC_Delay                                0x0800523d   Thumb Code    26  mpu6050_i2c.o(.text)
    HEAT_Configuration                       0x08005257   Thumb Code    50  mpu6050_i2c.o(.text)
    IIC_GPIO_Init                            0x08005289   Thumb Code    42  mpu6050_i2c.o(.text)
    IIC_SDA_Out                              0x080052b3   Thumb Code    34  mpu6050_i2c.o(.text)
    IIC_SDA_In                               0x080052d5   Thumb Code    38  mpu6050_i2c.o(.text)
    IIC_Start                                0x080052fb   Thumb Code    60  mpu6050_i2c.o(.text)
    IIC_Stop                                 0x08005337   Thumb Code    60  mpu6050_i2c.o(.text)
    IIC_Ack                                  0x08005373   Thumb Code    66  mpu6050_i2c.o(.text)
    IIC_WaitAck                              0x080053b5   Thumb Code    94  mpu6050_i2c.o(.text)
    IIC_WriteBit                             0x08005413   Thumb Code    96  mpu6050_i2c.o(.text)
    IIC_ReadBit                              0x08005473   Thumb Code    86  mpu6050_i2c.o(.text)
    IIC_WriteData                            0x080054c9   Thumb Code    92  mpu6050_i2c.o(.text)
    IIC_ReadData                             0x08005525   Thumb Code   146  mpu6050_i2c.o(.text)
    MPU6050_Interrupt_Configuration          0x08005611   Thumb Code   164  mpu6050_interrupt.o(.text)
    EXTI4_IRQHandler                         0x080056b5   Thumb Code    90  mpu6050_interrupt.o(.text)
    EXTI3_IRQHandler                         0x0800570f   Thumb Code    30  mpu6050_interrupt.o(.text)
    MPU6050_Data_Filter                      0x08005739   Thumb Code   584  mpu6050_process.o(.text)
    MPU6050_Angle_Calculate                  0x08005981   Thumb Code  1930  mpu6050_process.o(.text)
    __aeabi_memcpy                           0x08006131   Thumb Code    36  memcpya.o(.text)
    __aeabi_memcpy4                          0x08006131   Thumb Code     0  memcpya.o(.text)
    __aeabi_memcpy8                          0x08006131   Thumb Code     0  memcpya.o(.text)
    __aeabi_dadd                             0x08006155   Thumb Code   322  dadd.o(.text)
    __aeabi_dsub                             0x08006297   Thumb Code     6  dadd.o(.text)
    __aeabi_drsub                            0x0800629d   Thumb Code     6  dadd.o(.text)
    __aeabi_dmul                             0x080062a3   Thumb Code   228  dmul.o(.text)
    __aeabi_ddiv                             0x08006387   Thumb Code   222  ddiv.o(.text)
    __aeabi_i2d                              0x08006465   Thumb Code    34  dflti.o(.text)
    __aeabi_f2d                              0x08006487   Thumb Code    38  f2d.o(.text)
    __aeabi_d2f                              0x080064ad   Thumb Code    56  d2f.o(.text)
    __aeabi_uidiv                            0x080064e5   Thumb Code     0  uidiv.o(.text)
    __aeabi_uidivmod                         0x080064e5   Thumb Code    44  uidiv.o(.text)
    __aeabi_uldivmod                         0x08006511   Thumb Code    98  uldiv.o(.text)
    __aeabi_llsl                             0x08006573   Thumb Code    30  llshl.o(.text)
    _ll_shift_l                              0x08006573   Thumb Code     0  llshl.o(.text)
    __aeabi_lasr                             0x08006591   Thumb Code    36  llsshr.o(.text)
    _ll_sshift_r                             0x08006591   Thumb Code     0  llsshr.o(.text)
    __I$use$fp                               0x080065b5   Thumb Code     0  iusefp.o(.text)
    _float_round                             0x080065b5   Thumb Code    18  fepilogue.o(.text)
    _float_epilogue                          0x080065c7   Thumb Code    90  fepilogue.o(.text)
    _double_round                            0x08006621   Thumb Code    26  depilogue.o(.text)
    _double_epilogue                         0x0800663b   Thumb Code   164  depilogue.o(.text)
    _dsqrt                                   0x080066df   Thumb Code   162  dsqrt.o(.text)
    __aeabi_d2ulz                            0x08006781   Thumb Code    48  dfixul.o(.text)
    __aeabi_cdrcmple                         0x080067b1   Thumb Code    38  cdrcmple.o(.text)
    __scatterload                            0x080067d9   Thumb Code    28  init.o(.text)
    __scatterload_rt2                        0x080067d9   Thumb Code     0  init.o(.text)
    __aeabi_llsr                             0x080067fd   Thumb Code    32  llushr.o(.text)
    _ll_ushift_r                             0x080067fd   Thumb Code     0  llushr.o(.text)
    __0printf                                0x0800681d   Thumb Code    22  printfa.o(i.__0printf)
    __1printf                                0x0800681d   Thumb Code     0  printfa.o(i.__0printf)
    __2printf                                0x0800681d   Thumb Code     0  printfa.o(i.__0printf)
    __c89printf                              0x0800681d   Thumb Code     0  printfa.o(i.__0printf)
    printf                                   0x0800681d   Thumb Code     0  printfa.o(i.__0printf)
    __0sprintf                               0x0800683d   Thumb Code    34  printfa.o(i.__0sprintf)
    __1sprintf                               0x0800683d   Thumb Code     0  printfa.o(i.__0sprintf)
    __2sprintf                               0x0800683d   Thumb Code     0  printfa.o(i.__0sprintf)
    __c89sprintf                             0x0800683d   Thumb Code     0  printfa.o(i.__0sprintf)
    sprintf                                  0x0800683d   Thumb Code     0  printfa.o(i.__0sprintf)
    __ARM_fpclassify                         0x08006865   Thumb Code    48  fpclassify.o(i.__ARM_fpclassify)
    __hardfp_asin                            0x08006899   Thumb Code   774  asin.o(i.__hardfp_asin)
    __hardfp_atan                            0x08006c09   Thumb Code   636  atan.o(i.__hardfp_atan)
    __hardfp_atan2                           0x08006ef1   Thumb Code   416  atan2.o(i.__hardfp_atan2)
    __hardfp_sqrt                            0x080070d1   Thumb Code   122  sqrt.o(i.__hardfp_sqrt)
    __kernel_poly                            0x0800714b   Thumb Code   248  poly.o(i.__kernel_poly)
    __mathlib_dbl_underflow                  0x08007249   Thumb Code    24  dunder.o(i.__mathlib_dbl_underflow)
    __scatterload_copy                       0x08007269   Thumb Code    14  handlers.o(i.__scatterload_copy)
    __scatterload_null                       0x08007277   Thumb Code     2  handlers.o(i.__scatterload_null)
    __scatterload_zeroinit                   0x08007279   Thumb Code    14  handlers.o(i.__scatterload_zeroinit)
    __set_errno                              0x08007289   Thumb Code     6  errno.o(i.__set_errno)
    atan                                     0x08007b41   Thumb Code    16  atan.o(i.atan)
    fabs                                     0x08007b51   Thumb Code    32  fabs.o(i.fabs)
    sqrt                                     0x08007b71   Thumb Code   110  sqrt.o(i.sqrt)
    __mathlib_zero                           0x08007cc8   Data           8  qnan.o(.constdata)
    Region$$Table$$Base                      0x08007cd0   Number         0  anon$$obj.o(Region$$Table)
    Region$$Table$$Limit                     0x08007cf0   Number         0  anon$$obj.o(Region$$Table)
    this_encoder_201                         0x20000000   Data           2  can1.o(.data)
    encoder_201                              0x20000002   Data           2  can1.o(.data)
    phaseZ_201                               0x20000004   Data           2  can1.o(.data)
    encoder_bias_201                         0x20000006   Data           2  can1.o(.data)
    OverCurr_flag                            0x2000001c   Data           1  can1.o(.data)
    can_tx_success_flag                      0x2000001d   Data           1  can1.o(.data)
    can2_tx_success_flag                     0x2000001e   Data           1  can2.o(.data)
    Real_Current_Value                       0x20000020   Data           8  can2.o(.data)
    Real_Velocity_Value                      0x20000028   Data           8  can2.o(.data)
    Real_Online                              0x20000030   Data           4  can2.o(.data)
    Real_Ctl1_Value                          0x20000034   Data           4  can2.o(.data)
    Real_Ctl2_Value                          0x20000038   Data           4  can2.o(.data)
    Rx_data                                  0x2000003c   Data           1  usart3.o(.data)
    moveSpeed                                0x20000040   Data           4  chassis_control.o(.data)
    last_s2                                  0x20000044   Data           1  chassis_control.o(.data)
    rub_flag                                 0x20000048   Data           4  chassis_control.o(.data)
    shoot_flag                               0x2000004c   Data           4  chassis_control.o(.data)
    SystemCoreClock                          0x20000060   Data           4  system_stm32f4xx.o(.data)
    AHBPrescTable                            0x20000064   Data          16  system_stm32f4xx.o(.data)
    gyroADC_X_offset                         0x20000074   Data           4  mpu6050_driver.o(.data)
    gyroADC_Y_offset                         0x20000078   Data           4  mpu6050_driver.o(.data)
    gyroADC_Z_offset                         0x2000007c   Data           4  mpu6050_driver.o(.data)
    __stdout                                 0x200000b0   Data           4  stdout.o(.data)
    buffer1                                  0x200000b8   Data          32  main.o(.bss)
    Real_Position_Value                      0x20000268   Data          16  can2.o(.bss)
    sbus_rx_buffer                           0x20000278   Data          18  usart2.o(.bss)
    dbus_buf                                 0x2000028a   Data          18  usart1.o(.bss)
    dbus                                     0x2000029c   Data          22  usart1.o(.bss)
    MPU6050_Raw_Data                         0x200002b4   Data          14  mpu6050_driver.o(.bss)
    MPU6050_Real_Data                        0x200002c4   Data          28  mpu6050_driver.o(.bss)
    HMC5883L_Raw_Data                        0x200002e0   Data          12  mpu6050_driver.o(.bss)
    Accel_Raw_Average_Data                   0x20000328   Data          12  mpu6050_process.o(.bss)
    Gyro_Radian_Data                         0x20000334   Data          12  mpu6050_process.o(.bss)
    MPU6050_Angle                            0x20000340   Data          12  mpu6050_process.o(.bss)
    __initial_sp                             0x20000750   Data           0  startup_stm32f4xx.o(STACK)



==============================================================================

Memory Map of the image

  Image Entry point : 0x08000189

  Load Region LR_IROM1 (Base: 0x08000000, Size: 0x00007da8, Max: 0x00100000, ABSOLUTE)

    Execution Region ER_IROM1 (Base: 0x08000000, Size: 0x00007cf0, Max: 0x00100000, ABSOLUTE)

    Base Addr    Size         Type   Attr      Idx    E Section Name        Object

    0x08000000   0x00000188   Data   RO          784    RESET               startup_stm32f4xx.o
    0x08000188   0x00000000   Code   RO          941  * .ARM.Collect$$$$00000000  mc_w.l(entry.o)
    0x08000188   0x00000004   Code   RO         1250    .ARM.Collect$$$$00000001  mc_w.l(entry2.o)
    0x0800018c   0x00000004   Code   RO         1253    .ARM.Collect$$$$00000004  mc_w.l(entry5.o)
    0x08000190   0x00000000   Code   RO         1255    .ARM.Collect$$$$00000008  mc_w.l(entry7b.o)
    0x08000190   0x00000000   Code   RO         1257    .ARM.Collect$$$$0000000A  mc_w.l(entry8b.o)
    0x08000190   0x00000008   Code   RO         1258    .ARM.Collect$$$$0000000B  mc_w.l(entry9a.o)
    0x08000198   0x00000000   Code   RO         1260    .ARM.Collect$$$$0000000D  mc_w.l(entry10a.o)
    0x08000198   0x00000000   Code   RO         1262    .ARM.Collect$$$$0000000F  mc_w.l(entry11a.o)
    0x08000198   0x00000004   Code   RO         1251    .ARM.Collect$$$$00002712  mc_w.l(entry2.o)
    0x0800019c   0x00000144   Code   RO            3    .text               main.o
    0x080002e0   0x00000018   Code   RO          165    .text               stm32f4xx_it.o
    0x080002f8   0x00000040   Code   RO          267    .text               led.o
    0x08000338   0x00000036   Code   RO          307    .text               delay.o
    0x0800036e   0x00000002   PAD
    0x08000370   0x000000e4   Code   RO          327    .text               pwm.o
    0x08000454   0x0000008c   Code   RO          347    .text               timer.o
    0x080004e0   0x00000334   Code   RO          368    .text               can1.o
    0x08000814   0x00000e90   Code   RO          392    .text               can2.o
    0x080016a4   0x00000140   Code   RO          419    .text               usart2.o
    0x080017e4   0x00000148   Code   RO          442    .text               usart3.o
    0x0800192c   0x00000122   Code   RO          490    .text               dbus.o
    0x08001a4e   0x00000002   PAD
    0x08001a50   0x0000014c   Code   RO          510    .text               usart1.o
    0x08001b9c   0x000002f4   Code   RO          533    .text               chassis_control.o
    0x08001e90   0x000000e0   Code   RO          556    .text               misc.o
    0x08001f70   0x00000ca2   Code   RO          576    .text               stm32f4xx_tim.o
    0x08002c12   0x00000002   PAD
    0x08002c14   0x00000588   Code   RO          616    .text               stm32f4xx_rcc.o
    0x0800319c   0x000009f0   Code   RO          638    .text               stm32f4xx_can.o
    0x08003b8c   0x0000011c   Code   RO          658    .text               stm32f4xx_exti.o
    0x08003ca8   0x0000025c   Code   RO          678    .text               stm32f4xx_gpio.o
    0x08003f04   0x000003a8   Code   RO          698    .text               stm32f4xx_dma.o
    0x080042ac   0x0000041a   Code   RO          718    .text               stm32f4xx_usart.o
    0x080046c6   0x00000002   PAD
    0x080046c8   0x0000008c   Code   RO          738    .text               stm32f4xx_syscfg.o
    0x08004754   0x00000210   Code   RO          758    .text               system_stm32f4xx.o
    0x08004964   0x00000024   Code   RO          785    .text               startup_stm32f4xx.o
    0x08004988   0x000008b4   Code   RO          811    .text               mpu6050_driver.o
    0x0800523c   0x000003d4   Code   RO          838    .text               mpu6050_i2c.o
    0x08005610   0x00000128   Code   RO          858    .text               mpu6050_interrupt.o
    0x08005738   0x000009f8   Code   RO          878    .text               mpu6050_process.o
    0x08006130   0x00000024   Code   RO          944    .text               mc_w.l(memcpya.o)
    0x08006154   0x0000014e   Code   RO         1211    .text               mf_w.l(dadd.o)
    0x080062a2   0x000000e4   Code   RO         1213    .text               mf_w.l(dmul.o)
    0x08006386   0x000000de   Code   RO         1215    .text               mf_w.l(ddiv.o)
    0x08006464   0x00000022   Code   RO         1217    .text               mf_w.l(dflti.o)
    0x08006486   0x00000026   Code   RO         1219    .text               mf_w.l(f2d.o)
    0x080064ac   0x00000038   Code   RO         1221    .text               mf_w.l(d2f.o)
    0x080064e4   0x0000002c   Code   RO         1265    .text               mc_w.l(uidiv.o)
    0x08006510   0x00000062   Code   RO         1267    .text               mc_w.l(uldiv.o)
    0x08006572   0x0000001e   Code   RO         1269    .text               mc_w.l(llshl.o)
    0x08006590   0x00000024   Code   RO         1271    .text               mc_w.l(llsshr.o)
    0x080065b4   0x00000000   Code   RO         1280    .text               mc_w.l(iusefp.o)
    0x080065b4   0x0000006c   Code   RO         1281    .text               mf_w.l(fepilogue.o)
    0x08006620   0x000000be   Code   RO         1283    .text               mf_w.l(depilogue.o)
    0x080066de   0x000000a2   Code   RO         1287    .text               mf_w.l(dsqrt.o)
    0x08006780   0x00000030   Code   RO         1289    .text               mf_w.l(dfixul.o)
    0x080067b0   0x00000028   Code   RO         1293    .text               mf_w.l(cdrcmple.o)
    0x080067d8   0x00000024   Code   RO         1295    .text               mc_w.l(init.o)
    0x080067fc   0x00000020   Code   RO         1297    .text               mc_w.l(llushr.o)
    0x0800681c   0x00000020   Code   RO         1183    i.__0printf         mc_w.l(printfa.o)
    0x0800683c   0x00000028   Code   RO         1185    i.__0sprintf        mc_w.l(printfa.o)
    0x08006864   0x00000030   Code   RO         1245    i.__ARM_fpclassify  m_wm.l(fpclassify.o)
    0x08006894   0x00000004   PAD
    0x08006898   0x00000370   Code   RO          903    i.__hardfp_asin     m_wm.l(asin.o)
    0x08006c08   0x000002e8   Code   RO         1223    i.__hardfp_atan     m_wm.l(atan.o)
    0x08006ef0   0x000001e0   Code   RO          917    i.__hardfp_atan2    m_wm.l(atan2.o)
    0x080070d0   0x0000007a   Code   RO          929    i.__hardfp_sqrt     m_wm.l(sqrt.o)
    0x0800714a   0x000000f8   Code   RO         1247    i.__kernel_poly     m_wm.l(poly.o)
    0x08007242   0x00000006   PAD
    0x08007248   0x00000020   Code   RO         1237    i.__mathlib_dbl_underflow  m_wm.l(dunder.o)
    0x08007268   0x0000000e   Code   RO         1301    i.__scatterload_copy  mc_w.l(handlers.o)
    0x08007276   0x00000002   Code   RO         1302    i.__scatterload_null  mc_w.l(handlers.o)
    0x08007278   0x0000000e   Code   RO         1303    i.__scatterload_zeroinit  mc_w.l(handlers.o)
    0x08007286   0x00000002   PAD
    0x08007288   0x0000000c   Code   RO         1275    i.__set_errno       mc_w.l(errno.o)
    0x08007294   0x0000015c   Code   RO         1190    i._fp_digits        mc_w.l(printfa.o)
    0x080073f0   0x000006f0   Code   RO         1191    i._printf_core      mc_w.l(printfa.o)
    0x08007ae0   0x00000026   Code   RO         1192    i._printf_post_padding  mc_w.l(printfa.o)
    0x08007b06   0x00000030   Code   RO         1193    i._printf_pre_padding  mc_w.l(printfa.o)
    0x08007b36   0x0000000a   Code   RO         1195    i._sputc            mc_w.l(printfa.o)
    0x08007b40   0x00000010   Code   RO         1225    i.atan              m_wm.l(atan.o)
    0x08007b50   0x00000020   Code   RO         1241    i.fabs              m_wm.l(fabs.o)
    0x08007b70   0x0000006e   Code   RO          931    i.sqrt              m_wm.l(sqrt.o)
    0x08007bde   0x00000002   PAD
    0x08007be0   0x00000050   Data   RO          906    .constdata          m_wm.l(asin.o)
    0x08007c30   0x00000098   Data   RO         1226    .constdata          m_wm.l(atan.o)
    0x08007cc8   0x00000008   Data   RO         1249    .constdata          m_wm.l(qnan.o)
    0x08007cd0   0x00000020   Data   RO         1299    Region$$Table       anon$$obj.o


    Execution Region RW_IRAM1 (Base: 0x20000000, Size: 0x00000750, Max: 0x00020000, ABSOLUTE)

    Base Addr    Size         Type   Attr      Idx    E Section Name        Object

    0x20000000   0x0000001e   Data   RW          370    .data               can1.o
    0x2000001e   0x0000001e   Data   RW          394    .data               can2.o
    0x2000003c   0x00000001   Data   RW          443    .data               usart3.o
    0x2000003d   0x00000003   PAD
    0x20000040   0x00000010   Data   RW          534    .data               chassis_control.o
    0x20000050   0x00000010   Data   RW          617    .data               stm32f4xx_rcc.o
    0x20000060   0x00000014   Data   RW          759    .data               system_stm32f4xx.o
    0x20000074   0x0000000c   Data   RW          813    .data               mpu6050_driver.o
    0x20000080   0x00000030   Data   RW          880    .data               mpu6050_process.o
    0x200000b0   0x00000004   Data   RW         1264    .data               mc_w.l(stdout.o)
    0x200000b4   0x00000004   Data   RW         1276    .data               mc_w.l(errno.o)
    0x200000b8   0x00000020   Zero   RW            4    .bss                main.o
    0x200000d8   0x00000190   Zero   RW          369    .bss                can1.o
    0x20000268   0x00000010   Zero   RW          393    .bss                can2.o
    0x20000278   0x00000012   Zero   RW          420    .bss                usart2.o
    0x2000028a   0x00000028   Zero   RW          511    .bss                usart1.o
    0x200002b2   0x00000002   PAD
    0x200002b4   0x00000038   Zero   RW          812    .bss                mpu6050_driver.o
    0x200002ec   0x00000060   Zero   RW          879    .bss                mpu6050_process.o
    0x2000034c   0x00000004   PAD
    0x20000350   0x00000400   Zero   RW          782    STACK               startup_stm32f4xx.o


==============================================================================

Image component sizes


      Code (inc. data)   RO Data    RW Data    ZI Data      Debug   Object Name

       820         64          0         30        400       2964   can1.o
      3728        368          0         30         16       9256   can2.o
       756         22          0         16          0       2515   chassis_control.o
       290          0          0          0          0       1277   dbus.o
        54          0          0          0          0        780   delay.o
        64          6          0          0          0        504   led.o
       324         36          0          0         32     272602   main.o
       224         20          0          0          0       1821   misc.o
      2228        576          0         12         56       4183   mpu6050_driver.o
       980         90          0          0          0       3811   mpu6050_i2c.o
       296         12          0          0          0       1004   mpu6050_interrupt.o
      2552        176          0         48         96       2858   mpu6050_process.o
       228         10          0          0          0        652   pwm.o
        36          8        392          0       1024        824   startup_stm32f4xx.o
      2544         38          0          0          0       7972   stm32f4xx_can.o
       936         32          0          0          0       6297   stm32f4xx_dma.o
       284         10          0          0          0       2299   stm32f4xx_exti.o
       604         36          0          0          0       4069   stm32f4xx_gpio.o
        24          0          0          0          0     280814   stm32f4xx_it.o
      1416         48          0         16          0      10951   stm32f4xx_rcc.o
       140         12          0          0          0       1679   stm32f4xx_syscfg.o
      3234         60          0          0          0      22300   stm32f4xx_tim.o
      1050         26          0          0          0       7772   stm32f4xx_usart.o
       528         46          0         20          0       1851   system_stm32f4xx.o
       140         10          0          0          0        788   timer.o
       332         36          0          0         40       1328   usart1.o
       320         34          0          0         18       1340   usart2.o
       328         12          0          1          0       1963   usart3.o

    ----------------------------------------------------------------------
     24468       1788        424        176       1688     656474   Object Totals
         0          0         32          0          0          0   (incl. Generated)
         8          0          0          3          6          0   (incl. Padding)

    ----------------------------------------------------------------------

      Code (inc. data)   RO Data    RW Data    ZI Data      Debug   Library Member Name

       880        106         80          0          0        200   asin.o
       760        108        152          0          0        344   atan.o
       480         64          0          0          0        156   atan2.o
        32          8          0          0          0        124   dunder.o
        32          0          0          0          0        124   fabs.o
        48          0          0          0          0        124   fpclassify.o
       248          0          0          0          0        152   poly.o
         0          0          8          0          0          0   qnan.o
       232          0          0          0          0        296   sqrt.o
         0          0          0          0          0          0   entry.o
         0          0          0          0          0          0   entry10a.o
         0          0          0          0          0          0   entry11a.o
         8          4          0          0          0          0   entry2.o
         4          0          0          0          0          0   entry5.o
         0          0          0          0          0          0   entry7b.o
         0          0          0          0          0          0   entry8b.o
         8          4          0          0          0          0   entry9a.o
        12          6          0          4          0         68   errno.o
        30          0          0          0          0          0   handlers.o
        36          8          0          0          0         68   init.o
         0          0          0          0          0          0   iusefp.o
        30          0          0          0          0         68   llshl.o
        36          0          0          0          0         68   llsshr.o
        32          0          0          0          0         68   llushr.o
        36          0          0          0          0         68   memcpya.o
      2292         96          0          0          0        596   printfa.o
         0          0          0          4          0          0   stdout.o
        44          0          0          0          0         80   uidiv.o
        98          0          0          0          0         92   uldiv.o
        40          2          0          0          0         68   cdrcmple.o
        56          0          0          0          0         88   d2f.o
       334          0          0          0          0        148   dadd.o
       222          0          0          0          0        100   ddiv.o
       190          0          0          0          0        176   depilogue.o
        48          0          0          0          0         68   dfixul.o
        34          0          0          0          0         76   dflti.o
       228          0          0          0          0         96   dmul.o
       162          0          0          0          0        100   dsqrt.o
        38          0          0          0          0         68   f2d.o
       108          0          0          0          0        168   fepilogue.o

    ----------------------------------------------------------------------
      6852        406        240          8          0       3852   Library Totals
        14          0          0          0          0          0   (incl. Padding)

    ----------------------------------------------------------------------

      Code (inc. data)   RO Data    RW Data    ZI Data      Debug   Library Name

      2712        286        240          0          0       1520   m_wm.l
      2666        118          0          8          0       1176   mc_w.l
      1460          2          0          0          0       1156   mf_w.l

    ----------------------------------------------------------------------
      6852        406        240          8          0       3852   Library Totals

    ----------------------------------------------------------------------

==============================================================================


      Code (inc. data)   RO Data    RW Data    ZI Data      Debug   

     31320       2194        664        184       1688     653430   Grand Totals
     31320       2194        664        184       1688     653430   ELF Image Totals
     31320       2194        664        184          0          0   ROM Totals

==============================================================================

    Total RO  Size (Code + RO Data)                31984 (  31.23kB)
    Total RW  Size (RW Data + ZI Data)              1872 (   1.83kB)
    Total ROM Size (Code + RO Data + RW Data)      32168 (  31.41kB)

==============================================================================

